12-20 00:12:38.140  1000  2130  2438 I am_cpu  : [2781,0,kworker/2:30-events,0,0,0]
12-20 00:12:38.140  1000  2130  2438 I am_cpu  : [2782,0,kworker/2:31-events,0,0,0]
12-20 00:12:38.140  1000  2130  2438 I am_cpu  : [2783,0,kworker/2:32-events,0,0,0]
12-20 00:12:38.140  1000  2130  2438 I am_cpu  : [2784,0,kworker/2:33-events,0,0,0]
12-20 00:12:38.140  1000  2130  2438 I am_cpu  : [2785,0,kworker/2:34-events,0,0,0]
12-20 00:12:38.140  1000  2130  2438 I am_cpu  : [2786,0,kworker/2:35-events,0,0,0]
12-20 00:12:38.140  1000  2130  2438 I am_cpu  : [2788,0,kworker/2:36-events,0,0,0]
12-20 00:12:38.140  1000  2130  2438 I am_cpu  : [2789,0,kworker/2:37-events,0,0,0]
12-20 00:12:38.140  1000  2130  2438 I am_cpu  : [2790,0,kworker/2:38-events,0,0,0]
12-20 00:12:38.140  1000  2130  2438 I am_cpu  : [2791,0,kworker/2:39-events,0,0,0]
12-20 00:12:38.140  1000  2130  2438 I am_cpu  : [2792,0,kworker/2:40-events,0,0,0]
12-20 00:12:38.140  1000  2130  2438 I am_cpu  : [2793,0,kworker/2:41-events,0,0,0]
12-20 00:12:38.140  1000  2130  2438 I am_cpu  : [2794,0,kworker/2:42-events,0,0,0]
12-20 00:12:38.140  1000  2130  2438 I am_cpu  : [2795,0,kworker/2:43-events,0,0,0]
12-20 00:12:38.140  1000  2130  2438 I am_cpu  : [2796,0,kworker/2:44-events,0,0,0]
12-20 00:12:38.140  1000  2130  2438 I am_cpu  : [2799,0,kworker/2:45-events,0,0,0]
12-20 00:12:38.140  1000  2130  2438 I am_cpu  : [2800,0,kworker/2:46-events,0,0,0]
12-20 00:12:38.140  1000  2130  2438 I am_cpu  : [2801,0,kworker/2:47-events,0,0,0]
12-20 00:12:38.140  1000  2130  2438 I am_cpu  : [2802,0,kworker/2:48-events,0,0,0]
12-20 00:12:38.140  1000  2130  2438 I am_cpu  : [2803,0,kworker/2:49-events,0,0,0]
12-20 00:12:38.140  1000  2130  2438 I am_cpu  : [2805,0,kworker/2:50-events,0,0,0]
12-20 00:12:38.140  1000  2130  2438 I am_cpu  : [2806,0,kworker/2:51-events,0,0,0]
12-20 00:12:38.140  1000  2130  2438 I am_cpu  : [2807,0,kworker/2:52-events,0,0,0]
12-20 00:12:38.140  1000  2130  2438 I am_cpu  : [2808,0,kworker/2:53-events,0,0,0]
12-20 00:12:38.140  1000  2130  2438 I am_cpu  : [2809,0,kworker/2:54-events,0,0,0]
12-20 00:12:38.140  1000  2130  2438 I am_cpu  : [2811,0,kworker/2:55-events,0,0,0]
12-20 00:12:38.140  1000  2130  2438 I am_cpu  : [2812,0,kworker/2:56-events,0,0,0]
12-20 00:12:38.140  1000  2130  2438 I am_cpu  : [2813,0,kworker/2:57-events,0,0,0]
12-20 00:12:38.140  1000  2130  2438 I am_cpu  : [2819,0,kworker/3:7-events,0,0,0]
12-20 00:12:38.140  1000  2130  2438 I am_cpu  : [2820,0,kworker/3:8-events,0,0,0]
12-20 00:12:38.140  1000  2130  2438 I am_cpu  : [2821,0,kworker/3:9-events,0,0,0]
12-20 00:12:38.140  1000  2130  2438 I am_cpu  : [2822,0,kworker/3:10-events,0,0,0]
12-20 00:12:38.140  1000  2130  2438 I am_cpu  : [2823,0,kworker/3:11-events,0,0,0]
12-20 00:12:38.140  1000  2130  2438 I am_cpu  : [2824,0,kworker/3:12-events,0,0,0]
12-20 00:12:38.140  1000  2130  2438 I am_cpu  : [2825,0,kworker/3:13-events,0,0,0]
12-20 00:12:38.140  1000  2130  2438 I am_cpu  : [2826,0,kworker/3:14-events,0,0,0]
12-20 00:12:38.140  1000  2130  2438 I am_cpu  : [2827,0,kworker/3:15-events,0,0,0]
12-20 00:12:38.140  1000  2130  2438 I am_cpu  : [2828,0,kworker/3:16-events,0,0,0]
12-20 00:12:38.140  1000  2130  2438 I am_cpu  : [2829,0,kworker/3:17-events,0,0,0]
12-20 00:12:38.140  1000  2130  2438 I am_cpu  : [2830,0,kworker/3:18-events,0,0,0]
12-20 00:12:38.140  1000  2130  2438 I am_cpu  : [2831,0,kworker/3:19-events,0,0,0]
12-20 00:12:38.140  1000  2130  2438 I am_cpu  : [2832,0,kworker/3:20-events,0,0,0]
12-20 00:12:38.140  1000  2130  2438 I am_cpu  : [2833,0,kworker/3:21-events,0,0,0]
12-20 00:12:38.140  1000  2130  2438 I am_cpu  : [2834,0,kworker/3:22-events,0,0,0]
12-20 00:12:38.140  1000  2130  2438 I am_cpu  : [2835,0,kworker/3:23-events,0,0,0]
12-20 00:12:38.140  1000  2130  2438 I am_cpu  : [2836,0,kworker/3:24-events,0,0,0]
12-20 00:12:38.140  1000  2130  2438 I am_cpu  : [2837,0,kworker/3:25-events,0,0,0]
12-20 00:12:38.140  1000  2130  2438 I am_cpu  : [2838,0,kworker/3:26-events,0,0,0]
12-20 00:12:38.140  1000  2130  2438 I am_cpu  : [2839,0,kworker/3:27-events,0,0,0]
12-20 00:12:38.140  1000  2130  2438 I am_cpu  : [2840,0,kworker/3:28-events,0,0,0]
12-20 00:12:38.140  1000  2130  2438 I am_cpu  : [2841,0,kworker/3:29-events,0,0,0]
12-20 00:12:38.140  1000  2130  2438 I am_cpu  : [2842,0,kworker/3:30-events,0,0,0]
12-20 00:12:38.140  1000  2130  2438 I am_cpu  : [2843,0,kworker/3:31-events,0,0,0]
12-20 00:12:38.140  1000  2130  2438 I am_cpu  : [2844,0,kworker/3:32-events,0,0,0]
12-20 00:12:38.140  1000  2130  2438 I am_cpu  : [2845,0,kworker/3:33-events,0,0,0]
12-20 00:12:38.140  1000  2130  2438 I am_cpu  : [2846,0,kworker/3:34-events,0,0,0]
12-20 00:12:38.140  1000  2130  2438 I am_cpu  : [2847,0,kworker/3:35-events,0,0,0]
12-20 00:12:38.140  1000  2130  2438 I am_cpu  : [2848,0,kworker/3:36-events,0,0,0]
12-20 00:12:38.140  1000  2130  2438 I am_cpu  : [2849,0,kworker/3:37-events,0,0,0]
12-20 00:12:38.140  1000  2130  2438 I am_cpu  : [2850,0,kworker/3:38-events,0,0,0]
12-20 00:12:38.140  1000  2130  2438 I am_cpu  : [2851,0,kworker/3:39-events,0,0,0]
12-20 00:12:38.140  1000  2130  2438 I am_cpu  : [2852,0,kworker/3:40-events,0,0,0]
12-20 00:12:38.140  1000  2130  2438 I am_cpu  : [2853,0,kworker/3:41-events,0,0,0]
12-20 00:12:38.140  1000  2130  2438 I am_cpu  : [2854,0,kworker/3:42-events,0,0,0]
12-20 00:12:38.140  1000  2130  2438 I am_cpu  : [2855,0,kworker/3:43-events,0,0,0]
12-20 00:12:38.140  1000  2130  2438 I am_cpu  : [2856,0,kworker/3:44-events,0,0,0]
12-20 00:12:38.140  1000  2130  2438 I am_cpu  : [2857,0,kworker/3:45-events,0,0,0]
12-20 00:12:38.140  1000  2130  2438 I am_cpu  : [2858,0,kworker/3:46-events,0,0,0]
12-20 00:12:38.140  1000  2130  2438 I am_cpu  : [2859,0,kworker/3:47-events,0,0,0]
12-20 00:12:38.141  1000  2130  2438 I am_cpu  : [2860,0,kworker/3:48-events,0,0,0]
12-20 00:12:38.141  1000  2130  2438 I am_cpu  : [2861,0,kworker/3:49-events,0,0,0]
12-20 00:12:38.141  1000  2130  2438 I am_cpu  : [2862,0,kworker/3:50-events,0,0,0]
12-20 00:12:38.141  1000  2130  2438 I am_cpu  : [2863,0,kworker/3:51-events,0,0,0]
12-20 00:12:38.141  1000  2130  2438 I am_cpu  : [2864,0,kworker/3:52-events,0,0,0]
12-20 00:12:38.141  1000  2130  2438 I am_cpu  : [2865,0,kworker/3:53-events,0,0,0]
12-20 00:12:38.141  1000  2130  2438 I am_cpu  : [2866,0,kworker/3:54-events,0,0,0]
12-20 00:12:38.141  1000  2130  2438 I am_cpu  : [2867,0,kworker/3:55-events,0,0,0]
12-20 00:12:38.141  1000  2130  2438 I am_cpu  : [2868,0,kworker/3:56-pm,0,0,0]
12-20 00:12:38.141  1000  2130  2438 I am_cpu  : [2871,0,kworker/3:57,0,0,0]
12-20 00:12:38.141  1000  2130  2438 I am_cpu  : [3105,0,sleep,0,0,0]
12-20 00:12:38.141  1000  2130  2438 I am_cpu  : [3108,0,sleep,0,0,0]
12-20 00:12:38.144  1000  2130  2130 I commit_sys_config_file: [package-session,1]
12-20 00:12:38.161  1000  2130  2130 I rescue_note: [0,1,13251]
12-20 00:12:38.282  1000  2130  2438 I commit_sys_config_file: [batterystats,2]
12-20 00:12:38.283  1000  2130  2438 I commit_sys_config_file: [batterystats,0]
12-20 00:12:38.364  1000  2130  2130 I boot_progress_ams_ready: 13454
12-20 00:12:38.367  1000  2130  2130 I configuration_changed: 268476676
12-20 00:12:38.380  1000  2130  2130 I thermal_changed: [TPU,9,59.000004,0,0]
12-20 00:12:38.380  1000  2130  2130 I thermal_changed: [G3D,1,58.000004,0,0]
12-20 00:12:38.380  1000  2130  2130 I thermal_changed: [BIG,0,93.000008,0,0]
12-20 00:12:38.380  1000  2130  2130 I thermal_changed: [LITTLE,0,83.000008,0,0]
12-20 00:12:38.380  1000  2130  2130 I thermal_changed: [VIRTUAL-USB-UI,4,0.000000,0,0]
12-20 00:12:38.380  1000  2130  2130 I thermal_changed: [MID,0,81.000008,0,0]
12-20 00:12:38.380  1000  2130  2130 I thermal_changed: [neutral_therm,-1,31.661001,0,0]
12-20 00:12:38.380  1000  2130  2130 I thermal_changed: [cellular-emergency,5,32.656158,0,0]
12-20 00:12:38.380  1000  2130  2130 I thermal_changed: [gnss_tcxo_therm,-1,36.380001,0,0]
12-20 00:12:38.380  1000  2130  2130 I thermal_changed: [VIRTUAL-SKIN,3,32.656158,0,0]
12-20 00:12:38.380  1000  2130  2130 I thermal_changed: [disp_therm,-1,31.060001,0,0]
12-20 00:12:38.380  1000  2130  2130 I thermal_changed: [qi_therm,-1,36.692001,0,0]
12-20 00:12:38.380  1000  2130  2130 I thermal_changed: [quiet_therm,-1,30.859001,0,0]
12-20 00:12:38.380  1000  2130  2130 I thermal_changed: [usb_pwr_therm2,-1,31.661001,0,0]
12-20 00:12:38.380  1000  2130  2130 I thermal_changed: [usb_pwr_therm,-1,31.639002,0,0]
12-20 00:12:38.380  1000  2130  2130 I thermal_changed: [battery,2,31.200001,0,0]
12-20 00:12:38.393  root     0     0 I trusty  : [GF_TA][I][gf_fpcore_common][fpcore_load_finger_template] sync data to backup object(finger_0_0_bak.so) success
12-20 00:12:38.397  root     0     0 I trusty  : [GF_TA][I][gf_fpcore_common][fpcore_load_finger_template_extra_info] sync data to backup object(finger_extra_info_0_0_bak.so) success
12-20 00:12:38.727  1000  2130  2901 I snet_event_log: [35028827,-1,account:Account {name=nizametdinov@gmail.com, type=com.google} provider:subscribedfeeds user:0]
12-20 00:12:38.727  1000  2130  2901 I snet_event_log: [26513719,-1,Malformed authority]
12-20 00:12:38.735  1000  2130  2901 I commit_sys_config_file: [settings-0-0,3]
12-20 00:12:38.738  1000  2130  2420 I configuration_changed: 256
12-20 00:12:38.777  1000  2130  2130 I am_uid_running: 10231
12-20 00:12:38.789  1000  2130  2429 I am_proc_start: [0,3143,10231,com.android.systemui,service,{com.android.systemui/com.android.systemui.wallpapers.ImageWallpaper}]
12-20 00:12:38.943  root     0     0 I trusty  : [GF_TA][I][gf_fpcore_common][fpcore_load_finger_template] sync data to backup object(finger_0_1_bak.so) success
12-20 00:12:38.949  root     0     0 I trusty  : [GF_TA][I][gf_fpcore_common][fpcore_load_finger_template_extra_info] sync data to backup object(finger_extra_info_0_1_bak.so) success
12-20 00:12:38.976  1000  2130  2994 I commit_sys_config_file: [net-policy,1]
12-20 00:12:38.990  1000  2130  2901 I commit_sys_config_file: [settings-0-0,3]
12-20 00:12:39.012  1000  2130  2387 I am_uid_running: 1037
12-20 00:12:39.101  1000  2130  2429 I am_proc_start: [0,3186,1037,WebViewLoader-armeabi-v7a,,]
12-20 00:12:39.118  1000  2130  2429 I am_proc_start: [0,3189,1037,WebViewLoader-arm64-v8a,,]
12-20 00:12:39.147  1000  2130  2523 I am_proc_bound: [0,3189,WebViewLoader-arm64-v8a]
12-20 00:12:39.151  1000  2130  2523 I am_uid_active: 1037
12-20 00:12:39.152  1000  2130  2384 I am_proc_bound: [0,3186,WebViewLoader-armeabi-v7a]
12-20 00:12:39.202  1000  2130  2992 I netstats_mobile_sample: [0,0,0,0,0,0,0,0,1766185959202]
12-20 00:12:39.202  1000  2130  2992 I netstats_wifi_sample: [0,0,0,0,0,0,0,0,1766185959202]
12-20 00:12:39.206  1000  2130  2992 I netstats_mobile_sample: [0,0,0,0,0,0,0,0,1766185959206]
12-20 00:12:39.206  1000  2130  2992 I netstats_wifi_sample: [0,0,0,0,0,0,0,0,1766185959206]
12-20 00:12:39.287  1000  2130  2384 I am_proc_died: [0,3189,WebViewLoader-arm64-v8a,-700,0]
12-20 00:12:39.289  1000  2130  2384 I am_low_memory: 2
12-20 00:12:39.291  1000  2130  2384 I am_proc_died: [0,3186,WebViewLoader-armeabi-v7a,-700,0]
12-20 00:12:39.291  1000  2130  2384 I am_uid_stopped: 1037
12-20 00:12:39.292  1000  2130  2384 I am_low_memory: 1
12-20 00:12:39.424  1000  2130  2130 I am_uid_running: 10506
12-20 00:12:39.437  1000  2130  2429 I am_proc_start: [0,3238,10506,com.mnn.lw.COS16,service,{com.mnn.lw.COS16/com.androradar.f7brown1.LiveWallpaperService}]
12-20 00:12:39.507  1000  2130  2901 I commit_sys_config_file: [settings-0-0,14]
12-20 00:12:39.579  1000  2130  2427 I netstats_mobile_sample: [0,0,0,0,0,0,0,0,1766185959579]
12-20 00:12:39.579  1000  2130  2427 I netstats_wifi_sample: [0,0,0,0,0,0,0,0,1766185959579]
12-20 00:12:39.587  1000  2130  2130 I am_uid_running: 1073
12-20 00:12:39.598  root     0     0 I trusty  : [GF_TA][I][gf_fpcore_common][fpcore_load_finger_template] sync data to backup object(finger_0_2_bak.so) success
12-20 00:12:39.606  root     0     0 I trusty  : [GF_TA][I][gf_fpcore_common][fpcore_load_finger_template_extra_info] sync data to backup object(finger_extra_info_0_2_bak.so) success
12-20 00:12:39.600  1000  2130  2429 I am_proc_start: [0,3269,1073,com.android.networkstack.process,service,{com.google.android.networkstack/com.android.server.NetworkStackService}]
12-20 00:12:39.627  1000  2130  2130 I ssm_user_starting: 0
12-20 00:12:39.633  1000  2130  2924 I commit_sys_config_file: [supervision,3]
12-20 00:12:39.640  1000  2130  2959 I am_uid_running: 1002
12-20 00:12:39.654  1000  2130  2429 I am_proc_start: [0,3286,1002,com.google.android.bluetooth,service,{com.google.android.bluetooth/com.android.bluetooth.btservice.AdapterService}]
--------- beginning of system
12-20 00:12:39.659  1000  2130  2130 V StorageManagerService: Package com.google.android.health.connect.backuprestore does not have legacy storage
12-20 00:12:39.659  1000  2130  2130 V StorageManagerService: Package com.nxdxfg.GoldenVipHook does not have legacy storage
12-20 00:12:39.659  1000  2130  2130 V StorageManagerService: Package com.android.systemui.auto_generated_rro_product__ does not have legacy storage
12-20 00:12:39.659  1000  2130  2130 V StorageManagerService: Package com.google.android.apps.messaging does not have legacy storage
12-20 00:12:39.659  1000  2130  2130 V StorageManagerService: Package au.com.shiftyjelly.pocketcasts does not have legacy storage
12-20 00:12:39.659  1000  2130  2130 V StorageManagerService: Package com.google.android.soundpicker does not have legacy storage
12-20 00:12:39.659  1000  2130  2130 V StorageManagerService: Package com.google.android.systemui.overlay.pixelbatteryhealthconfig does not have legacy storage
12-20 00:12:39.659  1000  2130  2130 V StorageManagerService: Package org.chromium.webapk.aed708d63015ae994_v2 does not have legacy storage
12-20 00:12:39.659  1000  2130  2130 V StorageManagerService: Package com.machiav3lli.backup does not have legacy storage
12-20 00:12:39.659  1000  2130  2130 V StorageManagerService: Package com.discord does not have legacy storage
12-20 00:12:39.659  1000  2130  2130 V StorageManagerService: Package com.android.hbmsvmanager.auto_generated_rro_product__ does not have legacy storage
12-20 00:12:39.660  1000  2130  2130 V StorageManagerService: Package nl.negentwee does not have legacy storage
12-20 00:12:39.660  1000  2130  2130 V StorageManagerService: Package com.openai.chatgpt does not have legacy storage
12-20 00:12:39.660  1000  2130  2130 V StorageManagerService: Package android.autoinstalls.config.google.nexus does not have legacy storage
12-20 00:12:39.660  1000  2130  2130 V StorageManagerService: Package ru.radioultra.player does not have legacy storage
12-20 00:12:39.660  1000  2130  2130 V StorageManagerService: Package com.tippingcanoe.peppernl does not have legacy storage
12-20 00:12:39.660  1000  2130  2130 V StorageManagerService: Package t7feoutts3yskb5m9.r1us0yvyvm3vr.eclkn677adx0 does not have legacy storage
12-20 00:12:39.660  1000  2130  2130 V StorageManagerService: Package com.duolingo does not have legacy storage
12-20 00:12:39.660  1000  2130  2130 V StorageManagerService: Package com.google.android.verifier does not have legacy storage
12-20 00:12:39.660  1000  2130  2130 V StorageManagerService: Package com.google.android.apps.photos.scanner does not have legacy storage
12-20 00:12:39.660  1000  2130  2130 V StorageManagerService: Package com.android.multiuser does not have legacy storage
12-20 00:12:39.660  1000  2130  2130 V StorageManagerService: Package com.google.pixel.camera.services has legacy storage
12-20 00:12:39.660  1000  2130  2130 V StorageManagerService: Package com.google.android.apps.scone.overlays does not have legacy storage
12-20 00:12:39.660  1000  2130  2130 V StorageManagerService: Package com.google.android.configupdater does not have legacy storage
12-20 00:12:39.661  1000  2130  2130 V StorageManagerService: Package com.google.android.providers.media.module does not have legacy storage
12-20 00:12:39.661  1000  2130  2130 V StorageManagerService: Package com.android.systemui.clocks.bignum does not have legacy storage
12-20 00:12:39.661  1000  2130  2130 V StorageManagerService: Package com.github.android does not have legacy storage
12-20 00:12:39.661  1000  2130  2130 V StorageManagerService: Package com.wordsalad.app does not have legacy storage
12-20 00:12:39.661  1000  2130  2130 V StorageManagerService: Package ru.fourpda.client does not have legacy storage
12-20 00:12:39.661  1000  2130  2130 V StorageManagerService: Package com.google.android.overlay.udfpsoverlay does not have legacy storage
12-20 00:12:39.661  1000  2130  2130 V StorageManagerService: Package com.google.android.wifi.resources.pixel does not have legacy storage
12-20 00:12:39.661  1000  2130  2130 V StorageManagerService: Package nl.dominos.android does not have legacy storage
12-20 00:12:39.661  1000  2130  2130 V StorageManagerService: Package moe.shizuku.privileged.api does not have legacy storage
12-20 00:12:39.661  1000  2130  2130 V StorageManagerService: Package com.google.android.overlay.googlewebview does not have legacy storage
12-20 00:12:39.661  1000  2130  2130 V StorageManagerService: Package com.google.android.apps.safetyhub does not have legacy storage
12-20 00:12:39.661  1000  2130  2130 V StorageManagerService: Package com.google.android.factoryota does not have legacy storage
12-20 00:12:39.661  1000  2130  2130 V StorageManagerService: Package io.anytype.app does not have legacy storage
12-20 00:12:39.661  1000  2130  2130 V StorageManagerService: Package com.android.healthconnect.overlay does not have legacy storage
12-20 00:12:39.662  1000  2130  2130 V StorageManagerService: Package com.android.systemui.plugin.globalactions.wallet does not have legacy storage
12-20 00:12:39.662  1000  2130  2130 V StorageManagerService: Package com.adobe.spark.post.beta does not have legacy storage
12-20 00:12:39.662  1000  2130  2130 V StorageManagerService: Package com.google.ar.core does not have legacy storage
12-20 00:12:39.662  1000  2130  2130 V StorageManagerService: Package com.google.ar.lens does not have legacy storage
12-20 00:12:39.662  1000  2130  2130 V StorageManagerService: Package com.google.android.apps.emojiwallpaper does not have legacy storage
12-20 00:12:39.662  1000  2130  2130 V StorageManagerService: Package com.android.providers.downloads.ui does not have legacy storage
12-20 00:12:39.662  1000  2130  2130 V StorageManagerService: Package com.google.android.hotspot2.osulogin does not have legacy storage
12-20 00:12:39.662  1000  2130  2130 V StorageManagerService: Package com.brouken.player does not have legacy storage
12-20 00:12:39.662  1000  2130  2130 V StorageManagerService: Package com.android.vending does not have legacy storage
12-20 00:12:39.662  1000  2130  2130 V StorageManagerService: Package com.android.pacprocessor does not have legacy storage
12-20 00:12:39.662  1000  2130  2130 V StorageManagerService: Package com.android.simappdialog does not have legacy storage
12-20 00:12:39.662  1000  2130  2130 V StorageManagerService: Package de.saschawillems.vulkancapsviewer does not have legacy storage
12-20 00:12:39.662  1000  2130  2130 V StorageManagerService: Package com.android.cellbroadcastreceiver.overlay.pixel does not have legacy storage
12-20 00:12:39.662  1000  2130  2130 V StorageManagerService: Package com.autouncle.autouncle does not have legacy storage
12-20 00:12:39.662  1000  2130  2130 V StorageManagerService: Package com.google.android.adservices.api does not have legacy storage
12-20 00:12:39.662  1000  2130  2130 V StorageManagerService: Package ru.mike.telegramtweaks does not have legacy storage
12-20 00:12:39.662  1000  2130  2130 V StorageManagerService: Package com.android.systemui.clocks.growth does not have legacy storage
12-20 00:12:39.662  1000  2130  2130 V StorageManagerService: Package com.google.android.overlay.pixelconfig2019midyear does not have legacy storage
12-20 00:12:39.662  1000  2130  2130 V StorageManagerService: Package com.android.yadayada does not have legacy storage
12-20 00:12:39.662  1000  2130  2130 V StorageManagerService: Package com.android.internal.display.cutout.emulation.hole does not have legacy storage
12-20 00:12:39.663  1000  2130  2130 V StorageManagerService: Package com.android.internal.display.cutout.emulation.tall does not have legacy storage
12-20 00:12:39.663  1000  2130  2130 V StorageManagerService: Package ru.pepper does not have legacy storage
12-20 00:12:39.663  1000  2130  2130 V StorageManagerService: Package vsxm7ulfa3ds.g92rqjrd.ycedqrw1awyd5fj5ajk8 does not have legacy storage
12-20 00:12:39.663  1000  2130  2130 V StorageManagerService: Package com.android.networkstack.overlay does not have legacy storage
12-20 00:12:39.663  1000  2130  2130 V StorageManagerService: Package com.android.certinstaller does not have legacy storage
12-20 00:12:39.663  1000  2130  2130 V StorageManagerService: Package com.google.android.marvin.talkback does not have legacy storage
12-20 00:12:39.663  1000  2130  2130 V StorageManagerService: Package com.google.android.apps.accessibility.voiceaccess does not have legacy storage
12-20 00:12:39.663  1000  2130  2130 V StorageManagerService: Package com.google.android.connectivity.resources.overlay does not have legacy storage
12-20 00:12:39.663  1000  2130  2130 V StorageManagerService: Package com.reddit.frontpage does not have legacy storage
12-20 00:12:39.663  1000  2130  2130 V StorageManagerService: Package com.android.internal.systemui.navbar.threebutton does not have legacy storage
12-20 00:12:39.663  1000  2130  2130 V StorageManagerService: Package com.google.android.apps.work.oobconfig does not have legacy storage
12-20 00:12:39.663  1000  2130  2130 V StorageManagerService: Package ru.rostel does not have legacy storage
12-20 00:12:39.663  1000  2130  2130 V StorageManagerService: Package ru.vtb24.mobilebanking.android does not have legacy storage
12-20 00:12:39.663  1000  2130  2130 V StorageManagerService: Package nl.mywheels.app does not have legacy storage
12-20 00:12:39.663  1000  2130  2130 V StorageManagerService: Package org.lsposed.manager does not have legacy storage
12-20 00:12:39.663  1000  2130  2130 V StorageManagerService: Package android has legacy storage
12-20 00:12:39.663  1000  2130  2130 V StorageManagerService: Package com.android.hotwordenrollment.xgoogle does not have legacy storage
12-20 00:12:39.663  1000  2130  2130 V StorageManagerService: Package org.kde.kdeconnect_tp does not have legacy storage
12-20 00:12:39.663  1000  2130  2130 V StorageManagerService: Package ru.extreames.unleashedtiktok does not have legacy storage
12-20 00:12:39.663  1000  2130  2130 V StorageManagerService: Package com.google.android.pixel.setupwizard does not have legacy storage
12-20 00:12:39.663  1000  2130  2130 V StorageManagerService: Package com.google.android.apps.credentialmanager does not have legacy storage
12-20 00:12:39.663  1000  2130  2130 V StorageManagerService: Package com.mnn.lw.COS16 does not have legacy storage
12-20 00:12:39.663  1000  2130  2130 V StorageManagerService: Package com.google.android.repairmode has legacy storage
12-20 00:12:39.664  1000  2130  2130 V StorageManagerService: Package io.github.chsbuffer.revancedxposed does not have legacy storage
12-20 00:12:39.664  1000  2130  2130 V StorageManagerService: Package com.google.android.grilservice does not have legacy storage
12-20 00:12:39.664  1000  2130  2130 V StorageManagerService: Package ak.alizandro.smartaudiobookplayer does not have legacy storage
12-20 00:12:39.664  1000  2130  2130 V StorageManagerService: Package org.telegram.messenger.web does not have legacy storage
12-20 00:12:39.664  1000  2130  2130 V StorageManagerService: Package com.studio.duckdetector does not have legacy storage
12-20 00:12:39.664  1000  2130  2130 V StorageManagerService: Package com.google.android.sdksandbox does not have legacy storage
12-20 00:12:39.664  1000  2130  2130 V StorageManagerService: Package com.funda.two does not have legacy storage
12-20 00:12:39.664  1000  2130  2130 V StorageManagerService: Package com.android.egg does not have legacy storage
12-20 00:12:39.664  1000  2130  2130 V StorageManagerService: Package com.android.mtp does not have legacy storage
12-20 00:12:39.664  1000  2130  2130 V StorageManagerService: Package com.android.nfc does not have legacy storage
12-20 00:12:39.664  1000  2130  2130 V StorageManagerService: Package com.android.ons does not have legacy storage
12-20 00:12:39.664  1000  2130  2130 V StorageManagerService: Package com.android.stk does not have legacy storage
12-20 00:12:39.664  1000  2130  2130 V StorageManagerService: Package com.google.android.pixel.avatarpicker does not have legacy storage
12-20 00:12:39.664  1000  2130  2130 V StorageManagerService: Package com.android.backupconfirm does not have legacy storage
12-20 00:12:39.664  wifi  1483  3277 I vendor.google.wifi_ext-service-vendor: Setting min callback version to 3
12-20 00:12:39.664  1000  2130  2130 V StorageManagerService: Package org.citron.citron_emu does not have legacy storage
12-20 00:12:39.664  1000  2130  2130 V StorageManagerService: Package com.ycngmn.nobook does not have legacy storage
12-20 00:12:39.664  1000  2130  2130 V StorageManagerService: Package com.netflix.NGP.FootballManagerMobile does not have legacy storage
12-20 00:12:39.664  1000  2130  2130 V StorageManagerService: Package com.google.tango.measure does not have legacy storage
12-20 00:12:39.664  1000  2130  2130 V StorageManagerService: Package com.android.settings.auto_generated_rro_vendor__ does not have legacy storage
12-20 00:12:39.664  1000  2130  2130 V StorageManagerService: Package com.deepl.mobiletranslator does not have legacy storage
12-20 00:12:39.664  1000  2130  2130 V StorageManagerService: Package org.localsend.localsend_app does not have legacy storage
12-20 00:12:39.664  1000  2130  2130 V StorageManagerService: Package com.android.systemui.auto_generated_rro_vendor__ does not have legacy storage
12-20 00:12:39.664  1000  2130  2130 V StorageManagerService: Package com.samsung.slsi.telephony.oem.oemrilhookservice does not have legacy storage
12-20 00:12:39.664  1000  2130  2130 V StorageManagerService: Package com.alseda.bnbbank does not have legacy storage
12-20 00:12:39.664  1000  2130  2130 V StorageManagerService: Package com.google.android.deskclock does not have legacy storage
12-20 00:12:39.665  1000  2130  2130 V StorageManagerService: Package com.supportware.Buienradar does not have legacy storage
12-20 00:12:39.665  1000  2130  2130 V StorageManagerService: Package com.android.systemui.clocks.numoverlap does not have legacy storage
12-20 00:12:39.665  1000  2130  2130 V StorageManagerService: Package com.google.android.as does not have legacy storage
12-20 00:12:39.665  1000  2130  2130 V StorageManagerService: Package com.google.android.gm does not have legacy storage
12-20 00:12:39.665  1000  2130  2130 V StorageManagerService: Package com.google.android.carrier does not have legacy storage
12-20 00:12:39.665  1000  2130  2130 V StorageManagerService: Package com.google.android.verifier.overlay does not have legacy storage
12-20 00:12:39.665  wifi  1483  3277 I vendor.google.wifi_ext-service-vendor: Setting min callback version to 3
12-20 00:12:39.665  1000  2130  2130 V StorageManagerService: Package com.google.android.apps.tachyon does not have legacy storage
12-20 00:12:39.665  1000  2130  2130 V StorageManagerService: Package com.google.android.apps.dynamite does not have legacy storage
12-20 00:12:39.665  1000  2130  2130 V StorageManagerService: Package com.android.systemui.clocks.weather does not have legacy storage
12-20 00:12:39.665  1000  2130  2130 V StorageManagerService: Package com.google.android.turboadapter does not have legacy storage
12-20 00:12:39.665  1000  2130  2130 V StorageManagerService: Package com.android.systemui.clocks.calligraphy does not have legacy storage
12-20 00:12:39.665  1000  2130  2130 V StorageManagerService: Package com.android.managedprovisioning.overlay does not have legacy storage
12-20 00:12:39.665  1000  2130  2130 V StorageManagerService: Package com.android.systemui.accessibility.accessibilitymenu does not have legacy storage
12-20 00:12:39.665  1000  2130  2130 V StorageManagerService: Package com.android.settings.identitychecksettingsoverlay does not have legacy storage
12-20 00:12:39.665  1000  2130  2130 V StorageManagerService: Package com.google.android.permissioncontroller does not have legacy storage
12-20 00:12:39.665  1000  2130  2130 V StorageManagerService: Package ru.oneme.app does not have legacy storage
12-20 00:12:39.665  1000  2130  2130 V StorageManagerService: Package org.adaway does not have legacy storage
12-20 00:12:39.665  1000  2130  2130 V StorageManagerService: Package ru.vk.store does not have legacy storage
12-20 00:12:39.665  1000  2130  2130 V StorageManagerService: Package com.google.android.setupwizard does not have legacy storage
12-20 00:12:39.665  wifi  1483  3277 E vendor.google.wifi_ext-service-vendor: Failed to get chip capabilities from legacy HAL: NOT_SUPPORTED
12-20 00:12:39.665  1000  2130  2130 V StorageManagerService: Package com.google.android.bluetooth does not have legacy storage
12-20 00:12:39.665  1000  2130  2130 V StorageManagerService: Package nl.concepteurs.debouwapp does not have legacy storage
12-20 00:12:39.665  1000  2130  2130 V StorageManagerService: Package com.android.providers.settings has legacy storage
12-20 00:12:39.665  1000  2130  2130 V StorageManagerService: Package com.google.android.networkstack.tethering.overlay2021 does not have legacy storage
12-20 00:12:39.666  1000  2130  2130 V StorageManagerService: Package com.android.sharedstoragebackup does not have legacy storage
12-20 00:12:39.666  1000  2130  2130 V StorageManagerService: Package com.verizon.services does not have legacy storage
12-20 00:12:39.666  1000  2130  2130 V StorageManagerService: Package com.google.android.euicc does not have legacy storage
12-20 00:12:39.666  1000  2130  2130 V StorageManagerService: Package com.google.android.apps.magicportrait does not have legacy storage
12-20 00:12:39.666  1000  2130  2130 V StorageManagerService: Package com.google.android.iwlan has legacy storage
12-20 00:12:39.666  1000  2130  2130 V StorageManagerService: Package com.aefyr.sai does not have legacy storage
12-20 00:12:39.666  1000  2130  2130 V StorageManagerService: Package com.android.printspooler does not have legacy storage
12-20 00:12:39.666  1000  2130  2130 V StorageManagerService: Package com.android.hotwordenrollment.okgoogle does not have legacy storage
12-20 00:12:39.666  1000  2130  2130 V StorageManagerService: Package com.takeaway.android does not have legacy storage
12-20 00:12:39.666  1000  2130  2130 V StorageManagerService: Package com.android.virtualization.terminal does not have legacy storage
12-20 00:12:39.666  1000  2130  2130 V StorageManagerService: Package com.android.sdm.plugins.diagmon does not have legacy storage
12-20 00:12:39.666  1000  2130  2130 V StorageManagerService: Package ru.nspk.sbpay does not have legacy storage
12-20 00:12:39.666  1000  2130  2130 V StorageManagerService: Package com.softissimo.reverso.context does not have legacy storage
12-20 00:12:39.666  1000  2130  2130 V StorageManagerService: Package com.android.dreams.basic does not have legacy storage
12-20 00:12:39.666  1000  2130  2130 V StorageManagerService: Package com.google.android.aicore does not have legacy storage
12-20 00:12:39.666  1000  2130  2130 V StorageManagerService: Package com.android.providers.settings.auto_generated_rro_product__ does not have legacy storage
12-20 00:12:39.666  1000  2130  2130 V StorageManagerService: Package com.google.android.as.oss does not have legacy storage
12-20 00:12:39.666  1000  2130  2130 V StorageManagerService: Package com.android.se does not have legacy storage
12-20 00:12:39.666  1000  2130  2130 V StorageManagerService: Package com.android.inputdevices has legacy storage
12-20 00:12:39.666  1000  2130  2130 V StorageManagerService: Package com.android.traceur.auto_generated_rro_product__ does not have legacy storage
12-20 00:12:39.666  1000  2130  2130 V StorageManagerService: Package com.google.android.apps.wellbeing does not have legacy storage
12-20 00:12:39.666  1000  2130  2130 V StorageManagerService: Package com.rezvorck.tiktokplugin does not have legacy storage
12-20 00:12:39.666  1000  2130  2130 V StorageManagerService: Package com.google.android.dialer does not have legacy storage
12-20 00:12:39.666  wifi  1618  1618 I wificond: Current driver country code 99
12-20 00:12:39.667  1000  2130  2130 V StorageManagerService: Package com.programmisty.emiasapp does not have legacy storage
12-20 00:12:39.667  1000  2130  2130 V StorageManagerService: Package com.android.bips does not have legacy storage
12-20 00:12:39.667  1000  2130  2130 V StorageManagerService: Package com.google.audio.hearing.visualization.accessibility.scribe does not have legacy storage
12-20 00:12:39.667  1000  2130  2130 V StorageManagerService: Package com.google.android.apps.nbu.files does not have legacy storage
12-20 00:12:39.667  1000  2130  2130 V StorageManagerService: Package com.google.android.captiveportallogin does not have legacy storage
12-20 00:12:39.667  1000  2130  2130 V StorageManagerService: Package com.google.android.flipendo.auto_generated_rro_product__ does not have legacy storage
12-20 00:12:39.667  1000  2130  2130 V StorageManagerService: Package com.google.android.accessibility.soundamplifier does not have legacy storage
12-20 00:12:39.667  1000  2130  2130 V StorageManagerService: Package com.shannon.rcsservice does not have legacy storage
12-20 00:12:39.667  1000  2130  2130 V StorageManagerService: Package com.android.privatespace does not have legacy storage
12-20 00:12:39.667  1000  2130  2130 V StorageManagerService: Package android.auto_generated_characteristics_rro does not have legacy storage
12-20 00:12:39.667  1000  2130  2130 V StorageManagerService: Package com.twitter.android does not have legacy storage
12-20 00:12:39.667  1000  2130  2130 V StorageManagerService: Package com.google.android.appsearch.apk does not have legacy storage
12-20 00:12:39.667  1000  2130  2130 V StorageManagerService: Package com.google.ambient.streaming does not have legacy storage
12-20 00:12:39.667  1000  2130  2130 V StorageManagerService: Package com.android.musicfx does not have legacy storage
12-20 00:12:39.667  1000  2130  2130 V StorageManagerService: Package com.android.ons.auto_generated_rro_vendor__ does not have legacy storage
12-20 00:12:39.667  1000  2130  2130 V StorageManagerService: Package com.android.devicediagnostics.auto_generated_rro_vendor__ does not have legacy storage
12-20 00:12:39.667  1000  2130  2130 V StorageManagerService: Package org.wikipedia does not have legacy storage
12-20 00:12:39.667  1000  2130  2130 V StorageManagerService: Package com.google.android.apps.bard does not have legacy storage
12-20 00:12:39.667  1000  2130  2130 V StorageManagerService: Package com.google.android.apps.docs does not have legacy storage
12-20 00:12:39.667  1000  2130  2130 V StorageManagerService: Package com.google.android.apps.maps does not have legacy storage
12-20 00:12:39.667  1000  2130  2130 V StorageManagerService: Package com.google.android.apps.tips does not have legacy storage
12-20 00:12:39.667  1000  2130  2130 V StorageManagerService: Package com.google.android.documentsui.theme.pixel does not have legacy storage
12-20 00:12:39.667  1000  2130  2130 V StorageManagerService: Package com.google.android.modulemetadata does not have legacy storage
12-20 00:12:39.668  1000  2130  2130 V StorageManagerService: Package com.google.android.avatarpicker does not have legacy storage
12-20 00:12:39.668  1000  2130  2130 V StorageManagerService: Package org.fdroid.fdroid does not have legacy storage
12-20 00:12:39.668  1000  2130  2130 V StorageManagerService: Package com.google.android.microdroid.empty_payload does not have legacy storage
12-20 00:12:39.668  1000  2130  2130 V StorageManagerService: Package com.google.android.markup does not have legacy storage
12-20 00:12:39.668  1000  2130  2130 V StorageManagerService: Package psplay.grill.com does not have legacy storage
12-20 00:12:39.668  1000  2130  2130 V StorageManagerService: Package com.android.cellbroadcastreceiver does not have legacy storage
12-20 00:12:39.668  1000  2130  2130 V StorageManagerService: Package com.google.android.webview does not have legacy storage
12-20 00:12:39.668  1000  2130  2130 V StorageManagerService: Package com.google.android.apps.carrier.log does not have legacy storage
12-20 00:12:39.668  1000  2130  2130 V StorageManagerService: Package com.nothing.smartcenter does not have legacy storage
12-20 00:12:39.668  1000  2130  2130 V StorageManagerService: Package com.google.android.networkstack does not have legacy storage
12-20 00:12:39.668  1000  2130  2130 V StorageManagerService: Package com.google.android.rkpdapp does not have legacy storage
12-20 00:12:39.668  1000  2130  2130 V StorageManagerService: Package com.google.android.contactkeys does not have legacy storage
12-20 00:12:39.668  1000  2130  2130 V StorageManagerService: Package com.google.android.contacts does not have legacy storage
12-20 00:12:39.668  1000  2130  2130 V StorageManagerService: Package com.google.android.apps.fitness does not have legacy storage
12-20 00:12:39.668  1000  2130  2130 V StorageManagerService: Package com.android.server.telecom has legacy storage
12-20 00:12:39.668  1000  2130  2130 V StorageManagerService: Package ru.fourpda.skins.dark.amoled does not have legacy storage
12-20 00:12:39.668  1000  2130  2130 V StorageManagerService: Package com.android.keychain has legacy storage
12-20 00:12:39.668  1000  2130  2130 V StorageManagerService: Package com.android.server.telecom.auto_generated_rro_product__ does not have legacy storage
12-20 00:12:39.668  1000  2130  2130 V StorageManagerService: Package com.android.phone.auto_generated_characteristics_rro does not have legacy storage
12-20 00:12:39.668  1000  2130  2130 V StorageManagerService: Package com.google.android.overlay.googleconfig does not have legacy storage
12-20 00:12:39.668  1000  2130  2130 V StorageManagerService: Package com.android.systemui.clocks.inflate does not have legacy storage
12-20 00:12:39.668  1000  2130  2130 V StorageManagerService: Package com.google.android.calculator does not have legacy storage
12-20 00:12:39.668  1000  2130  2130 V StorageManagerService: Package com.rcmiku.payload.dumper.compose does not have legacy storage
12-20 00:12:39.668  1000  2130  2130 V StorageManagerService: Package com.android.chrome does not have legacy storage
12-20 00:12:39.669  1000  2130  2130 V StorageManagerService: Package com.youfone does not have legacy storage
12-20 00:12:39.669  1000  2130  2130 V StorageManagerService: Package com.android.bips.auto_generated_rro_product__ does not have legacy storage
12-20 00:12:39.669  1000  2130  2130 V StorageManagerService: Package com.google.android.packageinstaller does not have legacy storage
12-20 00:12:39.669  1000  2130  2130 V StorageManagerService: Package com.google.android.apps.customization.pixel does not have legacy storage
12-20 00:12:39.669  1000  2130  2130 V StorageManagerService: Package com.google.android.gms does not have legacy storage
12-20 00:12:39.669  1000  2130  2130 V StorageManagerService: Package com.google.android.gsf does not have legacy storage
12-20 00:12:39.669  1000  2130  2130 V StorageManagerService: Package com.google.android.ims does not have legacy storage
12-20 00:12:39.669  1000  2130  2130 V StorageManagerService: Package com.google.android.nfc does not have legacy storage
12-20 00:12:39.669  1000  2130  2130 V StorageManagerService: Package com.google.android.pcs does not have legacy storage
12-20 00:12:39.669  1000  2130  2130 V StorageManagerService: Package com.google.android.tag does not have legacy storage
12-20 00:12:39.669  1000  2130  2130 V StorageManagerService: Package com.google.android.tts does not have legacy storage
12-20 00:12:39.669  1000  2130  2130 V StorageManagerService: Package h.ihokfedkauwn.n does not have legacy storage
12-20 00:12:39.669  1000  2130  2130 V StorageManagerService: Package com.google.android.overlay.permissioncontroller does not have legacy storage
12-20 00:12:39.669  1000  2130  2130 V StorageManagerService: Package com.google.android.apps.walletnfcrel does not have legacy storage
12-20 00:12:39.669  1000  2130  2130 V StorageManagerService: Package com.android.calllogbackup does not have legacy storage
12-20 00:12:39.669  1000  2130  2130 V StorageManagerService: Package com.google.android.partnersetup does not have legacy storage
12-20 00:12:39.669  1000  2130  2130 V StorageManagerService: Package com.android.safetyregulatoryinfo does not have legacy storage
12-20 00:12:39.669  1000  2130  2130 V StorageManagerService: Package com.android.cameraextensions does not have legacy storage
12-20 00:12:39.669  1000  2130  2130 V StorageManagerService: Package com.android.settings.overlay.oriole does not have legacy storage
12-20 00:12:39.669  1000  2130  2130 V StorageManagerService: Package com.google.android.apps.wallpaper.pixel does not have legacy storage
12-20 00:12:39.669  1000  2130  2130 V StorageManagerService: Package com.epicgames.portal does not have legacy storage
12-20 00:12:39.669  1000  2130  2130 V StorageManagerService: Package com.android.localtransport has legacy storage
12-20 00:12:39.669  1000  2130  2130 V StorageManagerService: Package com.reveny.vbmetafix.service does not have legacy storage
12-20 00:12:39.670  1000  2130  2130 V StorageManagerService: Package com.google.android.videos does not have legacy storage
12-20 00:12:39.670  1000  2130  2130 V StorageManagerService: Package ru.alfabank.mobile.android does not have legacy storage
12-20 00:12:39.670  1000  2130  2130 V StorageManagerService: Package com.google.euiccpixel.overlay.gs101 does not have legacy storage
12-20 00:12:39.670  1000  2130  2130 V StorageManagerService: Package com.bunq.android does not have legacy storage
12-20 00:12:39.670  1000  2130  2130 V StorageManagerService: Package com.google.android.nfc.overlay does not have legacy storage
12-20 00:12:39.670  1000  2130  2130 V StorageManagerService: Package com.google.android.wallpaper.effects does not have legacy storage
12-20 00:12:39.670  1000  2130  2130 V StorageManagerService: Package com.google.android.apps.nexuslauncher does not have legacy storage
12-20 00:12:39.670  1000  2130  2130 V StorageManagerService: Package com.android.carrierdefaultapp does not have legacy storage
12-20 00:12:39.670  1000  2130  2130 V StorageManagerService: Package com.google.android.virtualmachine.res does not have legacy storage
12-20 00:12:39.670  1000  2130  2130 V StorageManagerService: Package com.android.credentialmanager does not have legacy storage
12-20 00:12:39.670  1000  2130  2130 V StorageManagerService: Package com.google.RilConfigService does not have legacy storage
12-20 00:12:39.670  1000  2130  2130 V StorageManagerService: Package com.pepperdeals does not have legacy storage
12-20 00:12:39.670  1000  2130  2130 V StorageManagerService: Package ru.zdevs.zarchiver.pro does not have legacy storage
12-20 00:12:39.670  1000  2130  2130 V StorageManagerService: Package com.android.theme.font.notoserifsource does not have legacy storage
12-20 00:12:39.670  1000  2130  2130 V StorageManagerService: Package com.android.DeviceAsWebcam has legacy storage
12-20 00:12:39.670  1000  2130  2130 V StorageManagerService: Package com.android.proxyhandler does not have legacy storage
12-20 00:12:39.670  1000  2130  2130 V StorageManagerService: Package com.google.android.safetycenter.resources does not have legacy storage
12-20 00:12:39.670  1000  2130  2130 V StorageManagerService: Package com.netflix.Speedtest does not have legacy storage
12-20 00:12:39.670  1000  2130  2130 V StorageManagerService: Package com.google.android.compos.payload does not have legacy storage
12-20 00:12:39.670  1000  2130  2130 V StorageManagerService: Package com.android.internal.display.cutout.emulation.waterfall does not have legacy storage
12-20 00:12:39.670  1000  2130  2130 V StorageManagerService: Package com.android.intentresolver does not have legacy storage
12-20 00:12:39.670  1000  2130  2130 V StorageManagerService: Package com.google.SSRestartDetector has legacy storage
12-20 00:12:39.670  1000  2130  2130 V StorageManagerService: Package com.google.android.storagemanager.auto_generated_rro_vendor__ does not have legacy storage
12-20 00:12:39.670  1000  2130  2130 V StorageManagerService: Package com.android.internal.systemui.navbar.transparent does not have legacy storage
12-20 00:12:39.670  1000  2130  2130 V StorageManagerService: Package com.android.providers.contactkeys does not have legacy storage
12-20 00:12:39.670  1000  2130  2130 V StorageManagerService: Package ru.freeman42.app4pda has legacy storage
12-20 00:12:39.671  1000  2130  2130 V StorageManagerService: Package ru.yandex.key does not have legacy storage
12-20 00:12:39.671  1000  2130  2130 V StorageManagerService: Package com.zhiliaoapp.musically does not have legacy storage
12-20 00:12:39.671  1000  2130  2130 V StorageManagerService: Package com.google.android.connectivity.resources does not have legacy storage
12-20 00:12:39.671  1000  2130  2130 V StorageManagerService: Package de.mobile.android.app does not have legacy storage
12-20 00:12:39.671  1000  2130  2130 V StorageManagerService: Package nl.svpbv.mijn.MijnSVP does not have legacy storage
12-20 00:12:39.671  1000  2130  2130 V StorageManagerService: Package com.kinopub does not have legacy storage
12-20 00:12:39.671  1000  2130  2130 V StorageManagerService: Package com.android.providers.contacts.auto_generated_rro_product__ does not have legacy storage
12-20 00:12:39.671  1000  2130  2130 V StorageManagerService: Package com.google.android.feedback does not have legacy storage
12-20 00:12:39.671  1000  2130  2130 V StorageManagerService: Package com.google.android.printservice.recommendation does not have legacy storage
12-20 00:12:39.671  1000  2130  2130 V StorageManagerService: Package com.google.android.apps.photos does not have legacy storage
12-20 00:12:39.671  1000  2130  2130 V StorageManagerService: Package com.google.android.calendar does not have legacy storage
12-20 00:12:39.671  1000  2130  2130 V StorageManagerService: Package com.android.managedprovisioning does not have legacy storage
12-20 00:12:39.671  1000  2130  2130 V StorageManagerService: Package com.google.android.overlay.devicelockcontroller does not have legacy storage
12-20 00:12:39.671  1000  2130  2130 V StorageManagerService: Package com.spotify.music does not have legacy storage
12-20 00:12:39.671  1000  2130  2130 V StorageManagerService: Package com.google.android.pixelnfc does not have legacy storage
12-20 00:12:39.671  1000  2130  2130 V StorageManagerService: Package com.rockstargames.rdr does not have legacy storage
12-20 00:12:39.672  1000  2130  2130 V StorageManagerService: Package com.google.android.apps.pixel.nowplaying does not have legacy storage
12-20 00:12:39.672  1000  2130  2130 V StorageManagerService: Package com.android.soundpicker does not have legacy storage
12-20 00:12:39.672  1000  2130  2130 V StorageManagerService: Package com.ubercab does not have legacy storage
12-20 00:12:39.672  1000  2130  2130 V StorageManagerService: Package com.google.android.documentsui does not have legacy storage
12-20 00:12:39.672  1000  2130  2130 V StorageManagerService: Package com.google.android.overlay.glanceablehubconfig does not have legacy storage
12-20 00:12:39.672  1000  2130  2130 V StorageManagerService: Package com.google.android.accessibility.switchaccess does not have legacy storage
12-20 00:12:39.672  1000  2130  2130 V StorageManagerService: Package ai.perplexity.app.android does not have legacy storage
12-20 00:12:39.672  1000  2130  2130 V StorageManagerService: Package com.google.mainline.telemetry does not have legacy storage
12-20 00:12:39.672  1000  2130  2130 V StorageManagerService: Package com.google.android.systemui.gxoverlay does not have legacy storage
12-20 00:12:39.672  1000  2130  2130 V StorageManagerService: Package com.bshg.homeconnect.android.release does not have legacy storage
12-20 00:12:39.672  1000  2130  2130 V StorageManagerService: Package com.google.android.apps.internal.betterbug does not have legacy storage
12-20 00:12:39.672  1000  2130  2130 V StorageManagerService: Package com.android.cellbroadcastservice.overlay.pixel does not have legacy storage
12-20 00:12:39.672  1000  2130  2130 V StorageManagerService: Package com.android.sdm.plugins.dcmo does not have legacy storage
12-20 00:12:39.672  1000  2130  2130 V StorageManagerService: Package com.google.android.nfc.overlay.common does not have legacy storage
12-20 00:12:39.672  1000  2130  2130 V StorageManagerService: Package com.android.devicediagnostics.auto_generated_rro_product__ does not have legacy storage
12-20 00:12:39.673  1000  2130  2130 V StorageManagerService: Package com.google.android.apps.camera.services does not have legacy storage
12-20 00:12:39.673  1000  2130  2130 V StorageManagerService: Package com.android.devicediagnostics does not have legacy storage
12-20 00:12:39.673  1000  2130  2130 V StorageManagerService: Package com.xiaomi.wearable does not have legacy storage
12-20 00:12:39.673  1000  2130  2130 V StorageManagerService: Package com.looker.droidify does not have legacy storage
