12-20 00:12:39.814  1000  2130  2429 I am_proc_start: [0,3299,10255,com.android.hbmsvmanager,added application,com.android.hbmsvmanager]
12-20 00:12:39.814  1000  2130  2429 W ActivityManager: Slow operation: 92ms so far, now at startProcess: building log message
12-20 00:12:39.814  1000  2130  2429 I ActivityManager: Start proc 3299:com.android.hbmsvmanager/u0a255 for added application com.android.hbmsvmanager
12-20 00:12:39.814  1000  2130  2429 W ActivityManager: Slow operation: 92ms so far, now at startProcess: starting to update pids map
12-20 00:12:39.814  1000  2130  2429 W ActivityManager: Slow operation: 93ms so far, now at startProcess: done updating pids map
12-20 00:12:39.814  1000  2130  2429 W ActivityManager: Slow operation: 92ms so far, now at startProcess: asking zygote to start proc
12-20 00:12:39.823  1000  2130  2130 W Looper  : Slow delivery took 2836ms main app=system_server main=true group=FOREGROUND h=android.app.ActivityThread$H c=null m=156
12-20 00:12:39.825  1000  2130  2420 I DisplayDeviceRepository: Display device same: DisplayDeviceInfo{"Built-in Screen": uniqueId="local:4619827677550801152", 1080 x 2400, modeId 2, renderFrameRate 90.0, hasArrSupport false, frameRateCategoryRate FrameRateCategoryRate {normal=60.0, high=90.0}, supportedRefreshRates [90.0, 60.0, 45.0, 30.0, 22.5, 20.0], defaultModeId 2, userPreferredModeId -1, supportedModes [{id=1, parentModeId=-1, flags=, width=1080, height=2400, fps=60.0, vsync=60.0, alternativeRefreshRates=[90.0], supportedHdrTypes=[2, 3, 4]}, {id=2, parentModeId=-1, flags=, width=1080, height=2400, fps=90.0, vsync=90.0, alternativeRefreshRates=[60.0], supportedHdrTypes=[2, 3, 4]}], colorMode 0, supportedColorModes [0, 7, 9], hdrCapabilities HdrCapabilities{mSupportedHdrTypes=[2, 3, 4], mMaxLuminance=800.0, mMaxAverageLuminance=120.0, mMinLuminance=5.0E-4}, isForceSdr false, allmSupported false, gameContentTypeSupported false, density 420, 409.432 x 411.891 dpi, appVsyncOff 6233333, presDeadline 11500000, cutout DisplayCutout{insets=Rect(0, 128 - 0, 0) waterfall=Insets{left=0, top=0, right=0, bottom=0} boundingRect={Bounds=[Rect(0, 0 - 0, 0), Rect(492, 0 - 610, 128), Rect(0, 0 - 0, 0), Rect(0, 0 - 0, 0)]} cutoutPathParserInfo={CutoutPathParserInfo{displayWidth=1080 displayHeight=2400 physicalDisplayWidth=1080 physicalDisplayHeight=2400 density={2.625} cutoutSpec={M 507,64 a 33,33 0 1 0 66,0 33,33 0 1 0 -66,0 Z @left} rotation={0} scale={1.0} physicalPixelDisplaySizeRatio={1.0}}} sideOverrides={}}, touch INTERNAL, rotation 0, type INTERNAL, address StablePhysical{id=4619827677550801152, port=0}, deviceProductInfo DeviceProductInfo{name=Common Panel, manufacturerPnpId=GGL, productId=0, modelYear=null, manufactureDate=ManufactureDate{week=1, year=1990}, connectionToSinkType=1, edidStructureMetadata=EdidStructureMetadata{version=0, revision=0}, videoInputType=0}, state ON, committedState ON, frameRateOverride , brightnessMinimum 0.0, brightnessMaximum 1.0, brightnessDefault 0.17429718, brightnessDim 0.05, hdrSdrRatio NaN, roundedCorners RoundedCorners{[RoundedCorner{position=TopLeft, radius=28, center=Point(28, 28)}, RoundedCorner{position=TopRight, radius=28, center=Point(1052, 28)}, RoundedCorner{position=BottomRight, radius=28, center=Point(1052, 2372)}, RoundedCorner{position=BottomLeft, radius=28, center=Point(28, 2372)}]}, FLAG_ALLOWED_TO_BE_DEFAULT_DISPLAY, FLAG_ROTATES_WITH_CONTENT, FLAG_SECURE, FLAG_SUPPORTS_PROTECTED_BUFFERS, FLAG_TRUSTED, installOrientation 0, displayShape DisplayShape{type=2, displayWidth=1080, displayHeight=2400, physicalPixelDisplaySizeRatio=1.0, rotation=0, offsetX=0, offsetY=0, scale=1.0}}
12-20 00:12:39.826  1000  2130  2429 W ActivityManager: Slow operation: 104ms so far, now at startProcess: returned from zygote!
12-20 00:12:39.828  1000  2130  2429 W ActivityManager: Slow operation: 106ms so far, now at startProcess: done updating battery stats
12-20 00:12:39.828  1000  2130  2429 I am_proc_start: [0,3303,1000,com.google.pixel.camera.services,added application,com.google.pixel.camera.services]
12-20 00:12:39.829  1000  2130  2429 W ActivityManager: Slow operation: 106ms so far, now at startProcess: building log message
12-20 00:12:39.829  1000  2130  2429 I ActivityManager: Start proc 3303:com.google.pixel.camera.services/1000 for added application com.google.pixel.camera.services
12-20 00:12:39.829  1000  2130  2429 W ActivityManager: Slow operation: 106ms so far, now at startProcess: starting to update pids map
12-20 00:12:39.829  1000  2130  2429 W ActivityManager: Slow operation: 106ms so far, now at startProcess: done updating pids map
12-20 00:12:39.829  1000  2130  2429 W ActivityManager: Slow operation: 107ms so far, now at startProcess: asking zygote to start proc
12-20 00:12:39.832  1000  2130  2130 D ConditionProviders.SCP: onConnected
12-20 00:12:39.834  1000  2130  2130 I notification_cancel_all: [1000,2130,android,0,0,0,20,NULL]
12-20 00:12:39.834  1000  2130  2130 I notification_cancel_all: [1000,2130,android,0,0,0,20,NULL]
12-20 00:12:39.834  1000  2130  2130 I notification_cancel_all: [1000,2130,android,0,0,0,20,NULL]
12-20 00:12:39.834  1000  2130  2130 I notification_cancel_all: [1000,2130,android,0,0,0,20,NULL]
12-20 00:12:39.835  1000  2130  3120 V GameManagerService_GamePackageConfiguration: No android.game_mode_config meta-data found for package com.nytimes.crossword
12-20 00:12:39.836  1017   539   574 E keystore2: system/security/keystore2/rkpd_client/src/lib.rs:139 - IGetRegistrationCallback failed: 'java.lang.IllegalStateException: No system services were found hosting com.android.rkpdapp.IRemoteProvisioning'
12-20 00:12:39.836  1017   539   539 E keystore2: system/security/keystore2/rkpd_client/src/lib.rs:139 - IGetRegistrationCallback failed: 'java.lang.IllegalStateException: No system services were found hosting com.android.rkpdapp.IRemoteProvisioning'
12-20 00:12:39.836  1017   539   575 I keystore2: system/security/keystore2/watchdog/src/lib.rs:224 - Watchdog complete for: ThreadId(6) Calling get_rkpd_attestation_key() Started: 12-19 23:12:37.578 UTC Pending: 2.25755595s Overdue 1.257556845s
12-20 00:12:39.836  1017   539   575 W keystore2: system/security/keystore2/src/remote_provisioning.rs:119 - Failed to get rkpd key: system/security/keystore2/rkpd_client/src/lib.rs:239: Trying to get to IRegistration service.
12-20 00:12:39.836  1017   539   575 W keystore2: 
12-20 00:12:39.836  1017   539   575 W keystore2: Caused by:
12-20 00:12:39.836  1017   539   575 W keystore2:     0: system/security/keystore2/rkpd_client/src/lib.rs:142: GetRegistrationCallback failed: "java.lang.IllegalStateException: No system services were found hosting com.android.rkpdapp.IRemoteProvisioning"
12-20 00:12:39.836  1017   539   575 W keystore2:     1: Failed to get registration
12-20 00:12:39.836  1017   539   572 W keystore2: system/security/keystore2/watchdog/src/lib.rs:142 - ### Keystore Watchdog report - BEGIN ###
12-20 00:12:39.836  1017   539   572 W keystore2: system/security/keystore2/watchdog/src/lib.rs:151 - When extracting from a bug report, please include this header
12-20 00:12:39.836  1017   539   572 W keystore2: system/security/keystore2/watchdog/src/lib.rs:152 - and all 1 records below.
12-20 00:12:39.836  1017   539   572 W keystore2: system/security/keystore2/watchdog/src/lib.rs:193 - ThreadId(12) Calling get_rkpd_attestation_key() Started: 12-19 23:12:37.606 UTC Pending: 2.229550823s Overdue 1.229551067s
12-20 00:12:39.836  1017   539   572 W keystore2: system/security/keystore2/watchdog/src/lib.rs:205 - ### Keystore Watchdog report - END ###
12-20 00:12:39.836  1017   539   869 I keystore2: system/security/keystore2/watchdog/src/lib.rs:224 - Watchdog complete for: ThreadId(12) Calling get_rkpd_attestation_key() Started: 12-19 23:12:37.606 UTC Pending: 2.229605348s Overdue 1.229605633s
12-20 00:12:39.836  1017   539   869 W keystore2: system/security/keystore2/src/remote_provisioning.rs:119 - Failed to get rkpd key: system/security/keystore2/rkpd_client/src/lib.rs:239: Trying to get to IRegistration service.
12-20 00:12:39.836  1017   539   869 W keystore2: 
12-20 00:12:39.836  1017   539   869 W keystore2: Caused by:
12-20 00:12:39.836  1017   539   869 W keystore2:     0: system/security/keystore2/rkpd_client/src/lib.rs:142: GetRegistrationCallback failed: "java.lang.IllegalStateException: No system services were found hosting com.android.rkpdapp.IRemoteProvisioning"
12-20 00:12:39.836  1017   539   869 W keystore2:     1: Failed to get registration
12-20 00:12:39.836  1000  2130  2130 I am_uid_running: 10271
12-20 00:12:39.840  1000  2130  2130 D CompatChangeReporter: Compat change id reported: 441041342; UID 10271; state: ENABLED
12-20 00:12:39.848  1000  2130  2429 W ActivityManager: Slow operation: 126ms so far, now at startProcess: returned from zygote!
12-20 00:12:39.853  1000  2130  2429 W ActivityManager: Slow operation: 131ms so far, now at startProcess: done updating battery stats
12-20 00:12:39.853  1000  2130  2429 I am_proc_start: [0,3312,10233,com.google.android.grilservice,added application,com.google.android.grilservice]
12-20 00:12:39.853  1000  2130  2429 W ActivityManager: Slow operation: 131ms so far, now at startProcess: building log message
12-20 00:12:39.853  1000  2130  2429 I ActivityManager: Start proc 3312:com.google.android.grilservice/u0a233 for added application com.google.android.grilservice
12-20 00:12:39.853  1000  2130  2429 W ActivityManager: Slow operation: 131ms so far, now at startProcess: starting to update pids map
12-20 00:12:39.854  1000  2130  2429 W ActivityManager: Slow operation: 131ms so far, now at startProcess: done updating pids map
12-20 00:12:39.854  1000  2130  2429 W ActivityManager: Slow operation: 130ms so far, now at startProcess: asking zygote to start proc
12-20 00:12:39.861  1000  2130  2429 W ActivityManager: Slow operation: 138ms so far, now at startProcess: returned from zygote!
12-20 00:12:39.865  1000  2130  2429 W ActivityManager: Slow operation: 142ms so far, now at startProcess: done updating battery stats
12-20 00:12:39.866  1000  2130  2429 I am_proc_start: [0,3314,1001,com.samsung.slsi.telephony.oem.oemrilhookservice,added application,com.samsung.slsi.telephony.oem.oemrilhookservice]
12-20 00:12:39.866  1000  2130  2429 W ActivityManager: Slow operation: 142ms so far, now at startProcess: building log message
12-20 00:12:39.866  1000  2130  2429 I ActivityManager: Start proc 3314:com.samsung.slsi.telephony.oem.oemrilhookservice/1001 for added application com.samsung.slsi.telephony.oem.oemrilhookservice
12-20 00:12:39.866  1000  2130  2429 W ActivityManager: Slow operation: 142ms so far, now at startProcess: starting to update pids map
12-20 00:12:39.866  1000  2130  2429 W ActivityManager: Slow operation: 142ms so far, now at startProcess: done updating pids map
12-20 00:12:39.866  1000  2130  2429 W ActivityManager: Slow operation: 138ms so far, now at startProcess: asking zygote to start proc
12-20 00:12:39.874  1000  2130  2429 W ActivityManager: Slow operation: 145ms so far, now at startProcess: returned from zygote!
12-20 00:12:39.874  1000  2130  2429 W ActivityManager: Slow operation: 145ms so far, now at startProcess: done updating battery stats
12-20 00:12:39.874  1000  2130  2429 I am_proc_start: [0,3317,1068,com.android.se,added application,com.android.se]
12-20 00:12:39.874  1000  2130  2429 W ActivityManager: Slow operation: 145ms so far, now at startProcess: building log message
12-20 00:12:39.874  1000  2130  2429 I ActivityManager: Start proc 3317:com.android.se/1068 for added application com.android.se
12-20 00:12:39.874  1000  2130  2429 W ActivityManager: Slow operation: 145ms so far, now at startProcess: starting to update pids map
12-20 00:12:39.874  1000  2130  2429 W ActivityManager: Slow operation: 146ms so far, now at startProcess: done updating pids map
12-20 00:12:39.874  1000  2130  2429 W ActivityManager: Slow operation: 144ms so far, now at startProcess: asking zygote to start proc
12-20 00:12:39.881  1000  2130  2429 W ActivityManager: Slow operation: 150ms so far, now at startProcess: returned from zygote!
12-20 00:12:39.881  1000  2130  2429 W ActivityManager: Slow operation: 151ms so far, now at startProcess: done updating battery stats
12-20 00:12:39.881  1000  2130  2429 I am_proc_start: [0,3322,10234,com.shannon.rcsservice,added application,com.shannon.rcsservice]
12-20 00:12:39.881  1000  2130  2429 W ActivityManager: Slow operation: 151ms so far, now at startProcess: building log message
12-20 00:12:39.881  1000  2130  2429 I ActivityManager: Start proc 3322:com.shannon.rcsservice/u0a234 for added application com.shannon.rcsservice
12-20 00:12:39.881  1000  2130  2429 W ActivityManager: Slow operation: 151ms so far, now at startProcess: starting to update pids map
12-20 00:12:39.882  1000  2130  2429 W ActivityManager: Slow operation: 151ms so far, now at startProcess: done updating pids map
12-20 00:12:39.882  1000  2130  2429 W ActivityManager: Slow operation: 150ms so far, now at startProcess: asking zygote to start proc
12-20 00:12:39.889  1000  2130  2429 W ActivityManager: Slow operation: 157ms so far, now at startProcess: returned from zygote!
12-20 00:12:39.889  1000  2130  2429 W ActivityManager: Slow operation: 158ms so far, now at startProcess: done updating battery stats
12-20 00:12:39.889  1000  2130  2429 I am_proc_start: [0,3324,1027,com.google.android.nfc,added application,com.google.android.nfc]
12-20 00:12:39.889  1000  2130  2429 W ActivityManager: Slow operation: 158ms so far, now at startProcess: building log message
12-20 00:12:39.889  1000  2130  2429 I ActivityManager: Start proc 3324:com.google.android.nfc/1027 for added application com.google.android.nfc
12-20 00:12:39.889  1000  2130  2429 W ActivityManager: Slow operation: 158ms so far, now at startProcess: starting to update pids map
12-20 00:12:39.889  1000  2130  2429 W ActivityManager: Slow operation: 158ms so far, now at startProcess: done updating pids map
12-20 00:12:39.889  1000  2130  2429 W ActivityManager: Slow operation: 157ms so far, now at startProcess: asking zygote to start proc
12-20 00:12:39.896  1000  2130  2429 W ActivityManager: Slow operation: 163ms so far, now at startProcess: returned from zygote!
12-20 00:12:39.896  1000  2130  2429 W ActivityManager: Slow operation: 164ms so far, now at startProcess: done updating battery stats
12-20 00:12:39.896  1000  2130  2429 I am_proc_start: [0,3325,10225,com.shannon.imsservice,added application,com.shannon.imsservice]
12-20 00:12:39.896  1000  2130  2429 W ActivityManager: Slow operation: 164ms so far, now at startProcess: building log message
12-20 00:12:39.896  1000  2130  2429 I ActivityManager: Start proc 3325:com.shannon.imsservice/u0a225 for added application com.shannon.imsservice
12-20 00:12:39.896  1000  2130  2429 W ActivityManager: Slow operation: 164ms so far, now at startProcess: starting to update pids map
12-20 00:12:39.896  1000  2130  2429 W ActivityManager: Slow operation: 164ms so far, now at startProcess: done updating pids map
12-20 00:12:39.897  1000  2130  2429 W ActivityManager: Slow operation: 164ms so far, now at startProcess: asking zygote to start proc
12-20 00:12:39.904  1000  2130  2429 W ActivityManager: Slow operation: 171ms so far, now at startProcess: returned from zygote!
12-20 00:12:39.904  1000  2130  2429 W ActivityManager: Slow operation: 172ms so far, now at startProcess: done updating battery stats
12-20 00:12:39.904  1000  2130  2429 I am_proc_start: [0,3329,10179,com.google.android.apps.cbrsnetworkmonitor,added application,com.google.android.apps.cbrsnetworkmonitor]
12-20 00:12:39.904  1000  2130  2429 W ActivityManager: Slow operation: 172ms so far, now at startProcess: building log message
12-20 00:12:39.904  1000  2130  2429 I ActivityManager: Start proc 3329:com.google.android.apps.cbrsnetworkmonitor/u0a179 for added application com.google.android.apps.cbrsnetworkmonitor
12-20 00:12:39.904  1000  2130  2429 W ActivityManager: Slow operation: 172ms so far, now at startProcess: starting to update pids map
12-20 00:12:39.904  1000  2130  2429 W ActivityManager: Slow operation: 172ms so far, now at startProcess: done updating pids map
12-20 00:12:39.905  1000  2130  2429 W ActivityManager: Slow operation: 170ms so far, now at startProcess: asking zygote to start proc
12-20 00:12:39.914  1000  2130  3120 V GameManagerService: Inactive package config for com.nytimes.crossword:[Name:com.nytimes.crossword Modes: {}]
12-20 00:12:39.919  1000  2130  3120 V GameManagerService_GamePackageConfiguration: No android.game_mode_config meta-data found for package com.devolverdigital.myfriendpedro
12-20 00:12:39.920  1000  2130  3120 V GameManagerService: Inactive package config for com.devolverdigital.myfriendpedro:[Name:com.devolverdigital.myfriendpedro Modes: {}]
12-20 00:12:39.920  1000  2130  3120 V GameManagerService_GamePackageConfiguration: No android.game_mode_config meta-data found for package com.wordsalad.app
12-20 00:12:39.920  1000  2130  3120 V GameManagerService: Inactive package config for com.wordsalad.app:[Name:com.wordsalad.app Modes: {}]
12-20 00:12:39.922  1000  2130  2429 W ActivityManager: Slow operation: 188ms so far, now at startProcess: returned from zygote!
12-20 00:12:39.923  1000  2130  2429 W ActivityManager: Slow operation: 188ms so far, now at startProcess: done updating battery stats
12-20 00:12:39.923  1000  2130  2429 I am_proc_start: [0,3338,10254,com.samsung.slsi.telephony.oemril,added application,com.samsung.slsi.telephony.oemril]
12-20 00:12:39.923  1000  2130  2429 W ActivityManager: Slow operation: 188ms so far, now at startProcess: building log message
12-20 00:12:39.923  1000  2130  2429 I ActivityManager: Start proc 3338:com.samsung.slsi.telephony.oemril/u0a254 for added application com.samsung.slsi.telephony.oemril
12-20 00:12:39.923  1000  2130  2429 W ActivityManager: Slow operation: 188ms so far, now at startProcess: starting to update pids map
12-20 00:12:39.923  1000  2130  2429 W ActivityManager: Slow operation: 188ms so far, now at startProcess: done updating pids map
12-20 00:12:39.923  1000  2130  2429 W ActivityManager: Slow operation: 189ms so far, now at startProcess: asking zygote to start proc
12-20 00:12:39.938  1000  2130  2429 W ActivityManager: Slow operation: 204ms so far, now at startProcess: returned from zygote!
12-20 00:12:39.938  1000  2130  2429 W ActivityManager: Slow operation: 204ms so far, now at startProcess: done updating battery stats
12-20 00:12:39.938  1000  2130  2429 I am_proc_start: [0,3350,1001,com.android.phone,added application,com.android.phone]
12-20 00:12:39.939  1000  2130  2429 I Watchdog: Interesting Java process com.android.phone started. Pid 3350
12-20 00:12:39.939  1000  2130  2429 W ActivityManager: Slow operation: 204ms so far, now at startProcess: building log message
12-20 00:12:39.939  1000  2130  2429 I ActivityManager: Start proc 3350:com.android.phone/1001 for added application com.android.phone
12-20 00:12:39.939  1000  2130  2429 W ActivityManager: Slow operation: 204ms so far, now at startProcess: starting to update pids map
12-20 00:12:39.939  1000  2130  2429 W ActivityManager: Slow operation: 204ms so far, now at startProcess: done updating pids map
12-20 00:12:39.939  1000  2130  2429 W ActivityManager: Slow operation: 203ms so far, now at startProcess: asking zygote to start proc
12-20 00:12:39.939   nfc  3324  3324 I service_manager_slow: [25,activity]
12-20 00:12:39.945  1000  2130  2429 W ActivityManager: Slow operation: 209ms so far, now at startProcess: returned from zygote!
12-20 00:12:39.945  1000  2130  2429 W ActivityManager: Slow operation: 209ms so far, now at startProcess: done updating battery stats
12-20 00:12:39.945  1000  2130  2429 I am_proc_start: [0,3356,10231,com.android.systemui,added application,com.android.systemui]
12-20 00:12:39.945  1000  2130  2429 W ActivityManager: Slow operation: 209ms so far, now at startProcess: building log message
12-20 00:12:39.945  1000  2130  2429 I ActivityManager: Start proc 3356:com.android.systemui/u0a231 for added application com.android.systemui
12-20 00:12:39.945  1000  2130  2429 W ActivityManager: Slow operation: 209ms so far, now at startProcess: starting to update pids map
12-20 00:12:39.945  1000  2130  2429 W ActivityManager: Slow operation: 210ms so far, now at startProcess: done updating pids map
12-20 00:12:39.945  1000  2130  2429 W ActivityManager: Slow operation: 160ms so far, now at startProcess: asking zygote to start proc
12-20 00:12:39.947  1000  2130  2427 D CountryDetector: Using custom country detector class: com.android.server.location.ComprehensiveCountryDetector
12-20 00:12:39.947  1000  2130  2427 E CountryDetector: Could not instantiate the custom country detector class
12-20 00:12:39.947  1000  2130  2427 D CountryDetector: Using default country detector
12-20 00:12:39.952  1000  2130  2429 W ActivityManager: Slow operation: 166ms so far, now at startProcess: returned from zygote!
12-20 00:12:39.952  1000  2130  2429 W ActivityManager: Slow operation: 167ms so far, now at startProcess: done updating battery stats
12-20 00:12:39.952  1000  2130  2429 I am_proc_start: [0,3357,10236,com.google.android.apps.nexuslauncher,top-activity,{com.google.android.apps.nexuslauncher/com.google.android.apps.nexuslauncher.NexusLauncherActivity}]
12-20 00:12:39.952  1000  2130  2429 W ActivityManager: Slow operation: 167ms so far, now at startProcess: building log message
12-20 00:12:39.952  1000  2130  2429 I ActivityManager: Start proc 3357:com.google.android.apps.nexuslauncher/u0a236 for top-activity {com.google.android.apps.nexuslauncher/com.google.android.apps.nexuslauncher.NexusLauncherActivity}
12-20 00:12:39.952  1000  2130  2429 W ActivityManager: Slow operation: 167ms so far, now at startProcess: starting to update pids map
12-20 00:12:39.952  1000  2130  2429 W ActivityManager: Slow operation: 167ms so far, now at startProcess: done updating pids map
12-20 00:12:39.952  1000  2130  2429 W ActivityManager: Slow operation: 116ms so far, now at startProcess: asking zygote to start proc
12-20 00:12:39.959  1000  2130  2429 W ActivityManager: Slow operation: 122ms so far, now at startProcess: returned from zygote!
12-20 00:12:39.959  1000  2130  2429 W ActivityManager: Slow operation: 122ms so far, now at startProcess: done updating battery stats
12-20 00:12:39.959  1000  2130  2429 I am_proc_start: [0,3359,10271,com.google.android.ext.services,service,{com.google.android.ext.services/android.ext.services.autofill.InlineSuggestionRenderServiceImpl}]
12-20 00:12:39.959  1000  2130  2429 W ActivityManager: Slow operation: 122ms so far, now at startProcess: building log message
12-20 00:12:39.959  1000  2130  2429 I ActivityManager: Start proc 3359:com.google.android.ext.services/u0a271 for service {com.google.android.ext.services/android.ext.services.autofill.InlineSuggestionRenderServiceImpl}
12-20 00:12:39.959  1000  2130  2429 W ActivityManager: Slow operation: 123ms so far, now at startProcess: starting to update pids map
12-20 00:12:39.959  1000  2130  2429 W ActivityManager: Slow operation: 123ms so far, now at startProcess: done updating pids map
12-20 00:12:39.961  1000  2130  3120 V GameManagerService: Adding config: [Name:org.citron.citron_emu Modes: {}]
12-20 00:12:39.961  1000  2130  3120 V GameManagerService_GamePackageConfiguration: No android.game_mode_config meta-data found for package com.netflix.NGP.FootballManagerMobile
12-20 00:12:39.961  1000  2130  3120 V GameManagerService: Inactive package config for com.netflix.NGP.FootballManagerMobile:[Name:com.netflix.NGP.FootballManagerMobile Modes: {}]
12-20 00:12:39.985  1000  2130  2130 W Looper  : Slow dispatch took 117ms main app=system_server main=true group=FOREGROUND h=android.app.ActivityThread$H c=android.app.LoadedApk$ReceiverDispatcher$Args$$ExternalSyntheticLambda0@4f4ef56 m=0
12-20 00:12:40.005  1000  2130  2429 I am_proc_start: [0,3378,1000,com.android.settings,broadcast,{com.android.settings/com.android.settings.safetycenter.SafetySourceBroadcastReceiver}]
12-20 00:12:40.005  1000  2130  2429 I ActivityManager: Start proc 3378:com.android.settings/1000 for broadcast {com.android.settings/com.android.settings.safetycenter.SafetySourceBroadcastReceiver}
12-20 00:12:40.010  1017   539   679 I keystore2: system/security/keystore2/src/gc.rs:148 - skip GC as boot not completed
12-20 00:12:40.021  1000  2130  3120 V GameManagerService: Adding config: [Name:psplay.grill.com Modes: {}]
12-20 00:12:40.021  1000  2130  3120 V GameManagerService_GamePackageConfiguration: No android.game_mode_config meta-data found for package com.rockstargames.rdr
12-20 00:12:40.021  1000  2130  3120 V GameManagerService: Inactive package config for com.rockstargames.rdr:[Name:com.rockstargames.rdr Modes: {}]
12-20 00:12:40.022  1000  1429  2540 I Lyric   : proxy_camera_provider.cc:237: Attempting to rebind to ICameraProvider
12-20 00:12:40.042  1000  2130  3120 V GameManagerService: Inactive package config for com.limelight:[Name:com.limelight Modes: {}]
12-20 00:12:40.044  1000  2130  3120 V GameManagerService_GamePackageConfiguration: No android.game_mode_config meta-data found for package com.game.silksong
12-20 00:12:40.044  1000  2130  3120 V GameManagerService: Inactive package config for com.game.silksong:[Name:com.game.silksong Modes: {}]
12-20 00:12:40.063  1000  2130  3120 V GameManagerService: Adding config: [Name:com.miHoYo.Yuanshen Modes: {}]
12-20 00:12:40.065  1000  2130  3120 V GameManagerService_GamePackageConfiguration: No android.game_mode_config meta-data found for package com.abylight.HyperLightDrifter
12-20 00:12:40.065  1000  2130  3120 V GameManagerService: Inactive package config for com.abylight.HyperLightDrifter:[Name:com.abylight.HyperLightDrifter Modes: {}]
12-20 00:12:40.065  1000  2130  3120 V GameManagerService_GamePackageConfiguration: No android.game_mode_config meta-data found for package com.playstack.balatro.android
12-20 00:12:40.065  1000  2130  3120 V GameManagerService: Inactive package config for com.playstack.balatro.android:[Name:com.playstack.balatro.android Modes: {}]
12-20 00:12:40.065  1000  2130  3120 V GameManagerService_GamePackageConfiguration: No android.game_mode_config meta-data found for package com.netflix.NGP.Pandora
12-20 00:12:40.065  1000  2130  3120 V GameManagerService: Inactive package config for com.netflix.NGP.Pandora:[Name:com.netflix.NGP.Pandora Modes: {}]
12-20 00:12:40.065  1000  2130  3120 V GameManagerService_GamePackageConfiguration: No android.game_mode_config meta-data found for package com.ustwogames.mv3
12-20 00:12:40.065  1000  2130  3120 V GameManagerService: Inactive package config for com.ustwogames.mv3:[Name:com.ustwogames.mv3 Modes: {}]
12-20 00:12:40.065  1000  2130  3120 V GameManagerService_GamePackageConfiguration: No android.game_mode_config meta-data found for package com.google.android.play.games
12-20 00:12:40.066  1000  2130  3120 V GameManagerService: Inactive package config for com.google.android.play.games:[Name:com.google.android.play.games Modes: {}]
12-20 00:12:40.066  1000  2130  3120 V GameManagerService_GamePackageConfiguration: No android.game_mode_config meta-data found for package com.winlator.oss
12-20 00:12:40.066  1000  2130  3120 V GameManagerService: Inactive package config for com.winlator.oss:[Name:com.winlator.oss Modes: {}]
12-20 00:12:40.067  1000  2130  3120 V GameManagerService: Package configuration not found for com.nytimes.crossword
12-20 00:12:40.068  1000  2130  3120 V GameManagerService: Package configuration not found for com.devolverdigital.myfriendpedro
12-20 00:12:40.068  1000  2130  3120 V GameManagerService: Package configuration not found for com.wordsalad.app
12-20 00:12:40.069  1000  2130  3120 V GameManagerService: Package configuration not found for com.netflix.NGP.FootballManagerMobile
12-20 00:12:40.069  1000  2130  3120 V GameManagerService: Package configuration not found for com.rockstargames.rdr
12-20 00:12:40.069  1000  2130  3120 V GameManagerService: Package configuration not found for com.limelight
12-20 00:12:40.069  1000  2130  3120 V GameManagerService: Package configuration not found for com.game.silksong
12-20 00:12:40.070  1000  2130  3120 V GameManagerService: Package configuration not found for com.abylight.HyperLightDrifter
12-20 00:12:40.072  1000  2130  3120 V GameManagerService: Package configuration not found for com.playstack.balatro.android
12-20 00:12:40.072  1000  2130  3120 V GameManagerService: Package configuration not found for com.netflix.NGP.Pandora
12-20 00:12:40.072  1000  2130  3120 V GameManagerService: Package configuration not found for com.ustwogames.mv3
12-20 00:12:40.073  1000  2130  3120 V GameManagerService: Package configuration not found for com.google.android.play.games
12-20 00:12:40.073  1000  2130  3120 V GameManagerService: Package configuration not found for com.winlator.oss
12-20 00:12:40.123  1017   539   679 I keystore2: system/security/keystore2/src/gc.rs:148 - skip GC as boot not completed
12-20 00:12:40.142  1000  2130  2419 I commit_sys_config_file: [notification-policy,19]
12-20 00:12:40.168  wifi  1618  1618 I wificond: Regulatory domain changed to country: 00 on wiphy_index: 0
12-20 00:12:40.168  wifi  1618  1618 I wificond: UpdateBandInfo
12-20 00:12:40.170  wifi  1618  1618 I wificond: 2.4Ghz frequencies: 2412 2417 2422 2427 2432 2437 2442 2447 2452 2457 2462 2467 2472
12-20 00:12:40.170  wifi  1618  1618 I wificond: 5Ghz non-DFS frequencies:
12-20 00:12:40.170  wifi  1618  1618 I wificond: 5Ghz DFS frequencies: 5180 5200 5220 5240 5260 5280 5300 5320 5500 5520 5540 5560 5580 5600 5620 5640 5660 5680 5700 5720 5745 5765 5785 5805 5825
12-20 00:12:40.170  wifi  1618  1618 I wificond: 6Ghz frequencies:
12-20 00:12:40.170  wifi  1618  1618 I wificond: 60Ghz frequencies:
12-20 00:12:40.170  wifi  1618  1618 I wificond: Receive notifyCountryCodeChanged
12-20 00:12:40.170  wifi  1618  1618 I wificond: UpdateBandInfo
12-20 00:12:40.172  wifi  1618  1618 I wificond: 2.4Ghz frequencies: 2412 2417 2422 2427 2432 2437 2442 2447 2452 2457 2462 2467 2472
12-20 00:12:40.172  wifi  1618  1618 I wificond: 5Ghz non-DFS frequencies:
12-20 00:12:40.172  wifi  1618  1618 I wificond: 5Ghz DFS frequencies: 5180 5200 5220 5240 5260 5280 5300 5320 5500 5520 5540 5560 5580 5600 5620 5640 5660 5680 5700 5720 5745 5765 5785 5805 5825
12-20 00:12:40.172  wifi  1618  1618 I wificond: 6Ghz frequencies:
12-20 00:12:40.172  wifi  1618  1618 I wificond: 60Ghz frequencies:
12-20 00:12:40.293  root     0     0 I trusty  : [GF_TA][I][gf_fpcore_common][fpcore_load_finger_template] sync data to backup object(finger_0_3_bak.so) success
12-20 00:12:40.299  root     0     0 I trusty  : [GF_TA][I][gf_fpcore_common][fpcore_load_finger_template_extra_info] sync data to backup object(finger_extra_info_0_3_bak.so) success
12-20 00:12:40.621  1000  2130  3388 I service_manager_stats: [564,78,5088]
12-20 00:12:40.713  root     0     0 I trusty  : [GF_TA][I][gf_fpcore_common][fpcore_load_finger_template] sync data to backup object(finger_0_4_bak.so) success
12-20 00:12:40.716  root     0     0 I trusty  : [GF_TA][I][gf_fpcore_common][fpcore_load_finger_template_extra_info] sync data to backup object(finger_extra_info_0_4_bak.so) success
12-20 00:12:40.718  1000  2130  3076 D Sensor  : New fingerprint session created for user: 0 with hal version: 3
12-20 00:12:40.719  1000  2130  3076 D BiometricScheduler: [Added] {[2] com.android.server.biometrics.sensors.fingerprint.aidl.FingerprintGetAuthenticatorIdClient, proto=5, owner=android, cookie=0, requestId=-1, userId=0}, new queue size: 2
12-20 00:12:40.719  1000  2130  3076 V BiometricScheduler: Not idle, current operation: {[1] com.android.server.biometrics.sensors.fingerprint.aidl.FingerprintStartUserClient, proto=17, owner=android, cookie=0, requestId=-1, userId=0}, State: 2
12-20 00:12:40.719  1000  2130  3076 D BiometricScheduler: [Added] {[3] com.android.server.biometrics.sensors.fingerprint.aidl.FingerprintInternalCleanupClient, proto=7, owner=android, cookie=0, requestId=-1, userId=0}, new queue size: 3
12-20 00:12:40.719  1000  2130  3076 V BiometricScheduler: Not idle, current operation: {[1] com.android.server.biometrics.sensors.fingerprint.aidl.FingerprintStartUserClient, proto=17, owner=android, cookie=0, requestId=-1, userId=0}, State: 2
12-20 00:12:40.719  1000  2130  3076 D BiometricScheduler: [Client finished] {[1] com.android.server.biometrics.sensors.fingerprint.aidl.FingerprintStartUserClient, proto=17, owner=android, cookie=0, requestId=-1, userId=0}, success: true
12-20 00:12:40.720  1000  2130  3076 D BiometricScheduler: [Polled] {[0] com.android.server.biometrics.sensors.fingerprint.aidl.FingerprintInternalCleanupClient, proto=7, owner=android, cookie=0, requestId=-1, userId=0}, State: 0
12-20 00:12:40.720  1000  2130  3076 D BiometricScheduler: [Started] {[0] com.android.server.biometrics.sensors.fingerprint.aidl.FingerprintInternalCleanupClient, proto=7, owner=android, cookie=0, requestId=-1, userId=0}
12-20 00:12:40.720  1000  2130  3076 W BiometricStateCallback: Other authentication client: FingerprintInternalCleanupClient
12-20 00:12:40.720  1000  2130  3076 D BiometricStateCallback: State updated from 0 to 0, client {[0] com.android.server.biometrics.sensors.fingerprint.aidl.FingerprintInternalCleanupClient, proto=7, owner=android, cookie=0, requestId=-1, userId=0}
12-20 00:12:40.720  1000  2130  3076 D InternalCleanupClient: Starting enumerate: {[4] com.android.server.biometrics.sensors.fingerprint.aidl.FingerprintInternalEnumerateClient, proto=6, owner=android, cookie=0, requestId=-1, userId=0} enrolledList size:5
12-20 00:12:40.720  1000  2130  3076 V BiometricSchedulerOperation: started: {[0] com.android.server.biometrics.sensors.fingerprint.aidl.FingerprintInternalCleanupClient, proto=7, owner=android, cookie=0, requestId=-1, userId=0}, State: 2
12-20 00:12:41.218  1000  2130  3076 D InternalCleanupClient: onEnumerated, remaining: 4
12-20 00:12:41.218  1000  2130  3076 V InternalEnumerateClient: handleEnumeratedTemplate: -1087305904
12-20 00:12:41.218  1000  2130  3076 V InternalEnumerateClient: Matched: true
12-20 00:12:41.218  1000  2130  3076 D InternalCleanupClient: onEnumerated, remaining: 3
12-20 00:12:41.218  1000  2130  3076 V InternalEnumerateClient: handleEnumeratedTemplate: -341460703
12-20 00:12:41.218  1000  2130  3076 V InternalEnumerateClient: Matched: true
12-20 00:12:41.218  1000  2130  3076 D InternalCleanupClient: onEnumerated, remaining: 2
12-20 00:12:41.218  1000  2130  3076 V InternalEnumerateClient: handleEnumeratedTemplate: 944864096
12-20 00:12:41.218  1000  2130  3076 V InternalEnumerateClient: Matched: true
12-20 00:12:41.218  1000  2130  3076 D InternalCleanupClient: onEnumerated, remaining: 1
12-20 00:12:41.218  1000  2130  3076 V InternalEnumerateClient: handleEnumeratedTemplate: 944864099
12-20 00:12:41.218  1000  2130  3076 V InternalEnumerateClient: Matched: true
12-20 00:12:41.218  1000  2130  3076 D InternalCleanupClient: onEnumerated, remaining: 0
12-20 00:12:41.218  1000  2130  3076 V InternalEnumerateClient: handleEnumeratedTemplate: -1087305897
12-20 00:12:41.218  1000  2130  3076 V InternalEnumerateClient: Matched: true
12-20 00:12:41.218  1000  2130  3076 W BiometricLogger: Unknown field detected: CLIENT_UNKNOWN
12-20 00:12:41.218  1000  2130  3076 D InternalCleanupClient: Enumerate onClientFinished: {[4] com.android.server.biometrics.sensors.fingerprint.aidl.FingerprintInternalEnumerateClient, proto=6, owner=android, cookie=0, requestId=-1, userId=0}, success: true
12-20 00:12:41.218  1000  2130  3076 D BiometricStateCallback: Client finished, state updated to 0, client {[0] com.android.server.biometrics.sensors.fingerprint.aidl.FingerprintInternalCleanupClient, proto=7, owner=android, cookie=0, requestId=-1, userId=0}
12-20 00:12:41.218  1000  2130  3076 D BiometricStateCallback: Enrollment state changed: false
12-20 00:12:41.218  1000  2130  3076 D BiometricSchedulerOperation: [Finished / destroy]: {[0] com.android.server.biometrics.sensors.fingerprint.aidl.FingerprintInternalCleanupClient, proto=7, owner=android, cookie=0, requestId=-1, userId=0}
12-20 00:12:41.219  1000  2130  3076 D BiometricScheduler: [Finishing] {[0] com.android.server.biometrics.sensors.fingerprint.aidl.FingerprintInternalCleanupClient, proto=7, owner=android, cookie=0, requestId=-1, userId=0}, success: true
12-20 00:12:41.219  1000  2130  3076 D BiometricScheduler: [Polled] {[2] com.android.server.biometrics.sensors.fingerprint.aidl.FingerprintGetAuthenticatorIdClient, proto=5, owner=android, cookie=0, requestId=-1, userId=0}, State: 0
12-20 00:12:41.219  1000  2130  3076 D BiometricScheduler: [Started] {[2] com.android.server.biometrics.sensors.fingerprint.aidl.FingerprintGetAuthenticatorIdClient, proto=5, owner=android, cookie=0, requestId=-1, userId=0}
12-20 00:12:41.219  1000  2130  3076 V BiometricSchedulerOperation: started: {[2] com.android.server.biometrics.sensors.fingerprint.aidl.FingerprintGetAuthenticatorIdClient, proto=5, owner=android, cookie=0, requestId=-1, userId=0}, State: 2
12-20 00:12:41.219  1000  2130  3076 D BiometricSchedulerOperation: [Finished / destroy]: {[2] com.android.server.biometrics.sensors.fingerprint.aidl.FingerprintGetAuthenticatorIdClient, proto=5, owner=android, cookie=0, requestId=-1, userId=0}
12-20 00:12:41.219  1000  2130  3076 D BiometricScheduler: [Finishing] {[2] com.android.server.biometrics.sensors.fingerprint.aidl.FingerprintGetAuthenticatorIdClient, proto=5, owner=android, cookie=0, requestId=-1, userId=0}, success: true
12-20 00:12:41.219  1000  2130  3076 D BiometricScheduler: [Polled] {[3] com.android.server.biometrics.sensors.fingerprint.aidl.FingerprintInternalCleanupClient, proto=7, owner=android, cookie=0, requestId=-1, userId=0}, State: 0
12-20 00:12:41.219  1000  2130  3076 D BiometricScheduler: [Started] {[3] com.android.server.biometrics.sensors.fingerprint.aidl.FingerprintInternalCleanupClient, proto=7, owner=android, cookie=0, requestId=-1, userId=0}
12-20 00:12:41.219  1000  2130  3076 W BiometricStateCallback: Other authentication client: FingerprintInternalCleanupClient
12-20 00:12:41.219  1000  2130  3076 D BiometricStateCallback: State updated from 0 to 0, client {[3] com.android.server.biometrics.sensors.fingerprint.aidl.FingerprintInternalCleanupClient, proto=7, owner=android, cookie=0, requestId=-1, userId=0}
12-20 00:12:41.219  1000  2130  3076 D InternalCleanupClient: Starting enumerate: {[5] com.android.server.biometrics.sensors.fingerprint.aidl.FingerprintInternalEnumerateClient, proto=6, owner=android, cookie=0, requestId=-1, userId=0} enrolledList size:5
12-20 00:12:41.220  1000  2130  3076 V BiometricSchedulerOperation: started: {[3] com.android.server.biometrics.sensors.fingerprint.aidl.FingerprintInternalCleanupClient, proto=7, owner=android, cookie=0, requestId=-1, userId=0}, State: 2
12-20 00:12:41.367  1000  2130  3347 I am_proc_bound: [0,3357,com.google.android.apps.nexuslauncher]
12-20 00:12:41.375  1000  2130  3347 I am_uid_active: 10236
12-20 00:12:41.375  1000  2130  3362 I am_proc_bound: [0,3324,com.google.android.nfc]
12-20 00:12:41.381  1000  2130  3362 I am_uid_active: 1027
12-20 00:12:41.381  1000  2130  3345 I am_proc_bound: [0,3356,com.android.systemui]
12-20 00:12:41.390  1000  2130  3345 I am_uid_active: 10231
12-20 00:12:41.390  1000  2130  2883 W ActivityManager: No pending application record for pid 3143 (IApplicationThread android.app.IApplicationThread$Stub$Proxy@e135321); dropping process
12-20 00:12:41.390  1000  2130  2883 I am_drop_process: 3143
12-20 00:12:41.390  1000  2130  3348 I am_proc_bound: [0,3338,com.samsung.slsi.telephony.oemril]
12-20 00:12:41.394  1000  2130  3348 I am_uid_active: 10254
12-20 00:12:41.397  1000  2130  3330 I am_proc_bound: [0,3350,com.android.phone]
12-20 00:12:41.403  1000  2130  3330 I am_uid_active: 1001
12-20 00:12:41.404  1000  2130  2513 I am_proc_bound: [0,3238,com.mnn.lw.COS16]
12-20 00:12:41.411  1000  2130  3360 I am_proc_bound: [0,3359,com.google.android.ext.services]
12-20 00:12:41.415  1000  2130  3333 I am_proc_bound: [0,3378,com.android.settings]
12-20 00:12:41.426  1000  2130  3270 I am_proc_bound: [0,3294,com.android.networkstack.process]
12-20 00:12:41.432  1000  2130  3270 I am_uid_active: 1073
12-20 00:12:41.433  1000  2130  3265 I am_proc_bound: [0,3286,com.google.android.bluetooth]
12-20 00:12:41.440  1000  2130  3347 I am_proc_bound: [0,3297,com.google.android.pixelsystemservice]
12-20 00:12:41.443  1000  2130  3347 I am_uid_active: 10259
12-20 00:12:41.444  1000  2130  2130 W Looper  : Slow dispatch took 1437ms main app=system_server main=true group=FOREGROUND h=android.app.ActivityThread$H c=null m=114
12-20 00:12:41.445  1000  2130  3343 I am_proc_bound: [0,3317,com.android.se]
12-20 00:12:41.449  1000  2130  3343 I am_uid_active: 1068
12-20 00:12:41.453  1000  2130  2383 I am_proc_bound: [0,3329,com.google.android.apps.cbrsnetworkmonitor]
12-20 00:12:41.459  1000  2130  2383 I am_uid_active: 10179
12-20 00:12:41.459  1000  2130  3271 I am_proc_bound: [0,3289,com.shannon.qualifiednetworksservice]
12-20 00:12:41.464  1000  2130  3271 I am_uid_active: 10245
12-20 00:12:41.464  1000  2130  3330 I am_proc_bound: [0,3303,com.google.pixel.camera.services]
12-20 00:12:41.468  1000  2130  3323 I am_proc_bound: [0,3322,com.shannon.rcsservice]
12-20 00:12:41.473  1000  2130  3323 I am_uid_active: 10234
12-20 00:12:41.473  1000  2130  2523 W ActivityManager: No pending application record for pid 3269 (IApplicationThread android.app.IApplicationThread$Stub$Proxy@892671a); dropping process
12-20 00:12:41.473  1000  2130  2523 I am_drop_process: 3269
12-20 00:12:41.480  1000  2130  3348 I am_proc_bound: [0,3325,com.shannon.imsservice]
12-20 00:12:41.480 10245  3289  3289 E LoadedApk: Unable to instantiate appComponentFactory
12-20 00:12:41.480 10245  3289  3289 E LoadedApk: java.lang.ClassNotFoundException: Didn't find class "com.shannon.qualifiednetworksservice.androidx" on path: DexPathList[[zip file "/system_ext/priv-app/ShannonQualifiedNetworksService/ShannonQualifiedNetworksService.apk"],nativeLibraryDirectories=[/system_ext/priv-app/ShannonQualifiedNetworksService/lib/arm64, /system/lib64, /system_ext/lib64, /system/lib64, /system_ext/lib64]]
12-20 00:12:41.480 10245  3289  3289 E LoadedApk: 	at dalvik.system.BaseDexClassLoader.findClass(BaseDexClassLoader.java:259)
12-20 00:12:41.480 10245  3289  3289 E LoadedApk: 	at java.lang.ClassLoader.loadClass(ClassLoader.java:642)
12-20 00:12:41.480 10245  3289  3289 E LoadedApk: 	at java.lang.ClassLoader.loadClass(ClassLoader.java:578)
12-20 00:12:41.480 10245  3289  3289 E LoadedApk: 	at android.app.LoadedApk.createAppFactory(LoadedApk.java:300)
12-20 00:12:41.480 10245  3289  3289 E LoadedApk: 	at android.app.LoadedApk.createOrUpdateClassLoaderLocked(LoadedApk.java:1122)
12-20 00:12:41.480 10245  3289  3289 E LoadedApk: 	at android.app.LoadedApk.getClassLoader(LoadedApk.java:1218)
12-20 00:12:41.480 10245  3289  3289 E LoadedApk: 	at android.app.LoadedApk.getResourcesInner(LoadedApk.java:1493)
12-20 00:12:41.480 10245  3289  3289 E LoadedApk: 	at android.app.LoadedApk.getResources(LoadedApk.java:1471)
12-20 00:12:41.480 10245  3289  3289 E LoadedApk: 	at android.app.ContextImpl.createAppContext(ContextImpl.java:3614)
12-20 00:12:41.480 10245  3289  3289 E LoadedApk: 	at android.app.ContextImpl.createAppContext(ContextImpl.java:3604)
12-20 00:12:41.480 10245  3289  3289 E LoadedApk: 	at android.app.ActivityThread.handleBindApplication(ActivityThread.java:8028)
12-20 00:12:41.480 10245  3289  3289 E LoadedApk: 	at android.app.ActivityThread.-$$Nest$mhandleBindApplication(Unknown Source:0)
12-20 00:12:41.480 10245  3289  3289 E LoadedApk: 	at android.app.ActivityThread$H.handleMessage(ActivityThread.java:2712)
12-20 00:12:41.480 10245  3289  3289 E LoadedApk: 	at android.os.Handler.dispatchMessageImpl(Handler.java:142)
12-20 00:12:41.480 10245  3289  3289 E LoadedApk: 	at android.os.Handler.dispatchMessage(Handler.java:125)
12-20 00:12:41.480 10245  3289  3289 E LoadedApk: 	at android.os.Looper.loopOnce(Looper.java:269)
12-20 00:12:41.480 10245  3289  3289 E LoadedApk: 	at android.os.Looper.loop(Looper.java:367)
12-20 00:12:41.480 10245  3289  3289 E LoadedApk: 	at android.app.ActivityThread.main(ActivityThread.java:9309)
12-20 00:12:41.480 10245  3289  3289 E LoadedApk: 	at java.lang.reflect.Method.invoke(Native Method)
12-20 00:12:41.480 10245  3289  3289 E LoadedApk: 	at com.android.internal.os.RuntimeInit$MethodAndArgsCaller.run(RuntimeInit.java:566)
12-20 00:12:41.480 10245  3289  3289 E LoadedApk: 	at com.android.internal.os.ZygoteInit.main(ZygoteInit.java:929)
12-20 00:12:41.487 10236  3357  3630 I jank_cuj_events_cancel_request: [-1,1766185961411690000,16502151700,16502151781]
12-20 00:12:41.488  1000  2130  3348 I am_uid_active: 10225
12-20 00:12:41.489  1000  2130  3360 I am_proc_bound: [0,3312,com.google.android.grilservice]
12-20 00:12:41.498  1000  2130  3370 I am_wtf  : [0,3303,com.google.pixel.camera.services,814333517,ContextImpl,Data directory doesn't exist for package com.google.pixel.camera.services]
12-20 00:12:41.498  1000  2130  3360 I am_uid_active: 10233
12-20 00:12:41.499  1000  2130  2513 I am_proc_bound: [0,3299,com.android.hbmsvmanager]
12-20 00:12:41.503  1000  3303  3303 W ContextImpl: Calling a method in the system process without a qualified user: android.app.ContextImpl.startService:2064 android.content.ContextWrapper.startService:870 com.google.pixel.camera.services.PersistentApplication.startServices:24 com.google.pixel.camera.services.PersistentApplication.onCreate:20 android.app.Instrumentation.callApplicationOnCreate:1398 
12-20 00:12:41.504  1000  2130  2513 I am_uid_active: 10255
12-20 00:12:41.505  1000  2130  3362 I wm_restart_activity: [0,187687299,2,com.google.android.apps.nexuslauncher/.NexusLauncherActivity]
12-20 00:12:41.507  1000  2130  3362 I wm_set_resumed_activity: [0,com.google.android.apps.nexuslauncher/.NexusLauncherActivity,realStartActivityLocked - onActivityStateChanged]
12-20 00:12:41.508  1000  2130  3362 W ActivityManager: Slow operation: 83ms so far, now at finishAttachApplicationInner: after mServices.attachApplicationLocked
12-20 00:12:41.508  1000  2130  3362 W ActivityManager: Slow operation: 83ms so far, now at finishAttachApplicationInner: after dispatching broadcasts
12-20 00:12:41.510 10236  3357  3680 I DisplayManager: Choreographer implicitly registered for the refresh rate.
12-20 00:12:41.511  1000  2130  3345 I am_proc_bound: [0,3314,com.samsung.slsi.telephony.oem.oemrilhookservice]
12-20 00:12:41.513  1000  2130  3345 D CompatChangeReporter: Compat change id reported: 151861875; UID 1001; state: ENABLED
12-20 00:12:41.521  1000  3303  3303 W ContextImpl: Calling a method in the system process without a qualified user: android.app.ContextImpl.startService:2064 android.content.ContextWrapper.startService:870 com.google.pixel.camera.services.PersistentApplication.startServices:27 com.google.pixel.camera.services.PersistentApplication.onCreate:20 android.app.Instrumentation.callApplicationOnCreate:1398 
12-20 00:12:41.527 10236  3357  3357 I wm_on_create_called: [187687299,com.google.android.apps.nexuslauncher.NexusLauncherActivity,performCreate,0]
12-20 00:12:41.531  1000  2130  3346 I am_uid_active: 10271
12-20 00:12:41.535  1000  3303  3303 W ContextImpl: Calling a method in the system process without a qualified user: android.app.ContextImpl.startService:2064 android.content.ContextWrapper.startService:870 com.google.pixel.camera.services.PersistentApplication.startServices:31 com.google.pixel.camera.services.PersistentApplication.onCreate:20 android.app.Instrumentation.callApplicationOnCreate:1398 
12-20 00:12:41.540 10236  3357  3357 I wm_on_start_called: [187687299,com.google.android.apps.nexuslauncher.NexusLauncherActivity,handleStartActivity,0]
12-20 00:12:41.544 10231  3356  3356 V WindowManagerShell: Adding init callback for CompatUIController
12-20 00:12:41.545  1000  3303  3303 W ContextImpl: Calling a method in the system process without a qualified user: android.app.ContextImpl.startService:2064 android.content.ContextWrapper.startService:870 com.google.pixel.camera.services.PersistentApplication.startServices:35 com.google.pixel.camera.services.PersistentApplication.onCreate:20 android.app.Instrumentation.callApplicationOnCreate:1398 
12-20 00:12:41.548  1000  2130  3370 I am_uid_active: 1002
12-20 00:12:41.549 10231  3356  3356 V WindowManagerShell: Adding init callback for TaskStackTransitionObserver
12-20 00:12:41.549 10231  3356  3356 V WindowManagerShell: Adding init callback for DefaultHomePackageSupplier
12-20 00:12:41.549 10231  3356  3356 V WindowManagerShell: Adding init callback for RecentTasksController
12-20 00:12:41.555 10236  3357  3357 I wm_on_resume_called: [187687299,com.google.android.apps.nexuslauncher.NexusLauncherActivity,RESUME_ACTIVITY,15]
12-20 00:12:41.560 10231  3356  3356 V WindowManagerShell: Adding init callback for ShellTaskOrganizer
12-20 00:12:41.563  1000  2130  2130 I PackageWatchdog: Syncing health check requests for packages: {}
12-20 00:12:41.564  1000  2130  2130 I ExplicitHealthCheckController: Service not ready to get health check supported packages. Binding...
12-20 00:12:41.565 10231  3356  3356 V WindowManagerShell: Adding init callback for HomeTransitionObserver
12-20 00:12:41.566 10231  3356  3356 V WindowManagerShell: Adding init callback for FocusTransitionObserver
12-20 00:12:41.566  1000  2130  3270 I am_uid_active: 10506
12-20 00:12:41.566  1000  2130  3270 W ActivityManager: Slow operation: 128ms so far, now at finishAttachApplicationInner: after mServices.attachApplicationLocked
