12-20 00:12:29.060  root     1     1 I auditd  : type=1400 audit(0.0:401): avc:  denied  { relabelfrom } for  comm="init" name="pl.xml" dev="dm-54" ino=73887 scontext=u:r:init:s0 tcontext=u:object_r:system_file:s0 tclass=file permissive=0
12-20 00:12:29.060  root     1     1 I auditd  : type=1400 audit(0.0:402): avc:  denied  { relabelfrom } for  comm="init" name="ptbr.xml" dev="dm-54" ino=132515 scontext=u:r:init:s0 tcontext=u:object_r:system_file:s0 tclass=file permissive=0
12-20 00:12:29.060  root     1     1 I auditd  : type=1400 audit(0.0:403): avc:  denied  { relabelfrom } for  comm="init" name="ru.xml" dev="dm-54" ino=132581 scontext=u:r:init:s0 tcontext=u:object_r:system_file:s0 tclass=file permissive=0
12-20 00:12:29.060  root     1     1 I auditd  : type=1400 audit(0.0:404): avc:  denied  { relabelfrom } for  comm="init" name="tr.xml" dev="dm-54" ino=232770 scontext=u:r:init:s0 tcontext=u:object_r:system_file:s0 tclass=file permissive=0
12-20 00:12:29.060  root     1     1 I auditd  : type=1400 audit(0.0:405): avc:  denied  { relabelfrom } for  comm="init" name="uk.xml" dev="dm-54" ino=129038 scontext=u:r:init:s0 tcontext=u:object_r:system_file:s0 tclass=file permissive=0
12-20 00:12:29.060  root     1     1 I auditd  : type=1400 audit(0.0:406): avc:  denied  { relabelfrom } for  comm="init" name="vi.xml" dev="dm-54" ino=94802 scontext=u:r:init:s0 tcontext=u:object_r:system_file:s0 tclass=file permissive=0
12-20 00:12:29.060  root     1     1 I auditd  : type=1400 audit(0.0:407): avc:  denied  { relabelfrom } for  comm="init" name="zh-rCN.xml" dev="dm-54" ino=873 scontext=u:r:init:s0 tcontext=u:object_r:system_file:s0 tclass=file permissive=0
12-20 00:12:29.060  root     1     1 I auditd  : type=1400 audit(0.0:408): avc:  denied  { relabelfrom } for  comm="init" name="zh-rTW.xml" dev="dm-54" ino=132073 scontext=u:r:init:s0 tcontext=u:object_r:system_file:s0 tclass=file permissive=0
12-20 00:12:29.060  root     1     1 I auditd  : type=1400 audit(0.0:409): avc:  denied  { relabelfrom } for  comm="init" name="status.html" dev="dm-54" ino=131939 scontext=u:r:init:s0 tcontext=u:object_r:system_file:s0 tclass=file permissive=0
12-20 00:12:29.060  root     1     1 I auditd  : type=1400 audit(0.0:410): avc:  denied  { relabelfrom } for  comm="init" name="translators.json" dev="dm-54" ino=88738 scontext=u:r:init:s0 tcontext=u:object_r:system_file:s0 tclass=file permissive=0
12-20 00:12:29.060  root     1     1 I auditd  : type=1400 audit(0.0:411): avc:  denied  { relabelfrom } for  comm="init" name="NextRAM" dev="dm-54" ino=269767 scontext=u:r:init:s0 tcontext=u:object_r:system_file:s0 tclass=dir permissive=0
12-20 00:12:29.060  root     1     1 I auditd  : type=1400 audit(0.0:412): avc:  denied  { relabelfrom } for  comm="init" name="module.prop" dev="dm-54" ino=269772 scontext=u:r:init:s0 tcontext=u:object_r:system_file:s0 tclass=file permissive=0
12-20 00:12:29.060  root     1     1 I auditd  : type=1400 audit(0.0:413): avc:  denied  { relabelfrom } for  comm="init" name="system" dev="dm-54" ino=269766 scontext=u:r:init:s0 tcontext=u:object_r:system_file:s0 tclass=dir permissive=0
12-20 00:12:29.060  root     1     1 I auditd  : type=1400 audit(0.0:414): avc:  denied  { relabelfrom } for  comm="init" name="bin" dev="dm-54" ino=269764 scontext=u:r:init:s0 tcontext=u:object_r:system_file:s0 tclass=dir permissive=0
12-20 00:12:29.060  root     1     1 I auditd  : type=1400 audit(0.0:415): avc:  denied  { relabelfrom } for  comm="init" name="nextram" dev="dm-54" ino=268953 scontext=u:r:init:s0 tcontext=u:object_r:system_file:s0 tclass=file permissive=0
12-20 00:12:29.060  root     1     1 I auditd  : type=1400 audit(0.0:416): avc:  denied  { relabelfrom } for  comm="init" name="action" dev="dm-54" ino=269013 scontext=u:r:init:s0 tcontext=u:object_r:system_file:s0 tclass=dir permissive=0
12-20 00:12:29.060  root     1     1 I auditd  : type=1400 audit(0.0:417): avc:  denied  { relabelfrom } for  comm="init" name="livelog.sh" dev="dm-54" ino=269012 scontext=u:r:init:s0 tcontext=u:object_r:system_file:s0 tclass=file permissive=0
12-20 00:12:29.060  root     1     1 I auditd  : type=1400 audit(0.0:418): avc:  denied  { relabelfrom } for  comm="init" name="sysinfo.sh" dev="dm-54" ino=269011 scontext=u:r:init:s0 tcontext=u:object_r:system_file:s0 tclass=file permissive=0
12-20 00:12:29.060  root     1     1 I auditd  : type=1400 audit(0.0:419): avc:  denied  { relabelfrom } for  comm="init" name="action.sh" dev="dm-54" ino=268991 scontext=u:r:init:s0 tcontext=u:object_r:system_file:s0 tclass=file permissive=0
12-20 00:12:29.060  root     1     1 I auditd  : type=1400 audit(0.0:420): avc:  denied  { relabelfrom } for  comm="init" name="build_tools.sh" dev="dm-54" ino=268990 scontext=u:r:init:s0 tcontext=u:object_r:system_file:s0 tclass=file permissive=0
12-20 00:12:29.060  root     1     1 I auditd  : type=1400 audit(0.0:421): avc:  denied  { relabelfrom } for  comm="init" name="install.sh" dev="dm-54" ino=268987 scontext=u:r:init:s0 tcontext=u:object_r:system_file:s0 tclass=file permissive=0
12-20 00:12:29.060  root     1     1 I auditd  : type=1400 audit(0.0:422): avc:  denied  { relabelfrom } for  comm="init" name="main" dev="dm-54" ino=262647 scontext=u:r:init:s0 tcontext=u:object_r:system_file:s0 tclass=dir permissive=0
12-20 00:12:29.060  root     1     1 I auditd  : type=1400 audit(0.0:423): avc:  denied  { relabelfrom } for  comm="init" name="advanced_tuning.sh" dev="dm-54" ino=262552 scontext=u:r:init:s0 tcontext=u:object_r:system_file:s0 tclass=file permissive=0
12-20 00:12:29.060  root     1     1 I auditd  : type=1400 audit(0.0:424): avc:  denied  { relabelfrom } for  comm="init" name="api_functions.sh" dev="dm-54" ino=262693 scontext=u:r:init:s0 tcontext=u:object_r:system_file:s0 tclass=file permissive=0
12-20 00:12:29.060  root     1     1 I auditd  : type=1400 audit(0.0:425): avc:  denied  { relabelfrom } for  comm="init" name="config.sh" dev="dm-54" ino=262941 scontext=u:r:init:s0 tcontext=u:object_r:system_file:s0 tclass=file permissive=0
12-20 00:12:29.060  root     1     1 I auditd  : type=1400 audit(0.0:426): avc:  denied  { relabelfrom } for  comm="init" name="kernel_tuning.sh" dev="dm-54" ino=262572 scontext=u:r:init:s0 tcontext=u:object_r:system_file:s0 tclass=file permissive=0
12-20 00:12:29.060  root     1     1 I auditd  : type=1400 audit(0.0:427): avc:  denied  { relabelfrom } for  comm="init" name="log.sh" dev="dm-54" ino=262911 scontext=u:r:init:s0 tcontext=u:object_r:system_file:s0 tclass=file permissive=0
12-20 00:12:29.060  root     1     1 I auditd  : type=1400 audit(0.0:428): avc:  denied  { relabelfrom } for  comm="init" name="main.sh" dev="dm-54" ino=262663 scontext=u:r:init:s0 tcontext=u:object_r:system_file:s0 tclass=file permissive=0
12-20 00:12:29.060  root     1     1 I auditd  : type=1400 audit(0.0:429): avc:  denied  { relabelfrom } for  comm="init" name="monitoring.sh" dev="dm-54" ino=264217 scontext=u:r:init:s0 tcontext=u:object_r:system_file:s0 tclass=file permissive=0
12-20 00:12:29.060  root     1     1 I auditd  : type=1400 audit(0.0:430): avc:  denied  { relabelfrom } for  comm="init" name="prerequisites.sh" dev="dm-54" ino=264273 scontext=u:r:init:s0 tcontext=u:object_r:system_file:s0 tclass=file permissive=0
12-20 00:12:29.060  root     1     1 I auditd  : type=1400 audit(0.0:431): avc:  denied  { relabelfrom } for  comm="init" name="swap.sh" dev="dm-54" ino=264312 scontext=u:r:init:s0 tcontext=u:object_r:system_file:s0 tclass=file permissive=0
12-20 00:12:29.060  root     1     1 I auditd  : type=1400 audit(0.0:432): avc:  denied  { relabelfrom } for  comm="init" name="system_info.sh" dev="dm-54" ino=264154 scontext=u:r:init:s0 tcontext=u:object_r:system_file:s0 tclass=file permissive=0
12-20 00:12:29.060  root     1     1 I auditd  : type=1400 audit(0.0:433): avc:  denied  { relabelfrom } for  comm="init" name="zram.sh" dev="dm-54" ino=263905 scontext=u:r:init:s0 tcontext=u:object_r:system_file:s0 tclass=file permissive=0
12-20 00:12:29.060  root     1     1 I auditd  : type=1400 audit(0.0:434): avc:  denied  { relabelfrom } for  comm="init" name="service.sh" dev="dm-54" ino=263975 scontext=u:r:init:s0 tcontext=u:object_r:system_file:s0 tclass=file permissive=0
12-20 00:12:29.060  root     1     1 I auditd  : type=1400 audit(0.0:435): avc:  denied  { relabelfrom } for  comm="init" name="uninstall.sh" dev="dm-54" ino=264189 scontext=u:r:init:s0 tcontext=u:object_r:system_file:s0 tclass=file permissive=0
12-20 00:12:29.064  root     1     1 I auditd  : type=1400 audit(0.0:436): avc:  denied  { relabelfrom } for  comm="init" name="apk" dev="dm-54" ino=264100 scontext=u:r:init:s0 tcontext=u:object_r:system_file:s0 tclass=dir permissive=0
12-20 00:12:29.064  root     1     1 I auditd  : type=1400 audit(0.0:437): avc:  denied  { relabelfrom } for  comm="init" name="bin" dev="dm-54" ino=264763 scontext=u:r:init:s0 tcontext=u:object_r:system_file:s0 tclass=dir permissive=0
12-20 00:12:29.064  root     1     1 I auditd  : type=1400 audit(0.0:438): avc:  denied  { relabelfrom } for  comm="init" name="aapt" dev="dm-54" ino=264417 scontext=u:r:init:s0 tcontext=u:object_r:system_file:s0 tclass=dir permissive=0
12-20 00:12:29.064  root     1     1 I auditd  : type=1400 audit(0.0:439): avc:  denied  { relabelfrom } for  comm="init" name="aapt-aarch64" dev="dm-54" ino=264411 scontext=u:r:init:s0 tcontext=u:object_r:system_file:s0 tclass=file permissive=0
12-20 00:12:29.064  root     1     1 I auditd  : type=1400 audit(0.0:440): avc:  denied  { relabelfrom } for  comm="init" name="aapt-armv7l" dev="dm-54" ino=264409 scontext=u:r:init:s0 tcontext=u:object_r:system_file:s0 tclass=file permissive=0
12-20 00:12:29.064  root     1     1 I auditd  : type=1400 audit(0.0:441): avc:  denied  { relabelfrom } for  comm="init" name="aapt-x86" dev="dm-54" ino=264640 scontext=u:r:init:s0 tcontext=u:object_r:system_file:s0 tclass=file permissive=0
12-20 00:12:29.064  root     1     1 I auditd  : type=1400 audit(0.0:442): avc:  denied  { relabelfrom } for  comm="init" name="aapt-x86_64" dev="dm-54" ino=264610 scontext=u:r:init:s0 tcontext=u:object_r:system_file:s0 tclass=file permissive=0
12-20 00:12:29.064  root     1     1 I auditd  : type=1400 audit(0.0:443): avc:  denied  { relabelfrom } for  comm="init" name="nextram.apk" dev="dm-54" ino=264766 scontext=u:r:init:s0 tcontext=u:object_r:system_file:s0 tclass=file permissive=0
12-20 00:12:29.064  root     1     1 I auditd  : type=1400 audit(0.0:444): avc:  denied  { relabelfrom } for  comm="init" name="source" dev="dm-54" ino=264537 scontext=u:r:init:s0 tcontext=u:object_r:system_file:s0 tclass=dir permissive=0
12-20 00:12:29.064  root     1     1 I auditd  : type=1400 audit(0.0:445): avc:  denied  { relabelfrom } for  comm="init" name="faq.js" dev="dm-54" ino=264704 scontext=u:r:init:s0 tcontext=u:object_r:system_file:s0 tclass=file permissive=0
12-20 00:12:29.064  root     1     1 I auditd  : type=1400 audit(0.0:446): avc:  denied  { relabelfrom } for  comm="init" name="index.html" dev="dm-54" ino=267038 scontext=u:r:init:s0 tcontext=u:object_r:system_file:s0 tclass=file permissive=0
12-20 00:12:29.064  root     1     1 I auditd  : type=1400 audit(0.0:447): avc:  denied  { relabelfrom } for  comm="init" name="script.js" dev="dm-54" ino=267075 scontext=u:r:init:s0 tcontext=u:object_r:system_file:s0 tclass=file permissive=0
12-20 00:12:29.064  root     1     1 I auditd  : type=1400 audit(0.0:448): avc:  denied  { relabelfrom } for  comm="init" name="spl.js" dev="dm-54" ino=266892 scontext=u:r:init:s0 tcontext=u:object_r:system_file:s0 tclass=file permissive=0
12-20 00:12:29.064  root     1     1 I auditd  : type=1400 audit(0.0:449): avc:  denied  { relabelfrom } for  comm="init" name="style.css" dev="dm-54" ino=266680 scontext=u:r:init:s0 tcontext=u:object_r:system_file:s0 tclass=file permissive=0
12-20 00:12:29.064  root     1     1 I auditd  : type=1400 audit(0.0:450): avc:  denied  { relabelfrom } for  comm="init" name="tools" dev="dm-54" ino=266673 scontext=u:r:init:s0 tcontext=u:object_r:system_file:s0 tclass=dir permissive=0
12-20 00:12:29.064  root     1     1 I auditd  : type=1400 audit(0.0:451): avc:  denied  { relabelfrom } for  comm="init" name="nextramaicf" dev="dm-54" ino=267000 scontext=u:r:init:s0 tcontext=u:object_r:system_file:s0 tclass=file permissive=0
12-20 00:12:29.064  root     1     1 I auditd  : type=1400 audit(0.0:452): avc:  denied  { relabelfrom } for  comm="init" name="config.conf" dev="dm-54" ino=266199 scontext=u:r:init:s0 tcontext=u:object_r:system_file:s0 tclass=file permissive=0
12-20 00:12:29.064  root     1     1 I auditd  : type=1400 audit(0.0:453): avc:  denied  { relabelfrom } for  comm="init" name="logs" dev="dm-54" ino=100585 scontext=u:r:init:s0 tcontext=u:object_r:system_file:s0 tclass=dir permissive=0
12-20 00:12:29.064  root     1     1 I auditd  : type=1400 audit(0.0:454): avc:  denied  { relabelfrom } for  comm="init" name="nextram_20251219_103732.log" dev="dm-54" ino=100591 scontext=u:r:init:s0 tcontext=u:object_r:system_file:s0 tclass=file permissive=0
12-20 00:12:29.064  root     1     1 I auditd  : type=1400 audit(0.0:455): avc:  denied  { relabelfrom } for  comm="init" name="zram_monitor.csv" dev="dm-54" ino=101142 scontext=u:r:init:s0 tcontext=u:object_r:system_file:s0 tclass=file permissive=0
12-20 00:12:29.064  root     1     1 I auditd  : type=1400 audit(0.0:456): avc:  denied  { relabelfrom } for  comm="init" name="swap_monitor.csv" dev="dm-54" ino=101143 scontext=u:r:init:s0 tcontext=u:object_r:system_file:s0 tclass=file permissive=0
12-20 00:12:29.064  root     1     1 I auditd  : type=1400 audit(0.0:457): avc:  denied  { relabelfrom } for  comm="init" name="memory_monitor.csv" dev="dm-54" ino=101147 scontext=u:r:init:s0 tcontext=u:object_r:system_file:s0 tclass=file permissive=0
12-20 00:12:29.064  root     1     1 I auditd  : type=1400 audit(0.0:458): avc:  denied  { relabelfrom } for  comm="init" name="nextram_20251219_150821.log" dev="dm-54" ino=191333 scontext=u:r:init:s0 tcontext=u:object_r:system_file:s0 tclass=file permissive=0
12-20 00:12:29.064  root     1     1 I auditd  : type=1400 audit(0.0:459): avc:  denied  { relabelfrom } for  comm="init" name="nextram_20251219_212746.log" dev="dm-54" ino=79201 scontext=u:r:init:s0 tcontext=u:object_r:system_file:s0 tclass=file permissive=0
12-20 00:12:29.064  root     1     1 I auditd  : type=1400 audit(0.0:460): avc:  denied  { relabelfrom } for  comm="init" name="cache" dev="dm-54" ino=100590 scontext=u:r:init:s0 tcontext=u:object_r:system_file:s0 tclass=dir permissive=0
12-20 00:12:29.068  root     1     1 I auditd  : type=1400 audit(0.0:461): avc:  denied  { relabelfrom } for  comm="init" name="zram_history.txt" dev="dm-54" ino=101135 scontext=u:r:init:s0 tcontext=u:object_r:system_file:s0 tclass=file permissive=0
12-20 00:12:29.068  root     1     1 I auditd  : type=1400 audit(0.0:462): avc:  denied  { relabelfrom } for  comm="init" name="ratio_checked.flag" dev="dm-54" ino=81170 scontext=u:r:init:s0 tcontext=u:object_r:system_file:s0 tclass=file permissive=0
12-20 00:12:29.068  root     1     1 I auditd  : type=1400 audit(0.0:463): avc:  denied  { relabelfrom } for  comm="init" name="monitor.pid" dev="dm-54" ino=101139 scontext=u:r:init:s0 tcontext=u:object_r:system_file:s0 tclass=file permissive=0
12-20 00:12:29.072  root     1     1 I auditd  : type=1400 audit(0.0:464): avc:  denied  { relabelfrom } for  comm="init" name="custom.css" dev="dm-54" ino=24484 scontext=u:r:init:s0 tcontext=u:object_r:system_file:s0 tclass=file permissive=0
12-20 00:12:29.084  root     1     1 I auditd  : type=1400 audit(0.0:465): avc:  denied  { relabelfrom } for  comm="init" name="lspd" dev="dm-54" ino=95130 scontext=u:r:init:s0 tcontext=u:object_r:system_file:s0 tclass=dir permissive=0
12-20 00:12:29.084  root     1     1 I auditd  : type=1400 audit(0.0:466): avc:  denied  { relabelfrom } for  comm="init" name="config" dev="dm-54" ino=95131 scontext=u:r:init:s0 tcontext=u:object_r:system_file:s0 tclass=dir permissive=0
12-20 00:12:29.084  root     1     1 I auditd  : type=1400 audit(0.0:467): avc:  denied  { relabelfrom } for  comm="init" name="modules_config.db" dev="dm-54" ino=95149 scontext=u:r:init:s0 tcontext=u:object_r:system_file:s0 tclass=file permissive=0
12-20 00:12:29.084  root     1     1 I auditd  : type=1400 audit(0.0:468): avc:  denied  { relabelfrom } for  comm="init" name="modules_config.db-wal" dev="dm-54" ino=95151 scontext=u:r:init:s0 tcontext=u:object_r:system_file:s0 tclass=file permissive=0
12-20 00:12:29.084  root     1     1 I auditd  : type=1400 audit(0.0:469): avc:  denied  { relabelfrom } for  comm="init" name="modules_config.db-shm" dev="dm-54" ino=95152 scontext=u:r:init:s0 tcontext=u:object_r:system_file:s0 tclass=file permissive=0
12-20 00:12:29.084  root     1     1 I auditd  : type=1400 audit(0.0:470): avc:  denied  { relabelfrom } for  comm="init" name="dex2oat_service.db" dev="dm-54" ino=95570 scontext=u:r:init:s0 tcontext=u:object_r:system_file:s0 tclass=file permissive=0
12-20 00:12:29.084  root     1     1 I auditd  : type=1400 audit(0.0:471): avc:  denied  { relabelfrom } for  comm="init" name="dex2oat_service.db-wal" dev="dm-54" ino=95572 scontext=u:r:init:s0 tcontext=u:object_r:system_file:s0 tclass=file permissive=0
12-20 00:12:29.084  root     1     1 I auditd  : type=1400 audit(0.0:472): avc:  denied  { relabelfrom } for  comm="init" name="dex2oat_service.db-shm" dev="dm-54" ino=95573 scontext=u:r:init:s0 tcontext=u:object_r:system_file:s0 tclass=file permissive=0
12-20 00:12:29.084  root     1     1 I auditd  : type=1400 audit(0.0:473): avc:  denied  { relabelfrom } for  comm="init" name="log" dev="dm-54" ino=78493 scontext=u:r:init:s0 tcontext=u:object_r:system_file:s0 tclass=dir permissive=0
12-20 00:12:29.084  root     1     1 I auditd  : type=1400 audit(0.0:474): avc:  denied  { getattr } for  comm="init" path="/data/adb/lspd/log/props.txt" dev="dm-54" ino=78500 scontext=u:r:init:s0 tcontext=u:object_r:app_data_file:s0 tclass=file permissive=0 bug=b/77873135
12-20 00:12:29.084  root     1     1 I auditd  : type=1400 audit(0.0:475): avc:  denied  { relabelfrom } for  comm="init" name="kmsg.log" dev="dm-54" ino=78501 scontext=u:r:init:s0 tcontext=u:object_r:system_file:s0 tclass=file permissive=0
12-20 00:12:29.084  root     1     1 I auditd  : type=1400 audit(0.0:476): avc:  denied  { relabelfrom } for  comm="init" name="verbose_2025-12-19T21:27:43.228666.log" dev="dm-54" ino=78502 scontext=u:r:init:s0 tcontext=u:object_r:system_file:s0 tclass=file permissive=0
12-20 00:12:29.084  root     1     1 I auditd  : type=1400 audit(0.0:477): avc:  denied  { relabelfrom } for  comm="init" name="modules_2025-12-19T21:27:43.228994.log" dev="dm-54" ino=78505 scontext=u:r:init:s0 tcontext=u:object_r:system_file:s0 tclass=file permissive=0
12-20 00:12:29.084  root     1     1 I auditd  : type=1400 audit(0.0:478): avc:  denied  { relabelfrom } for  comm="init" name="lock" dev="dm-54" ino=95133 scontext=u:r:init:s0 tcontext=u:object_r:system_file:s0 tclass=file permissive=0
12-20 00:12:29.084  root     1     1 I auditd  : type=1400 audit(0.0:479): avc:  denied  { relabelfrom } for  comm="init" name="log.old" dev="dm-54" ino=191184 scontext=u:r:init:s0 tcontext=u:object_r:system_file:s0 tclass=dir permissive=0
12-20 00:12:29.084  root     1     1 I auditd  : type=1400 audit(0.0:480): avc:  denied  { getattr } for  comm="init" path="/data/adb/lspd/log.old/props.txt" dev="dm-54" ino=191187 scontext=u:r:init:s0 tcontext=u:object_r:app_data_file:s0 tclass=file permissive=0 bug=b/77873135
12-20 00:12:29.084  root     1     1 I auditd  : type=1400 audit(0.0:481): avc:  denied  { relabelfrom } for  comm="init" name="kmsg.log" dev="dm-54" ino=191189 scontext=u:r:init:s0 tcontext=u:object_r:system_file:s0 tclass=file permissive=0
12-20 00:12:29.084  root     1     1 I auditd  : type=1400 audit(0.0:482): avc:  denied  { relabelfrom } for  comm="init" name="verbose_2025-12-19T15:08:18.697604.log" dev="dm-54" ino=191194 scontext=u:r:init:s0 tcontext=u:object_r:system_file:s0 tclass=file permissive=0
12-20 00:12:29.084  root     1     1 I auditd  : type=1400 audit(0.0:483): avc:  denied  { relabelfrom } for  comm="init" name="modules_2025-12-19T15:08:18.698567.log" dev="dm-54" ino=191197 scontext=u:r:init:s0 tcontext=u:object_r:system_file:s0 tclass=file permissive=0
12-20 00:12:29.084  root     1     1 I auditd  : type=1400 audit(0.0:484): avc:  denied  { relabelfrom } for  comm="init" name="monitor" dev="dm-54" ino=95147 scontext=u:r:init:s0 tcontext=u:object_r:system_file:s0 tclass=file permissive=0
12-20 00:12:29.088  root     1     1 I auditd  : type=1400 audit(0.0:485): avc:  denied  { relabelfrom } for  comm="init" name="ARR" dev="dm-54" ino=8381 scontext=u:r:init:s0 tcontext=u:object_r:system_file:s0 tclass=dir permissive=0
12-20 00:12:29.088  root     1     1 I auditd  : type=1400 audit(0.0:486): avc:  denied  { relabelfrom } for  comm="init" name="log" dev="dm-54" ino=92703 scontext=u:r:init:s0 tcontext=u:object_r:system_file:s0 tclass=dir permissive=0
12-20 00:12:29.088  root     1     1 I auditd  : type=1400 audit(0.0:487): avc:  denied  { relabelfrom } for  comm="init" name="ARR_postfs.log" dev="dm-54" ino=95110 scontext=u:r:init:s0 tcontext=u:object_r:system_file:s0 tclass=file permissive=0
12-20 00:12:29.088  root     1     1 I auditd  : type=1400 audit(0.0:488): avc:  denied  { relabelfrom } for  comm="init" name="ARR_service.log" dev="dm-54" ino=95175 scontext=u:r:init:s0 tcontext=u:object_r:system_file:s0 tclass=file permissive=0
12-20 00:12:29.939  1000   486   486 I auditd  : Multiple same specifications for vendor.google.wireless_charger.IWirelessCharger/default.
12-20 00:12:29.940  1000   486   486 I auditd  : SELinux: Loaded service context from:
12-20 00:12:29.940  1000   486   486 I auditd  : 		/system/etc/selinux/plat_service_contexts
12-20 00:12:29.940  1000   486   486 I auditd  : 		/system_ext/etc/selinux/system_ext_service_contexts
12-20 00:12:29.940  1000   486   486 I auditd  : 		/product/etc/selinux/product_service_contexts
12-20 00:12:29.940  1000   486   486 I auditd  : 		/vendor/etc/selinux/vendor_service_contexts
12-20 00:12:29.940  1000   486   486 I auditd  : 		/odm/etc/selinux/odm_service_contexts
12-20 00:12:30.272  root  1116  1116 I auditd  : type=1400 audit(0.0:489): avc:  denied  { associate } for  comm="meta-mm" name="/" dev="tmpfs" ino=1 scontext=u:object_r:rootfs:s0 tcontext=u:object_r:tmpfs:s0 tclass=filesystem permissive=0
12-20 00:12:30.943  1000   486   486 I auditd  : Multiple same specifications for vendor.google.wireless_charger.IWirelessCharger/default.
12-20 00:12:30.946  1000   486   486 I auditd  : SELinux: Loaded service context from:
12-20 00:12:30.946  1000   486   486 I auditd  : 		/system/etc/selinux/plat_service_contexts
12-20 00:12:30.946  1000   486   486 I auditd  : 		/system_ext/etc/selinux/system_ext_service_contexts
12-20 00:12:30.946  1000   486   486 I auditd  : 		/product/etc/selinux/product_service_contexts
12-20 00:12:30.946  1000   486   486 I auditd  : 		/vendor/etc/selinux/vendor_service_contexts
12-20 00:12:30.946  1000   486   486 I auditd  : 		/odm/etc/selinux/odm_service_contexts
12-20 00:12:31.136  root  1360  1360 I auditd  : type=1400 audit(0.0:490): avc:  denied  { associate } for  comm="meta-mm" name="/" dev="tmpfs" ino=1 scontext=u:object_r:rootfs:s0 tcontext=u:object_r:tmpfs:s0 tclass=filesystem permissive=0
12-20 00:12:31.899  root     0     0 I trusty  : fs_init_from_super():862: fs tp: loaded super block version 1, checkpoint exists: 0
12-20 00:12:31.909  root     0     0 I trusty  : fs_init_from_super():862: fs td: loaded super block version 2, checkpoint exists: 0
12-20 00:12:31.920  root     0     0 I trusty  : fs_init_from_super():862: fs tdp: loaded super block version 2, checkpoint exists: 0
12-20 00:12:31.925  root     0     0 I trusty  : apploader_policy_engine: 404: NON_CRITICAL_APP requested
12-20 00:12:31.925  root     0     0 I trusty  : apploader_policy_engine: 414: Allowing app loading: passed policy: 8db26df6-9e77-4f61-b3c2-b88a788cbac2
12-20 00:12:31.929  root  1399  1399 I boot_progress_start: 7019
12-20 00:12:32.119  root  1399  1399 I snet_event_log: [200284993,-1,]
12-20 00:12:32.131  root  1399  1399 I boot_progress_preload_start: 7222
12-20 00:12:32.204 radio  1636  1636 I auditd  : type=1400 audit(0.0:491): avc:  denied  { read } for  comm="rfsd" name="u:object_r:vendor_cbd_prop:s0" dev="tmpfs" ino=440 scontext=u:r:rfsd:s0 tcontext=u:object_r:vendor_cbd_prop:s0 tclass=file permissive=0 bug=b/317734418
12-20 00:12:32.387  root     0     0 I trusty  : [GF_TA][I][gf_modules][ta_version_info] SOFT VERSION INFO PRINT
12-20 00:12:32.387  root     0     0 I trusty  : [GF_TA][I][gf_modules][ta_version_info] ANDROID_VERSION=android12.0
12-20 00:12:32.387  root     0     0 I trusty  : [GF_TA][I][gf_modules][ta_version_info] TARGET_MODE=release
12-20 00:12:32.387  root     0     0 I trusty  : [GF_TA][I][gf_modules][ta_version_info] PACKAGE_VERSION_CODE=26010162
12-20 00:12:32.387  root     0     0 I trusty  : [GF_TA][I][gf_modules][ta_version_info] PACKAGE_VERSION_NAME=V26.01.01.62
12-20 00:12:32.387  root     0     0 I trusty  : [GF_TA][I][gf_modules][ta_version_info] GIT_BRANCH=master
12-20 00:12:32.387  root     0     0 I trusty  : [GF_TA][I][gf_modules][ta_version_info] COMMIT_ID=315813a2_27d54454_e1eb0a6
12-20 00:12:32.387  root     0     0 I trusty  : [GF_TA][I][gf_modules][ta_version_info] BUILD_TIME=2024.11.18_10:39:55
12-20 00:12:32.387  root     0     0 I trusty  : [GF_TA][I][gf_modules][ta_version_info] TA_VERSION=315813a2_27d54454_e1eb0a6_2024.11.18_10:39:55
12-20 00:12:32.387  root     0     0 I trusty  : [GF_TA][I][gf_hw_dc][gf_hw_dc_init_function]  sensor_type=0x00000003
12-20 00:12:32.387  root     0     0 I trusty  : [GF_TA][I][gf_hw_dc][gf_hw_dc_init_function]  init delmar_t 
12-20 00:12:32.390  root     0     0 I trusty  : [GF_TA][I][gf_sensor_utils][print_ta_version_in_sensor_utils] TA_VERSION=315813a2_27d54454_e1eb0a6_2024.11.18_10:39:55
12-20 00:12:32.390  root     0     0 I trusty  : [GF_TA][I][gf_extension][gf_extension_create] debuggable:0
12-20 00:12:32.393  root     0     0 I trusty  : [GF_TA][I][gf_hw][hw_detect_chip_type] detect chip type = 3
12-20 00:12:32.394  root     0     0 I trusty  : [GF_TA][E][gf_sensor_customized][sensor_customized_do_init] hbm_mode=0
12-20 00:12:32.394  root     0     0 I trusty  : [GF_TA][E][gf_sensor_customized][sensor_customized_do_init] support_local_hbm_mode=1
12-20 00:12:32.394  root     0     0 I trusty  : [GF_TA][E][gf_hw][hw_has_flash] exit. err=GF_ERROR_BASE, errno=1000
12-20 00:12:32.397  root     0     0 I trusty  : [GF_TA][E][gf_delmar_t_dc][delmar_read_vendor_id] smt1 vendor id =0000
12-20 00:12:32.397  root     0     0 I trusty  : [GF_TA][E][gf_delmar_t_dc][delmar_read_vendor_id] smt2 vendor id =0000
12-20 00:12:32.478  root  1401  1401 I snet_event_log: [200284993,-1,]
12-20 00:12:32.515  root     0     0 I trusty  : [GF_TA][E][gf_local_store_file_system][gf_load_data_in_partion]Sector 0 no data in block index = 0, seg_offset = 0
12-20 00:12:32.516  root     0     0 I trusty  : [GF_TA][E][gf_local_store_file_system][gf_load_data_in_partion] exit. err=GF_ERROR_INVALID_DATA, errno=1024
12-20 00:12:32.518  root     0     0 I trusty  : [GF_TA][I][gf_delmar_sensor][sensor_do_init] sensor 0 cf_mark = 1 cf_mask_type = 5, optical_type = 14
12-20 00:12:32.518  root     0     0 I trusty  : [GF_TA][I][gf_delmar_sensor][sensor_do_init] sg num = 4
12-20 00:12:32.518  root     0     0 I trusty  : [GF_TA][I][gf_delmar_sensor][sensor_do_init] bg version = 1
12-20 00:12:32.518  root     0     0 I trusty  : [GF_TA][E][gf_hw_utils][gf_get_c_chip_type] exit. err=GF_ERROR_CHIP_TYPE_INCORRECT, errno=1528
12-20 00:12:32.518  root     0     0 I trusty  : [GF_TA][I][gf_delmar_sensor][sensor_do_init] get c chip type err:1528, maybe not g6x, not break
12-20 00:12:32.518  root     0     0 I trusty  : [GF_TA][I][gf_delmar_sensor][sensor_do_init] fw_version = 
12-20 00:12:32.518  root     0     0 I trusty  : [GF_TA][E][gf_delmar_t_dc][init_default_config] load DELMAR_SENSOR_TYPE_SINGLE_T_SE5 config.
12-20 00:12:32.518  root     0     0 I trusty  : [GF_TA][I][gf_delmar_t_dc][init_default_config] idle config, addr: 0x166, val: 0x4
12-20 00:12:32.518  root     0     0 I trusty  : [GF_TA][I][gf_delmar_t_dc][init_default_config] idle config, addr: 0x13a, val: 0x0
12-20 00:12:32.518  root     0     0 I trusty  : [GF_TA][I][gf_hw_utils][gf_get_pga_gain_value] sensor index = 0 gain_value=4.963900
12-20 00:12:32.524  root     0     0 I trusty  : [GF_TA][I][gf_hw_dc][hw_init_chip_config] Data process version(Mixed):DataProcMixed_V1.0.25 
12-20 00:12:32.525  root     0     0 I trusty  : [GF_TA][I][gf_algo_common][algo_check_config] max_fingers=32
12-20 00:12:32.525  root     0     0 I trusty  : [GF_TA][I][gf_algo_common][algo_check_config] max_fingers_per_user=5
12-20 00:12:32.525  root     0     0 I trusty  : [GF_TA][I][gf_algo_common][algo_check_config] enrolling_min_templates=40
12-20 00:12:32.525  root     0     0 I trusty  : [GF_TA][I][gf_algo_common][algo_check_config] valid_image_quality_threshold=15
12-20 00:12:32.525  root     0     0 I trusty  : [GF_TA][I][gf_algo_common][algo_check_config] valid_image_area_threshold=65
12-20 00:12:32.525  root     0     0 I trusty  : [GF_TA][I][gf_algo_common][algo_check_config] duplicate_finger_overlay_score=70
12-20 00:12:32.525  root     0     0 I trusty  : [GF_TA][I][gf_algo_common][algo_check_config] increase_rate_between_stitch_info=10
12-20 00:12:32.525  root     0     0 I trusty  : [GF_TA][I][gf_algo_common][algo_check_config] forbidden_enroll_duplicate_fingers=0
12-20 00:12:32.525  root     0     0 I trusty  : [GF_TA][I][gf_algo_common][algo_check_config] authenticate_order=0
12-20 00:12:32.525  root     0     0 I trusty  : [GF_TA][I][gf_algo_common][algo_check_config] template_update_save_threshold=20
12-20 00:12:32.525  root     0     0 I trusty  : [GF_TA][E][gf_cali][cali_init] start cali inti lb mode = 0.
12-20 00:12:32.916  root  1399  1399 I boot_progress_preload_end: 8006
12-20 00:12:33.061  root     0     0 I trusty  : [GF_TA][I][gf_algo_adapter][gf_adt_fp_preprocess_init] MoireFilterVersion=Moire_v_2.01.13
12-20 00:12:33.175  root     0     0 I trusty  : [GF_TA][I][gf_algo_adapter][gf_adt_fp_preprocess_init] MoireFilterVersion=Moire_v_2.01.13
12-20 00:12:33.248  root     0     0 I trusty  : [GF_TA][I][gf_algo_adapter][gf_adt_fp_preprocess_init] MoireFilterVersion=Moire_v_2.01.13
12-20 00:12:33.302  root     0     0 I trusty  : [GF_TA][I][gf_algo_adapter][gf_adt_fp_preprocess_init] MoireFilterVersion=Moire_v_2.01.13
12-20 00:12:33.310  root     0     0 I trusty  : [GF_TA][E][gf_delmar_t_dc][delmar_get_smt_signal_ratio] exit. err=GF_ERROR_GET_OTP_INFO_FAILED, errno=1069
12-20 00:12:33.310  root     0     0 I trusty  : [GF_TA][E][gf_hw_dc][hw_get_smt_signal_ratio] exit. err=GF_ERROR_GET_OTP_INFO_FAILED, errno=1069
12-20 00:12:33.310  root     0     0 I trusty  : [GF_TA][E][gf_delmar_ta][gf_init_smt_signal_ratio_data] exit. err=GF_ERROR_GET_OTP_INFO_FAILED, errno=1069
12-20 00:12:33.310  root     0     0 I trusty  : [GF_TA][I][gf_algo_adapter][gf_adt_fp_preprocess_init] MoireFilterVersion=Moire_v_2.01.13
12-20 00:12:33.310  root     0     0 I trusty  : [GF_TA][E][gf_cali][cali_after_init] cali_info=0x***, cali_info->pstPreProc=0
12-20 00:12:33.558  root     0     0 I trusty  : [GF_TA][I][gf_algo_test_adapter][get_product_test_other_version] product version = MPALGO_01.00.00.27.01-A.109.10.23.30
12-20 00:12:33.559  root     0     0 I trusty  : [GF_TA][I][gf_delmar_algo][algo_do_init] algorithm version:Shenzhen_v_2.02.02.42.03.56
12-20 00:12:33.559  root     0     0 I trusty  : [GF_TA][I][gf_delmar_algo][algo_do_init] preprocess version:Preprocess_v_2.02.02.35.56
12-20 00:12:33.559  root     0     0 I trusty  : [GF_TA][I][gf_delmar_algo][algo_do_init] production version:MPALGO_01.00.00.27.01-A.109.10.23.30
12-20 00:12:33.559  root     0     0 I trusty  : [GF_TA][I][gf_algo_adapter][gf_adt_get_fake_version] af for g6 opt7
12-20 00:12:33.559  root     0     0 I trusty  : [GF_TA][I][gf_algo_af][af_get_version] Fake algo version : GF_ASP_4.01.31.02
12-20 00:12:33.728  1000  2130  2130 I auditd  : type=1400 audit(0.0:492): avc:  denied  { read } for  comm="system_server" name="u:object_r:vendor_default_prop:s0" dev="tmpfs" ino=443 scontext=u:r:system_server:s0 tcontext=u:object_r:vendor_default_prop:s0 tclass=file permissive=0
12-20 00:12:34.079  1000  2130  2130 I system_server_start: [1,9168,9168]
12-20 00:12:34.079  1000  2130  2130 I boot_progress_system_run: 9170
12-20 00:12:34.440  1000  1461  1461 I auditd  : type=1400 audit(0.0:493): avc:  denied  { read } for  comm="DisplayInfo" name="op_hz" dev="sysfs" ino=81300 scontext=u:r:hal_sensors_default:s0 tcontext=u:object_r:sysfs:s0 tclass=file permissive=0 bug=b/340723303
12-20 00:12:34.553  1000  2424  2424 I liblog  : 239
12-20 00:12:34.603  1000  2130  2130 I boot_progress_pms_start: 9694
12-20 00:12:34.745  1000  2130  2130 I boot_progress_pms_system_scan_start: 9835
12-20 00:12:35.504  1000  2130  2130 I boot_progress_pms_data_scan_start: 10594
12-20 00:12:35.533  1000  2130  2130 I service_manager_stats: [100,5,10623]
12-20 00:12:36.399  1000  2130  2130 I boot_progress_pms_scan_end: 11489
12-20 00:12:36.767  1000  2130  2130 I commit_sys_config_file: [package,270]
12-20 00:12:36.767  1000  2130  2130 I boot_progress_pms_ready: 11858
12-20 00:12:36.780  1000  2130  2461 I commit_sys_config_file: [package-user-0,13]
12-20 00:12:36.800  1000  2130  2130 I am_uid_running: 1000
12-20 00:12:36.801  1000  2130  2130 I am_uid_active: 1000
12-20 00:12:36.849  root  1617  1617 I storaged_emmc_info: [ufs 310,1,1,1]
12-20 00:12:36.850  root  1617  2874 I storaged_disk_stats: [regular,0,11940,40440,7297,2748544,11955,446,293,22216,560,2,3020,12557]
12-20 00:12:36.951  1000  2130  2130 I commit_sys_config_file: [overlays,1]
12-20 00:12:36.989  1000  2130  2884 I battery_status: [3,2,1,0,Li-ion]
12-20 00:12:36.990  1000  2130  2884 I battery_level: [71,3960,312]
12-20 00:12:37.177  1000  2130  2130 I liblog  : 1
12-20 00:12:37.186  1000  2130  2130 I liblog  : 67
12-20 00:12:37.230  1000  2130  2379 I liblog  : 31
12-20 00:12:37.259  1000  2130  2428 I am_wtf  : [0,2130,system_server,-1,SystemServiceRegistry,No service published for: virtualdevice]
12-20 00:12:37.260  1000  2130  2428 I am_wtf  : [0,2130,system_server,-1,SystemServiceRegistry,No service published for: dropbox]
12-20 00:12:37.260  1000  2130  2428 I am_wtf  : [0,2130,system_server,-1,SystemServiceRegistry,No service published for: supervision]
12-20 00:12:37.261  1000  2130  2428 I am_wtf  : [0,2130,system_server,-1,SystemServiceRegistry,Manager wrapper not available: dropbox]
12-20 00:12:37.262  1000  2130  2428 I am_wtf  : [0,2130,system_server,-1,SystemServiceRegistry,Manager wrapper not available: supervision]
12-20 00:12:37.262  1000  2130  2428 I am_wtf  : [0,2130,system_server,-1,SystemServiceRegistry,No service published for: dropbox]
12-20 00:12:37.263  1000  2130  2428 I am_wtf  : [0,2130,system_server,-1,SystemServiceRegistry,Manager wrapper not available: dropbox]
12-20 00:12:37.263  1000  2130  2428 I am_wtf  : [0,2130,system_server,-1,SystemServiceRegistry,No service published for: dropbox]
12-20 00:12:37.263  1000  2130  2428 I am_wtf  : [0,2130,system_server,-1,SystemServiceRegistry,Manager wrapper not available: dropbox]
12-20 00:12:37.264  1000  2130  2428 I am_wtf  : [0,2130,system_server,-1,SystemServiceRegistry,No service published for: dropbox]
12-20 00:12:37.264  1000  2130  2428 I am_wtf  : [0,2130,system_server,-1,SystemServiceRegistry,Manager wrapper not available: dropbox]
12-20 00:12:37.265  1000  2130  2428 I am_wtf  : [0,2130,system_server,-1,SystemServiceRegistry,No service published for: dropbox]
12-20 00:12:37.265  1000  2130  2428 I am_wtf  : [0,2130,system_server,-1,SystemServiceRegistry,Manager wrapper not available: dropbox]
12-20 00:12:37.266  1000  2130  2428 I am_wtf  : [0,2130,system_server,-1,SystemServiceRegistry,No service published for: dropbox]
12-20 00:12:37.268  1000  2130  2428 I am_wtf  : [0,2130,system_server,-1,SystemServiceRegistry,Manager wrapper not available: dropbox]
12-20 00:12:37.268  1000  2130  2428 I am_wtf  : [0,2130,system_server,-1,SystemServiceRegistry,No service published for: dropbox]
12-20 00:12:37.268  1000  2130  2428 I am_wtf  : [0,2130,system_server,-1,SystemServiceRegistry,Manager wrapper not available: dropbox]
12-20 00:12:37.268  1000  2130  2428 I am_wtf  : [0,2130,system_server,-1,SystemServiceRegistry,No service published for: dropbox]
12-20 00:12:37.268  1000  2130  2428 I am_wtf  : [0,2130,system_server,-1,SystemServiceRegistry,Manager wrapper not available: dropbox]
12-20 00:12:37.268  1000  2130  2428 I am_wtf  : [0,2130,system_server,-1,SystemServiceRegistry,No service published for: dropbox]
12-20 00:12:37.269  1000  2130  2428 I am_wtf  : [0,2130,system_server,-1,SystemServiceRegistry,Manager wrapper not available: dropbox]
12-20 00:12:37.269  1000  2130  2428 I am_wtf  : [0,2130,system_server,-1,SystemServiceRegistry,No service published for: dropbox]
12-20 00:12:37.269  1000  2130  2428 I am_wtf  : [0,2130,system_server,-1,SystemServiceRegistry,Manager wrapper not available: dropbox]
12-20 00:12:37.269  1000  2130  2428 I am_wtf  : [0,2130,system_server,-1,SystemServiceRegistry,No service published for: dropbox]
12-20 00:12:37.269  1000  2130  2428 I am_wtf  : [0,2130,system_server,-1,SystemServiceRegistry,Manager wrapper not available: dropbox]
12-20 00:12:37.269  1000  2130  2428 I am_wtf  : [0,2130,system_server,-1,SystemServiceRegistry,No service published for: dropbox]
12-20 00:12:37.269  1000  2130  2428 I am_wtf  : [0,2130,system_server,-1,SystemServiceRegistry,Manager wrapper not available: dropbox]
12-20 00:12:37.269  1000  2130  2428 I am_wtf  : [0,2130,system_server,-1,SystemServiceRegistry,No service published for: dropbox]
12-20 00:12:37.269  1000  2130  2428 I am_wtf  : [0,2130,system_server,-1,SystemServiceRegistry,Manager wrapper not available: dropbox]
12-20 00:12:37.269  1000  2130  2428 I am_wtf  : [0,2130,system_server,-1,SystemServiceRegistry,No service published for: dropbox]
12-20 00:12:37.270  1000  2130  2428 I am_wtf  : [0,2130,system_server,-1,SystemServiceRegistry,Manager wrapper not available: dropbox]
12-20 00:12:37.373  1000  2130  2130 I wm_task_created: 1
12-20 00:12:37.378  1000  2130  2420 I sysui_multi_action: [757,1594,758,4,759,0,806,NULL]
12-20 00:12:37.457  1000  2130  2130 I configuration_changed: 536894968
12-20 00:12:37.459  1000  2130  2130 I sysui_multi_action: [757,1659,758,4,759,1,1660,0]
12-20 00:12:37.504  1000  2130  2130 I device_idle: [0,boot]
12-20 00:12:37.504  1000  2130  2130 I device_idle_light: [0,boot]
12-20 00:12:37.694  1000  2130  3023 I storage_state: [41217664-9172-527a-b3d5-edabb50a7d69,0,0,34116538368,118396899328]
12-20 00:12:37.701  1000  2130  2428 I am_wtf  : [0,2130,system_server,-1,SystemServiceRegistry,No service published for: trust]
12-20 00:12:37.701  1000  2130  2428 I am_wtf  : [0,2130,system_server,-1,SystemServiceRegistry,Manager wrapper not available: keyguard]
12-20 00:12:37.732  1000  2130  2428 I am_wtf  : [0,2130,system_server,-1,PowerManagerService,Tried to acquire wake lock for invalid display: 0]
12-20 00:12:37.792  1000  2130  3030 I stream_devices_changed: [4,0,2]
12-20 00:12:37.793  1000  2130  3030 I stream_devices_changed: [3,0,2]
12-20 00:12:37.797  1000  2130  3030 I stream_devices_changed: [5,0,2]
12-20 00:12:37.797  1000  2130  3030 I stream_devices_changed: [2,0,2]
12-20 00:12:37.798  1000  2130  3030 I stream_devices_changed: [0,0,1]
12-20 00:12:37.810  1000  2130  2428 I am_wtf  : [0,2130,system_server,-1,JobStore,class name is null]
12-20 00:12:37.843  1000  2130  2428 I am_wtf  : [0,2130,system_server,-1,SystemServiceRegistry,No service published for: face]
12-20 00:12:37.844  1000  2130  2428 I am_wtf  : [0,2130,system_server,-1,SystemServiceRegistry,Manager wrapper not available: face]
12-20 00:12:37.857  1000  2130  2428 I am_wtf  : [0,2130,system_server,-1,SystemServiceRegistry,No service published for: face]
12-20 00:12:37.858  1000  2130  2428 I am_wtf  : [0,2130,system_server,-1,SystemServiceRegistry,Manager wrapper not available: face]
12-20 00:12:37.908  1000  2130  2419 I commit_sys_config_file: [notification-policy,4]
12-20 00:12:38.084  1000  2130  2130 I configuration_changed: 512
12-20 00:12:38.120  wifi  1483  1483 I auditd  : type=1400 audit(0.0:494): avc:  denied  { read } for  comm="binder:1483_1" name="u:object_r:persist_vendor_debug_wifi_prop:s0" dev="tmpfs" ino=323 scontext=u:r:hal_wifi_ext:s0 tcontext=u:object_r:persist_vendor_debug_wifi_prop:s0 tclass=file permissive=0
12-20 00:12:38.130  1000  2130  2428 I am_wtf  : [0,2130,system_server,-1,SystemServiceRegistry,No service published for: face]
12-20 00:12:38.130  1000  2130  2428 I am_wtf  : [0,2130,system_server,-1,SystemServiceRegistry,Manager wrapper not available: face]
12-20 00:12:38.139  1000  2130  2438 I am_cpu  : [1,0,init,3540,20,30]
12-20 00:12:38.139  1000  2130  2438 I am_cpu  : [2,0,kthreadd,3540,0,10]
12-20 00:12:38.139  1000  2130  2438 I am_cpu  : [7,0,kworker/0:0H-kverityd,3540,0,150]
12-20 00:12:38.139  1000  2130  2438 I am_cpu  : [10,0,kworker/u16:1-loop36,3539,0,40]
12-20 00:12:38.139  1000  2130  2438 I am_cpu  : [13,0,ksoftirqd/0,3539,0,10]
12-20 00:12:38.139  1000  2130  2438 I am_cpu  : [14,0,rcu_preempt,3539,10,0]
12-20 00:12:38.139  1000  2130  2438 I am_cpu  : [15,0,rcuog/0,3539,0,20]
12-20 00:12:38.139  1000  2130  2438 I am_cpu  : [16,0,rcuop/0,3539,20,0]
12-20 00:12:38.139  1000  2130  2438 I am_cpu  : [20,0,migration/0,3540,0,20]
12-20 00:12:38.139  1000  2130  2438 I am_cpu  : [26,0,migration/1,3539,0,10]
12-20 00:12:38.139  1000  2130  2438 I am_cpu  : [30,0,rcuop/1,3539,20,0]
12-20 00:12:38.139  1000  2130  2438 I am_cpu  : [33,0,migration/2,3539,0,10]
12-20 00:12:38.139  1000  2130  2438 I am_cpu  : [37,0,rcuop/2,3539,0,20]
12-20 00:12:38.139  1000  2130  2438 I am_cpu  : [40,0,migration/3,3539,0,20]
12-20 00:12:38.139  1000  2130  2438 I am_cpu  : [44,0,rcuop/3,3538,0,20]
12-20 00:12:38.139  1000  2130  2438 I am_cpu  : [51,0,rcuog/4,3538,0,20]
12-20 00:12:38.139  1000  2130  2438 I am_cpu  : [52,0,rcuop/4,3538,0,10]
12-20 00:12:38.139  1000  2130  2438 I am_cpu  : [59,0,rcuop/5,3537,0,20]
12-20 00:12:38.139  1000  2130  2438 I am_cpu  : [66,0,rcuop/6,3537,0,20]
12-20 00:12:38.139  1000  2130  2438 I am_cpu  : [73,0,rcuop/7,3536,0,20]
12-20 00:12:38.139  1000  2130  2438 I am_cpu  : [86,0,kworker/u16:2-async_vote_wq,3536,0,30]
12-20 00:12:38.139  1000  2130  2438 I am_cpu  : [141,0,trusty-nop-0,3534,0,10]
12-20 00:12:38.139  1000  2130  2438 I am_cpu  : [142,0,trusty-nop-1,3534,0,40]
12-20 00:12:38.139  1000  2130  2438 I am_cpu  : [143,0,trusty-nop-2,3534,0,20]
12-20 00:12:38.139  1000  2130  2438 I am_cpu  : [144,0,trusty-nop-3,3534,0,20]
12-20 00:12:38.139  1000  2130  2438 I am_cpu  : [145,0,trusty-nop-4,3534,0,50]
12-20 00:12:38.139  1000  2130  2438 I am_cpu  : [147,0,trusty-nop-6,3534,0,10]
12-20 00:12:38.139  1000  2130  2438 I am_cpu  : [173,0,spi13,3532,0,90]
12-20 00:12:38.139  1000  2130  2438 I am_cpu  : [176,0,kworker/u17:1-trusty-check-wq,3532,0,20]
12-20 00:12:38.139  1000  2130  2438 I am_cpu  : [191,0,thermal_BIG,3532,0,30]
12-20 00:12:38.139  1000  2130  2438 I am_cpu  : [207,0,thermal_MID,3531,0,10]
12-20 00:12:38.139  1000  2130  2438 I am_cpu  : [264,0,simpleinteractive,3528,10,0]
12-20 00:12:38.139  1000  2130  2438 I am_cpu  : [281,0,decon0_kthread,3527,0,40]
12-20 00:12:38.139  1000  2130  2438 I am_cpu  : [299,0,kworker/5:1H-kverityd,3526,0,50]
12-20 00:12:38.139  1000  2130  2438 I am_cpu  : [336,0,kworker/3:1H-kverityd,3525,0,10]
12-20 00:12:38.139  1000  2130  2438 I am_cpu  : [365,0,kworker/1:1H-kverityd,3523,0,10]
12-20 00:12:38.139  1000  2130  2438 I am_cpu  : [366,0,ueventd,3523,10,10]
12-20 00:12:38.139  1000  2130  2438 I am_cpu  : [484,1036,logd,3520,80,240]
12-20 00:12:38.139  1000  2130  2438 I am_cpu  : [486,1000,servicemanager,3520,80,40]
12-20 00:12:38.139  1000  2130  2438 I am_cpu  : [487,1000,hwservicemanage,3520,10,0]
12-20 00:12:38.139  1000  2130  2438 I am_cpu  : [495,0,sugov:0,3520,0,20]
12-20 00:12:38.139  1000  2130  2438 I am_cpu  : [496,0,sugov:4,3520,0,10]
12-20 00:12:38.139  1000  2130  2438 I am_cpu  : [497,0,sugov:6,3520,0,10]
12-20 00:12:38.139  1000  2130  2438 I am_cpu  : [538,1000,suspend-service,3519,20,80]
12-20 00:12:38.139  1000  2130  2438 I am_cpu  : [547,1003,bootanimation,3519,220,200]
12-20 00:12:38.139  1000  2130  2438 I am_cpu  : [550,0,kworker/u17:2-kbase_pm_poweroff_wait,3519,0,30]
12-20 00:12:38.139  1000  2130  2438 I am_cpu  : [551,1000,surfaceflinger,3519,180,90]
12-20 00:12:38.139  1000  2130  2438 I am_cpu  : [554,1000,composer@2.4-se,3519,80,50]
12-20 00:12:38.139  1000  2130  2438 I am_cpu  : [616,0,mali_jd_thread,3518,0,30]
12-20 00:12:38.139  1000  2130  2438 I am_cpu  : [682,0,apexd,3517,0,10]
12-20 00:12:38.139  1000  2130  2438 I am_cpu  : [882,0,kworker/6:4H-fsverity_read_queue,3515,0,40]
12-20 00:12:38.139  1000  2130  2438 I am_cpu  : [889,0,twoshay,3515,0,10]
12-20 00:12:38.139  1000  2130  2438 I am_cpu  : [893,0,dmesg,3515,10,10]
12-20 00:12:38.139  1000  2130  2438 I am_cpu  : [894,0,logcat,3515,40,100]
12-20 00:12:38.139  1000  2130  2438 I am_cpu  : [963,0,main,3515,170,40]
12-20 00:12:38.139  1000  2130  2438 I am_cpu  : [1144,0,dmesg,3515,10,10]
12-20 00:12:38.139  1000  2130  2438 I am_cpu  : [1145,0,logcat,3515,80,60]
12-20 00:12:38.139  1000  2130  2438 I am_cpu  : [1398,1066,statsd,3515,0,10]
12-20 00:12:38.139  1000  2130  2438 I am_cpu  : [1399,0,main,3515,10,0]
12-20 00:12:38.139  1000  2130  2438 I am_cpu  : [1401,0,main,3515,350,90]
12-20 00:12:38.139  1000  2130  2438 I am_cpu  : [1429,1000,android.hardwar,3515,780,210]
12-20 00:12:38.139  1000  2130  2438 I am_cpu  : [1431,1080,android.hardwar,3515,0,10]
12-20 00:12:38.139  1000  2130  2438 I am_cpu  : [1445,1000,android.hardwar,3515,0,10]
12-20 00:12:38.139  1000  2130  2438 I am_cpu  : [1459,1068,android.hardwar,3514,0,10]
12-20 00:12:38.139  1000  2130  2438 I am_cpu  : [1461,1000,android.hardwar,3515,0,10]
12-20 00:12:38.139  1000  2130  2438 I am_cpu  : [1462,1000,android.hardwar,3515,10,0]
12-20 00:12:38.139  1000  2130  2438 I am_cpu  : [1483,1010,vendor.google.w,3514,0,10]
12-20 00:12:38.139  1000  2130  2438 I am_cpu  : [1554,1000,storageproxyd,3515,10,50]
12-20 00:12:38.139  1000  2130  2438 I am_cpu  : [1603,1000,binder:1603_2,3515,0,40]
12-20 00:12:38.139  1000  2130  2438 I am_cpu  : [1606,0,binder:1606_2,3515,160,260]
12-20 00:12:38.140  1000  2130  2438 I am_cpu  : [1613,1013,mediametrics,3515,10,0]
12-20 00:12:38.140  1000  2130  2438 I am_cpu  : [1629,1001,cbd,3514,10,10]
12-20 00:12:38.140  1000  2130  2438 I am_cpu  : [1677,0,aocd,3515,0,10]
12-20 00:12:38.140  1000  2130  2438 I am_cpu  : [1708,0,kworker/6:8H-kblockd,3514,0,10]
12-20 00:12:38.140  1000  2130  2438 I am_cpu  : [1746,0,main,3514,10,0]
12-20 00:12:38.140  1000  2130  2438 I am_cpu  : [1785,0,main.sh,3514,10,100]
12-20 00:12:38.140  1000  2130  2438 I am_cpu  : [1936,0,main,3515,10,0]
12-20 00:12:38.140  1000  2130  2438 I am_cpu  : [1993,0,main.sh,3514,10,110]
12-20 00:12:38.140  1000  2130  2438 I am_cpu  : [2130,1000,system_server,3514,4470,1550]
12-20 00:12:38.140  1000  2130  2438 I am_cpu  : [2164,0,resetprop,3514,0,10]
12-20 00:12:38.140  1000  2130  2438 I am_cpu  : [2315,0,kworker/7:8H-fsverity_read_queue,3514,0,50]
12-20 00:12:38.140  1000  2130  2438 I am_cpu  : [2322,0,kworker/4:7H-kverityd,3514,0,70]
12-20 00:12:38.140  1000  2130  2438 I am_cpu  : [2703,1041,audio.service,0,0,0]
12-20 00:12:38.140  1000  2130  2438 I am_cpu  : [2724,1041,audioserver,0,0,0]
12-20 00:12:38.140  1000  2130  2438 I am_cpu  : [2758,0,kworker/2:7-events,0,0,0]
12-20 00:12:38.140  1000  2130  2438 I am_cpu  : [2759,0,kworker/2:8-events,0,0,0]
12-20 00:12:38.140  1000  2130  2438 I am_cpu  : [2760,0,kworker/2:9-events,0,0,0]
12-20 00:12:38.140  1000  2130  2438 I am_cpu  : [2761,0,kworker/2:10-events,0,0,0]
12-20 00:12:38.140  1000  2130  2438 I am_cpu  : [2762,0,kworker/2:11-events,0,0,0]
12-20 00:12:38.140  1000  2130  2438 I am_cpu  : [2763,0,kworker/2:12-events,0,0,0]
12-20 00:12:38.140  1000  2130  2438 I am_cpu  : [2764,0,kworker/2:13-events,0,0,0]
12-20 00:12:38.140  1000  2130  2438 I am_cpu  : [2765,0,kworker/2:14-events,0,0,0]
12-20 00:12:38.140  1000  2130  2438 I am_cpu  : [2766,0,kworker/2:15-events,0,0,0]
12-20 00:12:38.140  1000  2130  2438 I am_cpu  : [2767,0,kworker/2:16-events,0,0,0]
12-20 00:12:38.140  1000  2130  2438 I am_cpu  : [2768,0,kworker/2:17-events,0,0,0]
12-20 00:12:38.140  1000  2130  2438 I am_cpu  : [2769,0,kworker/2:18-events,0,0,0]
12-20 00:12:38.140  1000  2130  2438 I am_cpu  : [2770,0,kworker/2:19-events,0,0,0]
12-20 00:12:38.140  1000  2130  2438 I am_cpu  : [2771,0,kworker/2:20-events,0,0,0]
12-20 00:12:38.140  1000  2130  2438 I am_cpu  : [2772,0,kworker/2:21-events,0,0,0]
12-20 00:12:38.140  1000  2130  2438 I am_cpu  : [2773,0,kworker/2:22-events,0,0,0]
12-20 00:12:38.140  1000  2130  2438 I am_cpu  : [2774,0,kworker/2:23-events,0,0,0]
12-20 00:12:38.140  1000  2130  2438 I am_cpu  : [2775,0,kworker/2:24-events,0,0,0]
12-20 00:12:38.140  1000  2130  2438 I am_cpu  : [2776,0,kworker/2:25-events,0,0,0]
12-20 00:12:38.140  1000  2130  2438 I am_cpu  : [2777,0,kworker/2:26-events,0,0,0]
12-20 00:12:38.140  1000  2130  2438 I am_cpu  : [2778,0,kworker/2:27-events,0,0,0]
12-20 00:12:38.140  1000  2130  2438 I am_cpu  : [2779,0,kworker/2:28-events,0,0,0]
12-20 00:12:38.140  1000  2130  2438 I am_cpu  : [2780,0,kworker/2:29-events,0,0,0]
