12-20 00:13:00.772  1000  2130  3346 I Telecom : PhoneAccountRegistrar: maybeNotifyTelephonyForVoiceServiceState: simTm is null.: TSI.rPA(cap)@ACY
12-20 00:13:00.792  1000  2130  2419 I commit_sys_config_file: [notification-policy,11]
12-20 00:13:00.831  1000  2130  3343 I am_proc_bound: [0,4282,com.google.euiccpixel]
12-20 00:13:00.834  1000  2130  3375 I am_proc_bound: [0,4290,com.google.android.gms]
12-20 00:13:00.841  1000  2130  3360 W ActivityManager: Unable to start service Intent { act=com.google.android.gms.phenotype.service.START xflg=0x4 pkg=com.google.android.gms } U=0: not found
12-20 00:13:00.844  1000  2130  3323 W ActivityManager: Unable to start service Intent { act=android.service.smartspace.SmartspaceService xflg=0x4 cmp=com.google.android.as/com.google.android.apps.miphone.aiai.app.AiAiSmartspaceService } U=0: not found
12-20 00:13:00.844  1000  2130  3323 W RemoteSmartspaceService: could not bind to Intent { act=android.service.smartspace.SmartspaceService xflg=0x4 cmp=com.google.android.as/com.google.android.apps.miphone.aiai.app.AiAiSmartspaceService } using flags 67112961
12-20 00:13:00.844  1000  2130  2383 W ActivityManager: Unbind failed: could not find connection for android.os.BinderProxy@d46f2
12-20 00:13:00.846  1000  2130  2130 W ActivityManager: Unbind failed: could not find connection for android.app.LoadedApk$ServiceDispatcher$InnerConnection@2712143
12-20 00:13:00.875  wifi  1618  1618 I wificond: Receive notifyCountryCodeChanged
12-20 00:13:00.875  wifi  1618  1618 I wificond: UpdateBandInfo
12-20 00:13:00.877  wifi  1618  1618 I wificond: 2.4Ghz frequencies: 2412 2417 2422 2427 2432 2437 2442 2447 2452 2457 2462 2467 2472
12-20 00:13:00.877  wifi  1618  1618 I wificond: 5Ghz non-DFS frequencies:
12-20 00:13:00.877  wifi  1618  1618 I wificond: 5Ghz DFS frequencies: 5180 5200 5220 5240 5260 5280 5300 5320 5500 5520 5540 5560 5580 5600 5620 5640 5660 5680 5700 5720 5745 5765 5785 5805 5825
12-20 00:13:00.877  wifi  1618  1618 I wificond: 6Ghz frequencies:
12-20 00:13:00.877  wifi  1618  1618 I wificond: 60Ghz frequencies:
12-20 00:13:00.880  wifi  1618  1618 I wificond: Receive notifyCountryCodeChanged
12-20 00:13:00.880  wifi  1618  1618 I wificond: UpdateBandInfo
12-20 00:13:00.883  wifi  1618  1618 I wificond: 2.4Ghz frequencies: 2412 2417 2422 2427 2432 2437 2442 2447 2452 2457 2462 2467 2472
12-20 00:13:00.883  wifi  1618  1618 I wificond: 5Ghz non-DFS frequencies:
12-20 00:13:00.883  wifi  1618  1618 I wificond: 5Ghz DFS frequencies: 5180 5200 5220 5240 5260 5280 5300 5320 5500 5520 5540 5560 5580 5600 5620 5640 5660 5680 5700 5720 5745 5765 5785 5805 5825
12-20 00:13:00.883  wifi  1618  1618 I wificond: 6Ghz frequencies:
12-20 00:13:00.883  wifi  1618  1618 I wificond: 60Ghz frequencies:
12-20 00:13:00.918  1000  2130  3375 W ActivityManager: Unable to start service Intent { act=android.service.smartspace.SmartspaceService xflg=0x4 cmp=com.google.android.as/com.google.android.apps.miphone.aiai.app.AiAiSmartspaceService } U=0: not found
12-20 00:13:00.919  1000  2130  3375 W RemoteSmartspaceService: could not bind to Intent { act=android.service.smartspace.SmartspaceService xflg=0x4 cmp=com.google.android.as/com.google.android.apps.miphone.aiai.app.AiAiSmartspaceService } using flags 67112961
12-20 00:13:00.922  1000  2130  2130 W ActivityManager: Unbind failed: could not find connection for android.app.LoadedApk$ServiceDispatcher$InnerConnection@97a9b67
12-20 00:13:00.923  1000  2130  3343 W ActivityManager: Unable to start service Intent { act=android.service.smartspace.SmartspaceService xflg=0x4 cmp=com.google.android.as/com.google.android.apps.miphone.aiai.app.AiAiSmartspaceService } U=0: not found
12-20 00:13:00.923  1000  2130  3343 W RemoteSmartspaceService: could not bind to Intent { act=android.service.smartspace.SmartspaceService xflg=0x4 cmp=com.google.android.as/com.google.android.apps.miphone.aiai.app.AiAiSmartspaceService } using flags 67112961
12-20 00:13:00.930  1000  2130  3375 D CompatChangeReporter: Compat change id reported: 311402873; UID 10182; state: ENABLED
12-20 00:13:00.930  1000  2130  3375 D CompatChangeReporter: Compat change id reported: 323349338; UID 10182; state: ENABLED
12-20 00:13:00.930  1000  2130  2130 W ActivityManager: Unbind failed: could not find connection for android.app.LoadedApk$ServiceDispatcher$InnerConnection@61eabb2
12-20 00:13:00.972  1000  2130  2383 I Telecom : TelecomServiceImpl$1: registerPhoneAccount: account=[[ ] PhoneAccount: ComponentInfo{com.android.phone/com.android.services.telephony.TelephonyConnectionService}, E, UserHandle{0} Capabilities: CallProvider MultiUser PlaceEmerg SimSub  Audio Routes: BESW Schemes: tel voicemail  Extras: Bundle[{android.telecom.extra.SUPPORTS_VIDEO_CALLING_FALLBACK=true}] GroupId: *** SC Restrictions: [ ]]: TSI.rPA(cap)@ACg
12-20 00:13:00.983  1000  2130  3323 D AccessibilityManagerService: notifyQuickSettingsTilesChanged userId: 0, tileComponentNames: [ComponentInfo{com.android.server.accessibility/ReduceBrightColorsTile}], userInitializationCompleted? true
12-20 00:13:00.983  1000  2130  2383 I Telecom : PhoneAccountRegistrar: Modify account: [ComponentInfo{com.android.phone/com.android.services.telephony.TelephonyConnectionService}, E, UserHandle{0}]: TSI.rPA(cap)@ACg
12-20 00:13:00.983  1000  2130  2889 D CompatChangeReporter: Compat change id reported: 262645982; UID 10486; state: ENABLED
12-20 00:13:00.984  1000  2130  3323 D AccessibilityManagerService: enableShortcutForTargets: enable true, shortcutType: 16, shortcutTargets: [com.android.server.accessibility/ReduceBrightColors], userId: 0
12-20 00:13:00.986  1000  2130  3323 D AccessibilityManagerService: shortcutTargets are the same: skip modifying: target: %s, [com.android.server.accessibility/ReduceBrightColors], shortcutType: 16, userId: 0
12-20 00:13:00.990  1000  2130  2889 D CompatChangeReporter: Compat change id reported: 262645982; UID 10466; state: ENABLED
12-20 00:13:00.995  1000  2130  2383 I Telecom : CallsManager: handlePhoneAccountChanged: phoneAccount=[[X] PhoneAccount: ComponentInfo{com.android.phone/com.android.services.telephony.TelephonyConnectionService}, E, UserHandle{0} Capabilities: CallProvider MultiUser PlaceEmerg SimSub  Audio Routes: BESW Schemes: tel voicemail  Extras: Bundle[{android.telecom.extra.SUPPORTS_VIDEO_CALLING_FALLBACK=true}] GroupId: *** SC Restrictions: [ ]]: TSI.rPA(cap)@ACg
12-20 00:13:01.000  1000  2130  2383 I Telecom : PhoneAccountRegistrar: getSimCallManager: SimCallManager for subId -1 queried, returning: null: TSI.rPA(cap)@ACg
12-20 00:13:01.000  1000  2130  2383 I Telecom : PhoneAccountRegistrar: Notifying telephony of voice service override change for 1 SIMs, hasService = false: TSI.rPA(cap)@ACg
12-20 00:13:01.000  1000  2130  2383 I Telecom : PhoneAccountRegistrar: maybeNotifyTelephonyForVoiceServiceState: simTm is null.: TSI.rPA(cap)@ACg
12-20 00:13:01.090  1000  2130  2428 I am_uid_running: 10164
12-20 00:13:01.092  1000  2130  2428 D CompatChangeReporter: Compat change id reported: 441041342; UID 10164; state: ENABLED
12-20 00:13:01.105  1000  2130  3323 W ActivityManager: Unable to start service Intent { act=com.google.android.chimera.BoundService.START dat=chimera-action: xflg=0x4 cmp=com.google.android.gms/.chimera.PersistentApiService } U=0: not found
12-20 00:13:01.108  1000  2130  2889 D CompatChangeReporter: Compat change id reported: 218533173; UID 10445; state: ENABLED
12-20 00:13:01.110  1000  2130  2383 W ActivityManager: Unbind failed: could not find connection for android.os.BinderProxy@acc26dd
12-20 00:13:01.129  1000  2130  2429 I am_proc_start: [0,4424,10164,com.google.android.apps.wellbeing,broadcast,{com.google.android.apps.wellbeing/com.google.android.apps.wellbeing.alarm.NextAlarmClockChangedReceiver_Receiver}]
12-20 00:13:01.129  1000  2130  2429 I ActivityManager: Start proc 4424:com.google.android.apps.wellbeing/u0a164 for broadcast {com.google.android.apps.wellbeing/com.google.android.apps.wellbeing.alarm.NextAlarmClockChangedReceiver_Receiver}
12-20 00:13:01.174  1000  2130  3346 D CompatChangeReporter: Compat change id reported: 311208629; UID 10182; state: ENABLED
12-20 00:13:01.181 10246  4282  4282 W ActivityThread: Failed to find provider info for com.google.android.gsf.gservices (user not unlocked)
12-20 00:13:01.183 10246  4282  4282 W ActivityThread: Failed to find provider info for com.google.android.gsf.gservices (user not unlocked)
12-20 00:13:01.185  1000  2130  2889 D CompatChangeReporter: Compat change id reported: 218533173; UID 10410; state: ENABLED
12-20 00:13:01.191 10246  4282  4282 W ActivityThread: Failed to find provider info for com.google.android.gsf.gservices (user not unlocked)
12-20 00:13:01.195 10246  4282  4282 W ActivityThread: Failed to find provider info for com.google.android.gsf.gservices (user not unlocked)
12-20 00:13:01.203  1000  2130  3323 I am_uid_active: 10246
12-20 00:13:01.210 10246  4282  4282 W ActivityThread: Failed to find provider info for com.google.android.gsf.gservices (user not unlocked)
12-20 00:13:01.215 10246  4282  4282 W ActivityThread: Failed to find provider info for com.google.android.gsf.gservices (user not unlocked)
12-20 00:13:01.220  1000  2130  2383 E AppOps  : attributionTag VCN not declared in manifest of android
12-20 00:13:01.290  1000  2130  3017 E AppOps  : attributionTag VCN not declared in manifest of android
12-20 00:13:01.292  1000  2130  3265 I am_proc_bound: [0,4424,com.google.android.apps.wellbeing]
12-20 00:13:01.324 10246  4282  4282 W ActivityThread: Failed to find provider info for com.google.android.gsf.gservices (user not unlocked)
12-20 00:13:01.331  1000  2130  3360 D CompatChangeReporter: Compat change id reported: 297989574; UID 10254; state: ENABLED
12-20 00:13:01.362 10246  4282  4561 W ActivityThread: Failed to find provider info for com.google.android.gsf.gservices (user not unlocked)
12-20 00:13:01.416 10246  4282  4561 W ActivityThread: Failed to find provider info for com.google.android.gsf.gservices (user not unlocked)
12-20 00:13:01.421  1000  2130  3272 W StorageManagerService: No primary storage defined yet; hacking together a stub
12-20 00:13:01.423  1000  2130  3272 W StorageManagerService: No primary storage defined yet; hacking together a stub
12-20 00:13:01.425 radio  3350  3350 I gsm_service_state_change: [1,1,1,1]
12-20 00:13:01.435 10246  4282  4561 W ActivityThread: Failed to find provider info for com.google.android.gsf.gservices (user not unlocked)
12-20 00:13:01.440 10246  4282  4561 W ActivityThread: Failed to find provider info for com.google.android.gsf.gservices (user not unlocked)
12-20 00:13:01.444 10246  4282  4561 W ActivityThread: Failed to find provider info for com.google.android.gsf.gservices (user not unlocked)
12-20 00:13:01.445  1000  2130  3272 W ContextImpl: Calling a method in the system process without a qualified user: android.app.ContextImpl.sendBroadcastMultiplePermissions:1360 android.content.Context.sendBroadcastMultiplePermissions:2797 com.android.server.TelephonyRegistry.broadcastServiceStateChanged:4165 com.android.server.TelephonyRegistry.notifyServiceStateForPhoneId:1848 com.android.internal.telephony.ITelephonyRegistry$Stub.onTransact:613 
12-20 00:13:01.445  1000  2130  3272 W ContextImpl: Calling a method in the system process without a qualified user: android.app.ContextImpl.sendBroadcastMultiplePermissions:1393 com.android.server.TelephonyRegistry.broadcastServiceStateChanged:4170 com.android.server.TelephonyRegistry.notifyServiceStateForPhoneId:1848 com.android.internal.telephony.ITelephonyRegistry$Stub.onTransact:613 android.os.Binder.execTransactInternal:1473 
12-20 00:13:01.446 10246  4282  4561 W ActivityThread: Failed to find provider info for com.google.android.gsf.gservices (user not unlocked)
12-20 00:13:01.446  1000  2130  3272 W ContextImpl: Calling a method in the system process without a qualified user: android.app.ContextImpl.sendBroadcastMultiplePermissions:1393 com.android.server.TelephonyRegistry.broadcastServiceStateChanged:4179 com.android.server.TelephonyRegistry.notifyServiceStateForPhoneId:1848 com.android.internal.telephony.ITelephonyRegistry$Stub.onTransact:613 android.os.Binder.execTransactInternal:1473 
12-20 00:13:01.449  1000  2130  3272 W ContextImpl: Calling a method in the system process without a qualified user: android.app.ContextImpl.sendBroadcastMultiplePermissions:1393 com.android.server.TelephonyRegistry.broadcastServiceStateChanged:4185 com.android.server.TelephonyRegistry.notifyServiceStateForPhoneId:1848 com.android.internal.telephony.ITelephonyRegistry$Stub.onTransact:613 android.os.Binder.execTransactInternal:1473 
12-20 00:13:01.449 10246  4282  4561 W ActivityThread: Failed to find provider info for com.google.android.gsf.gservices (user not unlocked)
12-20 00:13:01.481  1000  2130  3265 W ActivityManager: Unable to start service Intent { act=grpc.io.action.BIND xflg=0x4 cmp=com.google.android.apps.weather/.api.server.Service } U=0: not found
12-20 00:13:01.482  1000  2130  3352 W ActivityManager: Unbind failed: could not find connection for android.os.BinderProxy@68064f8
12-20 00:13:01.558  1000  2130  3323 W ContextImpl: Calling a method in the system process without a qualified user: android.app.ContextImpl.sendBroadcastMultiplePermissions:1360 android.content.Context.sendBroadcastMultiplePermissions:2797 com.android.server.TelephonyRegistry.broadcastServiceStateChanged:4165 com.android.server.TelephonyRegistry.notifyServiceStateForPhoneId:1848 com.android.internal.telephony.ITelephonyRegistry$Stub.onTransact:613 
12-20 00:13:01.568  1000  2130  3323 W ContextImpl: Calling a method in the system process without a qualified user: android.app.ContextImpl.sendBroadcastMultiplePermissions:1393 com.android.server.TelephonyRegistry.broadcastServiceStateChanged:4170 com.android.server.TelephonyRegistry.notifyServiceStateForPhoneId:1848 com.android.internal.telephony.ITelephonyRegistry$Stub.onTransact:613 android.os.Binder.execTransactInternal:1473 
12-20 00:13:01.585  1000  2130  3323 W ContextImpl: Calling a method in the system process without a qualified user: android.app.ContextImpl.sendBroadcastMultiplePermissions:1393 com.android.server.TelephonyRegistry.broadcastServiceStateChanged:4179 com.android.server.TelephonyRegistry.notifyServiceStateForPhoneId:1848 com.android.internal.telephony.ITelephonyRegistry$Stub.onTransact:613 android.os.Binder.execTransactInternal:1473 
12-20 00:13:01.598  1000  2130  3323 W ContextImpl: Calling a method in the system process without a qualified user: android.app.ContextImpl.sendBroadcastMultiplePermissions:1393 com.android.server.TelephonyRegistry.broadcastServiceStateChanged:4185 com.android.server.TelephonyRegistry.notifyServiceStateForPhoneId:1848 com.android.internal.telephony.ITelephonyRegistry$Stub.onTransact:613 android.os.Binder.execTransactInternal:1473 
12-20 00:13:01.659 10246  4282  4561 W ActivityThread: Failed to find provider info for com.google.android.gsf.gservices (user not unlocked)
12-20 00:13:01.677 10246  4282  4561 W ActivityThread: Failed to find provider info for com.google.android.gsf.gservices (user not unlocked)
12-20 00:13:01.692 10246  4282  4561 W ActivityThread: Failed to find provider info for com.google.android.gsf.gservices (user not unlocked)
12-20 00:13:01.697 10246  4282  4561 W ActivityThread: Failed to find provider info for com.google.android.gsf.gservices (user not unlocked)
12-20 00:13:01.710 radio  3350  3350 I gsm_service_state_change: [1,1,0,0]
12-20 00:13:01.710 radio  3350  3350 I gsm_rat_switched_new: [4121877,0,14]
12-20 00:13:01.777  wifi  1618  1618 W wificond: Scan aborted
12-20 00:13:01.831  1000  2130  3265 W ContextImpl: Calling a method in the system process without a qualified user: android.app.ContextImpl.sendBroadcastMultiplePermissions:1360 android.content.Context.sendBroadcastMultiplePermissions:2797 com.android.server.TelephonyRegistry.broadcastServiceStateChanged:4165 com.android.server.TelephonyRegistry.notifyServiceStateForPhoneId:1848 com.android.internal.telephony.ITelephonyRegistry$Stub.onTransact:613 
12-20 00:13:01.832  1000  2130  3265 W ContextImpl: Calling a method in the system process without a qualified user: android.app.ContextImpl.sendBroadcastMultiplePermissions:1393 com.android.server.TelephonyRegistry.broadcastServiceStateChanged:4170 com.android.server.TelephonyRegistry.notifyServiceStateForPhoneId:1848 com.android.internal.telephony.ITelephonyRegistry$Stub.onTransact:613 android.os.Binder.execTransactInternal:1473 
12-20 00:13:01.894  wifi  1618  1618 I wificond: Regulatory domain changed to country: NL on wiphy_index: 0
12-20 00:13:01.894  wifi  1618  1618 I wificond: UpdateBandInfo
12-20 00:13:01.903  wifi  1618  1618 I wificond: 2.4Ghz frequencies: 2412 2417 2422 2427 2432 2437 2442 2447 2452 2457 2462 2467 2472
12-20 00:13:01.903  wifi  1618  1618 I wificond: 5Ghz non-DFS frequencies: 5745 5765 5785 5805 5825
12-20 00:13:01.903  wifi  1618  1618 I wificond: 5Ghz DFS frequencies: 5180 5200 5220 5240 5260 5280 5300 5320 5500 5520 5540 5560 5580 5600 5620 5640 5660 5680 5700
12-20 00:13:01.903  wifi  1618  1618 I wificond: 6Ghz frequencies: 5955 5975 5995 6015 6035 6055 6075 6095 6115 6135 6155 6175 6195 6215 6235 6255 6275 6295 6315 6335 6355 6375 6395 6415
12-20 00:13:01.903  wifi  1618  1618 I wificond: 60Ghz frequencies:
12-20 00:13:01.903  wifi  1618  1618 I wificond: Receive notifyCountryCodeChanged
12-20 00:13:01.903  wifi  1618  1618 I wificond: UpdateBandInfo
12-20 00:13:01.905  wifi  1618  1618 I wificond: 2.4Ghz frequencies: 2412 2417 2422 2427 2432 2437 2442 2447 2452 2457 2462 2467 2472
12-20 00:13:01.905  wifi  1618  1618 I wificond: 5Ghz non-DFS frequencies: 5745 5765 5785 5805 5825
12-20 00:13:01.905  wifi  1618  1618 I wificond: 5Ghz DFS frequencies: 5180 5200 5220 5240 5260 5280 5300 5320 5500 5520 5540 5560 5580 5600 5620 5640 5660 5680 5700
12-20 00:13:01.905  wifi  1618  1618 I wificond: 6Ghz frequencies: 5955 5975 5995 6015 6035 6055 6075 6095 6115 6135 6155 6175 6195 6215 6235 6255 6275 6295 6315 6335 6355 6375 6395 6415
12-20 00:13:01.905  wifi  1618  1618 I wificond: 60Ghz frequencies:
12-20 00:13:02.039  1000  2130  2957 I input_interaction: Interaction with: [b965ba8 NotificationShade,PointerEventDispatcher0,[Gesture Monitor] swipe-up,[Gesture Monitor] edge-swipe], on displayId 0
12-20 00:13:02.051  1000  2130  2420 D ColorDisplayService: ColorDisplayService$NightDisplayTintController Animation cancelled: false to matrix: 
12-20 00:13:02.051  1000  2130  2420 D ColorDisplayService:        1,000000 0,000000 0,000000 0,000000 0,000000 1,000000 0,000000 0,000000 0,000000 0,000000 1,000000 0,000000 0,000000 0,000000 0,000000 1,000000 min matrix coefficients: 
12-20 00:13:02.051  1000  2130  2420 D ColorDisplayService:        1,000000 0,000000 0,000000 0,000000 0,000000 1,000000 0,000000 0,000000 0,000000 0,000000 1,000000 0,000000 0,000000 0,000000 0,000000 1,000000 max matrix coefficients: 
12-20 00:13:02.051  1000  2130  2420 D ColorDisplayService:        1,000000 0,000000 0,000000 0,000000 0,000000 1,000000 0,000000 0,000000 0,000000 0,000000 1,000000 0,000000 0,000000 0,000000 0,000000 1,000000
12-20 00:13:02.082  1000  2130  2465 I commit_sys_config_file: [package,236]
12-20 00:13:02.091 10231  3356  3772 W Looper  : Slow delivery took 1151ms SysUiBg app=com.android.systemui main=false group=TOP_APP h=com.android.systemui.qs.tileimpl.QSTileImpl$H c=null m=11
12-20 00:13:02.091  1000  2130  3265 W ContextImpl: Calling a method in the system process without a qualified user: android.app.ContextImpl.sendBroadcastMultiplePermissions:1393 com.android.server.TelephonyRegistry.broadcastServiceStateChanged:4179 com.android.server.TelephonyRegistry.notifyServiceStateForPhoneId:1848 com.android.internal.telephony.ITelephonyRegistry$Stub.onTransact:613 android.os.Binder.execTransactInternal:1473 
12-20 00:13:02.108  1000  2130  3265 W ContextImpl: Calling a method in the system process without a qualified user: android.app.ContextImpl.sendBroadcastMultiplePermissions:1393 com.android.server.TelephonyRegistry.broadcastServiceStateChanged:4185 com.android.server.TelephonyRegistry.notifyServiceStateForPhoneId:1848 com.android.internal.telephony.ITelephonyRegistry$Stub.onTransact:613 android.os.Binder.execTransactInternal:1473 
12-20 00:13:02.115  1000  2130  3352 D OomAdjuster: Not killing cached processes
12-20 00:13:02.119  1000  2130  2428 D CompatChangeReporter: Compat change id reported: 441041342; UID 1000; state: ENABLED
12-20 00:13:02.128 10246  4282  4561 W ActivityThread: Failed to find provider info for com.google.android.gsf.gservices (user not unlocked)
12-20 00:13:02.137  1000  2130  2429 I am_proc_start: [0,4815,1000,com.google.android.repairmode,broadcast,{com.google.android.repairmode/com.google.android.repairmode.BootCompletedReceiver}]
12-20 00:13:02.137  1000  2130  2429 I ActivityManager: Start proc 4815:com.google.android.repairmode/1000 for broadcast {com.google.android.repairmode/com.google.android.repairmode.BootCompletedReceiver}
12-20 00:13:02.144 10246  4282  4561 W ActivityThread: Failed to find provider info for com.google.android.gsf.gservices (user not unlocked)
12-20 00:13:02.146 10246  4282  4561 W ActivityThread: Failed to find provider info for com.google.android.gsf.gservices (user not unlocked)
12-20 00:13:02.147 10246  4282  4561 W ActivityThread: Failed to find provider info for com.google.android.gsf.gservices (user not unlocked)
12-20 00:13:02.154 10231  3356  3356 I sysui_multi_action: [757,197,758,1,759,1]
12-20 00:13:02.154 10231  3356  3356 I sysui_status_bar_state: [1,1,0,1,1,0]
12-20 00:13:02.163  1000  2130  4423 D CoreBackPreview: Window{b965ba8 u0 NotificationShade}: Setting back callback OnBackInvokedCallbackInfo{mCallback=android.window.IOnBackInvokedCallback$Stub$Proxy@6b00c9a, mPriority=0, mIsAnimationCallback=true, mOverrideBehavior=0}
12-20 00:13:02.199  1000  2130  3272 W ActivityManager: Unable to start service Intent { act=com.google.android.gms.phenotype.service.START xflg=0x4 pkg=com.google.android.gms } U=0: not found
12-20 00:13:02.206  1000  2130  3343 I am_proc_bound: [0,4815,com.google.android.repairmode]
12-20 00:13:02.208  1000  2130  2461 I commit_sys_config_file: [package-user-0,126]
12-20 00:13:02.211 10231  3356  3720 I jank_cuj_events_begin_request: [18,1766185982211377000,20212365934,20212366016,]
12-20 00:13:02.217  1000  2130  3332 W ActivityManager: Unbind failed: could not find connection for android.os.BinderProxy@12939ec
12-20 00:13:02.256 10246  4282  4561 W ActivityThread: Failed to find provider info for com.google.android.gsf.gservices (user not unlocked)
12-20 00:13:02.264 10246  4282  4561 W ActivityThread: Failed to find provider info for com.google.android.gsf.gservices (user not unlocked)
12-20 00:13:02.271  1000  2130  2889 D CompatChangeReporter: Compat change id reported: 262645982; UID 10377; state: ENABLED
12-20 00:13:02.281  1000  2130  3271 E AppOps  : attributionTag VCN not declared in manifest of android
12-20 00:13:02.285  1000  2130  2889 D CompatChangeReporter: Compat change id reported: 218533173; UID 10484; state: ENABLED
12-20 00:13:02.290  1000  2130  3271 I am_wtf  : [0,4815,com.google.android.repairmode,818429509,ContextImpl,Data directory doesn't exist for package com.google.android.repairmode]
12-20 00:13:02.304  1000  2130  2428 I am_uid_running: 10483
12-20 00:13:02.319  1000  2130  3272 I Telecom : TelecomServiceImpl$1: registerPhoneAccount: account=[[ ] PhoneAccount: ComponentInfo{com.android.phone/com.android.services.telephony.TelephonyConnectionService}, 2, UserHandle{0} Capabilities: CallProvider MultiUser PlaceEmerg SimSub  Audio Routes: BESW Schemes: tel voicemail  Extras: Bundle[{android.telecom.extra.SUPPORTS_VIDEO_CALLING_FALLBACK=true, android.telecom.extra.SORT_ORDER=0}] GroupId: *** SC Restrictions: [ ]]: TSI.rPA(cap)@ACk
12-20 00:13:02.321  1000  2130  3272 I Telecom : PhoneAccountRegistrar: New phone account registered: [[ ] PhoneAccount: ComponentInfo{com.android.phone/com.android.services.telephony.TelephonyConnectionService}, 2, UserHandle{0} Capabilities: CallProvider MultiUser PlaceEmerg SimSub  Audio Routes: BESW Schemes: tel voicemail  Extras: Bundle[{android.telecom.extra.SUPPORTS_VIDEO_CALLING_FALLBACK=true, android.telecom.extra.SORT_ORDER=0}] GroupId: *** SC Restrictions: [ ]]: TSI.rPA(cap)@ACk
12-20 00:13:02.325  1000  2130  2429 I am_proc_start: [0,4853,10483,com.android.yadayada,broadcast,{com.android.yadayada/com.android.yadayada.DisclaimerBootReceiver}]
12-20 00:13:02.325  1000  2130  2429 I ActivityManager: Start proc 4853:com.android.yadayada/u0a483 for broadcast {com.android.yadayada/com.android.yadayada.DisclaimerBootReceiver}
12-20 00:13:02.326  1000  2130  3272 I Telecom : CallsManager: Sending phone-account ComponentInfo{com.android.phone/com.android.services.telephony.TelephonyConnectionService}, 2, UserHandle{0} registered intent as user: TSI.rPA(cap)@ACk
12-20 00:13:02.327  1000  2130  3272 I Telecom : CallsManager: Sending phone-account registered intent to default dialer: TSI.rPA(cap)@ACk
12-20 00:13:02.328 10180  4290  4413 V Configuration: Updating configuration, locales updated from [] to [en_NL_#u-fw-mon-ms-uksystem-mu-celsius,ru_RU_#u-fw-mon-ms-uksystem-mu-celsius]
12-20 00:13:02.345  1000  2130  3272 I Telecom : PhoneAccountRegistrar: getSimCallManager: SimCallManager for subId 2 queried, returning: null: TSI.rPA(cap)@ACk
12-20 00:13:02.345  1000  2130  3352 I DynamicSystemService: isInstalled(): false
12-20 00:13:02.345  1000  2130  3272 I Telecom : PhoneAccountRegistrar: Notifying telephony of voice service override change for 1 SIMs, hasService = false: TSI.rPA(cap)@ACk
12-20 00:13:02.365  1000  2130  3352 I am_proc_bound: [0,4853,com.android.yadayada]
12-20 00:13:02.393 10180  4290  4413 V Configuration: Updating configuration, locales updated from [] to [en_NL_#u-fw-mon-ms-uksystem-mu-celsius,ru_RU_#u-fw-mon-ms-uksystem-mu-celsius]
12-20 00:13:02.406  1000  2130  3374 I Telecom : TelecomServiceImpl$1: registerPhoneAccount: account=[[ ] PhoneAccount: ComponentInfo{com.android.phone/com.android.services.telephony.TelephonyConnectionService}, 1, UserHandle{0} Capabilities: CallProvider MultiUser PlaceEmerg EmerPrefer SimSub  Audio Routes: BESW Schemes: tel voicemail  Extras: Bundle[{android.telecom.extra.SUPPORTS_VIDEO_CALLING_FALLBACK=true, android.telecom.extra.SORT_ORDER=1}] GroupId: *** SC Restrictions: [ ]]: TSI.rPA(cap)@ACs
12-20 00:13:02.409  1000  2130  2884 W ActivityManager: Unable to start service Intent { act=com.google.android.contextmanager.service.ContextManagerService.START xflg=0x4 pkg=com.google.android.gms } U=0: not found
12-20 00:13:02.409  1000  2130  3352 W ActivityManager: Unbind failed: could not find connection for android.os.BinderProxy@2ae4721
12-20 00:13:02.410  1000  2130  3374 I Telecom : PhoneAccountRegistrar: New phone account registered: [[ ] PhoneAccount: ComponentInfo{com.android.phone/com.android.services.telephony.TelephonyConnectionService}, 1, UserHandle{0} Capabilities: CallProvider MultiUser PlaceEmerg EmerPrefer SimSub  Audio Routes: BESW Schemes: tel voicemail  Extras: Bundle[{android.telecom.extra.SUPPORTS_VIDEO_CALLING_FALLBACK=true, android.telecom.extra.SORT_ORDER=1}] GroupId: *** SC Restrictions: [ ]]: TSI.rPA(cap)@ACs
12-20 00:13:02.417  1000  2130  3374 I Telecom : CallsManager: Sending phone-account ComponentInfo{com.android.phone/com.android.services.telephony.TelephonyConnectionService}, 1, UserHandle{0} registered intent as user: TSI.rPA(cap)@ACs
12-20 00:13:02.417  1000  2130  3374 I Telecom : CallsManager: Sending phone-account registered intent to default dialer: TSI.rPA(cap)@ACs
12-20 00:13:02.418  1000  2130  2884 I am_uid_active: 10483
12-20 00:13:02.420  1000  2130  2428 I am_uid_running: 10136
12-20 00:13:02.420  1000  2130  2428 D CompatChangeReporter: Compat change id reported: 151861875; UID 10136; state: ENABLED
12-20 00:13:02.422  1000  2130  3374 I Telecom : PhoneAccountRegistrar: getSimCallManager: SimCallManager for subId 1 queried, returning: null: TSI.rPA(cap)@ACs
12-20 00:13:02.422  1000  2130  3374 I Telecom : PhoneAccountRegistrar: Notifying telephony of voice service override change for 1 SIMs, hasService = false: TSI.rPA(cap)@ACs
12-20 00:13:02.422  1000  2130  2427 I battery_saver_setting: 20
12-20 00:13:02.431  1000  2130  2429 I am_proc_start: [0,4867,10136,com.google.android.apps.dreamliner:locked,broadcast,{com.google.android.apps.dreamliner/com.google.android.apps.dreamliner.common.locked.LockedBootCompletedReceiver}]
12-20 00:13:02.431  1000  2130  2429 I ActivityManager: Start proc 4867:com.google.android.apps.dreamliner:locked/u0a136 for broadcast {com.google.android.apps.dreamliner/com.google.android.apps.dreamliner.common.locked.LockedBootCompletedReceiver}
12-20 00:13:02.434  1000  2130  3374 I Telecom : CallsManager: Sending phone-account ComponentInfo{com.android.phone/com.android.services.telephony.TelephonyConnectionService}, E, UserHandle{0} unregistered intent as user: TSI.uPA(cap)@AC4
12-20 00:13:02.435  1000  2130  3374 I Telecom : CallsManager: Sending phone-account unregistered intent to default dialer: TSI.uPA(cap)@AC4
12-20 00:13:02.440  1000  2130  3352 D ActivityTaskManager: Temporarily retain top process state for launching app
12-20 00:13:02.441  1000  2130  3352 I wm_task_created: 6
12-20 00:13:02.444  1000  2130  3352 I wm_task_moved: [6,6,0,1,2]
12-20 00:13:02.444  1000  2130  3352 I wm_task_to_front: [0,6,0]
12-20 00:13:02.444  1000  2130  3352 I wm_create_task: [0,6,6,0]
12-20 00:13:02.444  1000  2130  3352 I wm_create_activity: [0,13684954,6,com.android.yadayada/.DisclaimerActivity,NULL,NULL,NULL,276824064]
12-20 00:13:02.444  1000  2130  3352 I wm_task_moved: [6,6,0,1,2]
12-20 00:13:02.445  1000  2130  3352 I wm_add_to_stopping: [0,13684954,com.android.yadayada/.DisclaimerActivity,makeInvisible]
12-20 00:13:02.445  1000  2130  3352 I wm_restart_activity: [0,13684954,6,com.android.yadayada/.DisclaimerActivity]
12-20 00:13:02.447  1000  2130  3352 I wm_set_resumed_activity: [0,com.android.yadayada/.DisclaimerActivity,realStartActivityLocked - onActivityStateChanged]
12-20 00:13:02.447  1000  2130  3352 I wm_pause_activity: [0,13684954,com.android.yadayada/.DisclaimerActivity,userLeaving=true,sleep]
12-20 00:13:02.450 10231  3356  3652 V WindowManagerShell: Transition requested (#3): android.os.BinderProxy@6cc27ca TransitionRequestInfo { type = OPEN, triggerTask = TaskInfo{userId=0 taskId=6 effectiveUid=10483 displayId=0 isRunning=true baseIntent=Intent { flg=0x10800000 cmp=com.android.yadayada/.DisclaimerActivity } baseActivity=ComponentInfo{com.android.yadayada/com.android.yadayada.DisclaimerActivity} topActivity=ComponentInfo{com.android.yadayada/com.android.yadayada.DisclaimerActivity} origActivity=null realActivity=ComponentInfo{com.android.yadayada/com.android.yadayada.DisclaimerActivity} numActivities=1 lastActiveTime=20448 supportsMultiWindow=true resizeMode=1 isResizeable=true minWidth=-1 minHeight=-1 defaultMinSize=220 token=WCT{android.os.BinderProxy@948ad3b} topActivityType=1 pictureInPictureParams=null shouldDockBigOverlays=false launchIntoPipHostTaskId=-1 lastParentTaskIdBeforePip=-1 displayCutoutSafeInsets=Rect(0, 128 - 0, 0) topActivityInfo=ActivityInfo{f5bec58 com.android.yadayada.DisclaimerActivity} launchCookies=[] positionInParent=Point(0, 0) parentTaskId=-1 isFocused=true isVisible=false isVisibleRequested=false isTopActivityNoDisplay=false isSleeping=true locusId=null displayAreaFeatureId=1 isTopActivityTransparent=true isActivityStackTransparent=true lastNonFullscreenBounds=Rect(276, 692 - 804, 1772) leafTaskBoundsFromOptions= false capturedLink=null capturedLinkTimestamp=0 requestedVisibleTypes=503 topActivityRequestOpenInBrowserEducationTimestamp=0 appCompatTaskInfo=AppCompatTaskInfo { topActivityInSizeCompat=false isLeafTask= true eligibleForLetterboxEducation= false isLetterboxEducationEnabled= false isLetterboxDoubleTapEnabled= false eligibleForUserAspectRatioButton= false topActivityBoundsLetterboxed= false isFromLetterboxDoubleTap= false topActivityLetterboxVerticalPosition= -1 topActivityLetterboxHorizontalPosition= -1 topActivityLetterboxWidth=-1 topActivityLetterboxHeight=-1 topActivityAppBounds=Rect(0, 128 - 1080, 2337) isUserFullscreenOverrideEnabled=false isSystemFullscreenOverrideEnabled=false hasMinAspectRatioOverride=false topActivityLetterboxBounds=null cameraCompatTaskInfo=CameraCompatTaskInfo { cameraCompatMode=undefinedundefined} topNonResizableActivityAspectRatio=-1.0} topActivityMainWindowFrame=null isAppBubble=false}, pipChange = null, remoteTransitionInfo = null, displayChange = null, requestedLocation = null, userChange = null, windowingLayerChange = null, fullscreenRequestChange = null, flags = 0, debugId = 3 }
12-20 00:13:02.450 10231  3356  3652 V ShellDesktopMode: DisplayDisconnectTransitionHandler: handleRequest: transition=android.os.BinderProxy@6cc27ca, request=TransitionRequestInfo { type = OPEN, triggerTask = TaskInfo{userId=0 taskId=6 effectiveUid=10483 displayId=0 isRunning=true baseIntent=Intent { flg=0x10800000 cmp=com.android.yadayada/.DisclaimerActivity } baseActivity=ComponentInfo{com.android.yadayada/com.android.yadayada.DisclaimerActivity} topActivity=ComponentInfo{com.android.yadayada/com.android.yadayada.DisclaimerActivity} origActivity=null realActivity=ComponentInfo{com.android.yadayada/com.android.yadayada.DisclaimerActivity} numActivities=1 lastActiveTime=20448 supportsMultiWindow=true resizeMode=1 isResizeable=true minWidth=-1 minHeight=-1 defaultMinSize=220 token=WCT{android.os.BinderProxy@948ad3b} topActivityType=1 pictureInPictureParams=null shouldDockBigOverlays=false launchIntoPipHostTaskId=-1 lastParentTaskIdBeforePip=-1 displayCutoutSafeInsets=Rect(0, 128 - 0, 0) topActivityInfo=ActivityInfo{f5bec58 com.android.yadayada.DisclaimerActivity} launchCookies=[] positionInParent=Point(0, 0) parentTaskId=-1 isFocused=true isVisible=false isVisibleRequested=false isTopActivityNoDisplay=false isSleeping=true locusId=null displayAreaFeatureId=1 isTopActivityTransparent=true isActivityStackTransparent=true lastNonFullscreenBounds=Rect(276, 692 - 804, 1772) leafTaskBoundsFromOptions= false capturedLink=null capturedLinkTimestamp=0 requestedVisibleTypes=503 topActivityRequestOpenInBrowserEducationTimestamp=0 appCompatTaskInfo=AppCompatTaskInfo { topActivityInSizeCompat=false isLeafTask= true eligibleForLetterboxEducation= false isLetterboxEducationEnabled= false isLetterboxDoubleTapEnabled= false eligibleForUserAspectRatioButton= false topActivityBoundsLetterboxed= false isFromLetterboxDoubleTap= false topActivityLetterboxVerticalPosition= -1 topActivityLetterboxHorizontalPosition= -1 topActivityLetterboxWidth=-1 topActivityLetterboxHeight=-1 topActivityAppBounds=Rect(0, 128 - 1080, 2337) isUserFullscreenOverrideEnabled=false isSystemFullscreenOverrideEnabled=false hasMinAspectRatioOverride=false topActivityLetterboxBounds=null cameraCompatTaskInfo=CameraCompatTaskInfo { cameraCompatMode=undefinedundefined} topNonResizableActivityAspectRatio=-1.0} topActivityMainWindowFrame=null isAppBubble=false}, pipChange = null, remoteTransitionInfo = null, displayChange = null, requestedLocation = null, userChange = null, windowingLayerChange = null, fullscreenRequestChange = null, flags = 0, debugId = 3 }
12-20 00:13:02.450 10231  3356  3652 D ShellSplitScreen: logExit: no-op, mLoggerSessionId is null
12-20 00:13:02.454  1000  2130  3352 V ActivityTaskManager: TaskLaunchParamsModifier: phase=3 task=Task{b27890b #6 type=standard A=10483:com.android.yadayada} activity=ActivityRecord{13684954 u0 com.android.yadayada/.DisclaimerActivity t-1} display-from-task=0 display-id=0 task-display-area-windowing-mode=1 suggested-display-area=DefaultTaskDisplayArea@137613954 inherit-from-task=fullscreen non-freeform-task-display-area display-area=DefaultTaskDisplayArea@137613954 default-portrait freeform-size-mismatch=Rect(276, 692 - 804, 1772)
12-20 00:13:02.454  1000  2130  3352 I ActivityTaskManager: START u0 {flg=0x10000000 xflg=0x4 cmp=com.android.yadayada/.DisclaimerActivity} with LAUNCH_SINGLE_INSTANCE from uid 10483 (com.android.yadayada) (BAL_ALLOW_PERMISSION) result code=0
12-20 00:13:02.457 10231  3356  3720 I jank_cuj_events_end_request: [18,1766185982457737000,20458725432,20458725513]
12-20 00:13:02.459 10231  3356  3652 D Bubbles : BubbleTaskStackListener.onTaskMovedToFront(): taskId=6
12-20 00:13:02.459 10231  3356  3652 E SingleInstanceRemoteListener: Failed remote call on null listener
12-20 00:13:02.464 10483  4853  4874 I DisplayManager: Choreographer implicitly registered for the refresh rate.
12-20 00:13:02.470 10483  4853  4853 I wm_on_create_called: [13684954,com.android.yadayada.DisclaimerActivity,performCreate,6]
12-20 00:13:02.470 10483  4853  4853 I wm_on_start_called: [13684954,com.android.yadayada.DisclaimerActivity,handleStartActivity,0]
12-20 00:13:02.473 10483  4853  4853 I wm_on_resume_called: [13684954,com.android.yadayada.DisclaimerActivity,RESUME_ACTIVITY,3]
12-20 00:13:02.486  1000  2130  3352 W TransitionChain: Combining kgOccludeChg into #3(OPEN|R|0x0) from startAct
12-20 00:13:02.486  1000  2130  3352 D WindowManager: Remove SleepToken: tag=keyguard, displayId=0
12-20 00:13:02.486  1000  2130  3352 D ActivityTaskManager: Top Process State changed to PROCESS_STATE_TOP
12-20 00:13:02.486  1000  2130  3352 W TransitionChain: Combining sleepTokens into #3(OPEN|R|0x1000) from startAct
12-20 00:13:02.487  1000  2130  3352 D ActivityTaskManager: awakeFromSleeping: previously pausing activity didn't pause
12-20 00:13:02.487  1000  2130  3352 I wm_add_to_stopping: [0,13684954,com.android.yadayada/.DisclaimerActivity,completePauseLocked]
12-20 00:13:02.487  1000  2130  3352 I wm_set_resumed_activity: [0,com.android.yadayada/.DisclaimerActivity,resumeTopActivity - onActivityStateChanged]
12-20 00:13:02.488  1000  2130  3352 I wm_resume_activity: [0,13684954,6,com.android.yadayada/.DisclaimerActivity]
12-20 00:13:02.489  1000  2130  2417 I sysui_multi_action: [757,803,799,window_time_0,802,2]
12-20 00:13:02.489 10180  4290  4413 V Configuration: Updating configuration, locales updated from [] to [en_NL_#u-fw-mon-ms-uksystem-mu-celsius,ru_RU_#u-fw-mon-ms-uksystem-mu-celsius]
12-20 00:13:02.492 10483  4853  4853 I wm_on_top_resumed_gained_called: [13684954,com.android.yadayada.DisclaimerActivity,topStateChangedWhenResumed]
12-20 00:13:02.492 10483  4853  4853 I wm_on_top_resumed_lost_called: [13684954,com.android.yadayada.DisclaimerActivity,topStateChangedWhenResumed]
12-20 00:13:02.492 10483  4853  4853 I wm_on_paused_called: [13684954,com.android.yadayada.DisclaimerActivity,performPause,0]
12-20 00:13:02.492  1000  2130  3333 I wm_failed_to_pause: [0,13684954,com.android.yadayada/.DisclaimerActivity,(none)]
12-20 00:13:02.494  1000  2130  3352 D CoreBackPreview: Window{53eb05c u0 com.android.yadayada/com.android.yadayada.DisclaimerActivity}: Setting back callback OnBackInvokedCallbackInfo{mCallback=android.window.IOnBackInvokedCallback$Stub$Proxy@93eaef4, mPriority=0, mIsAnimationCallback=false, mOverrideBehavior=0}
12-20 00:13:02.495  1000  2130  3374 I am_proc_bound: [0,4867,com.google.android.apps.dreamliner:locked]
12-20 00:13:02.514 10483  4853  4853 I viewroot_draw_event: [VRI[DisclaimerActivity]791ce7a,reportDrawFinished seqId=0]
12-20 00:13:02.515 10483  4853  4853 I wm_on_resume_called: [13684954,com.android.yadayada.DisclaimerActivity,RESUME_ACTIVITY,1]
12-20 00:13:02.515 10483  4853  4853 I wm_on_top_resumed_gained_called: [13684954,com.android.yadayada.DisclaimerActivity,topStateChangedWhenResumed]
12-20 00:13:02.519  1000  2130  2417 I sysui_multi_action: [319,83,322,81,325,20,757,761,758,8,759,2,806,com.android.yadayada,871,com.android.yadayada.DisclaimerActivity,904,com.android.yadayada,905,0,1320,4,1321,20]
12-20 00:13:02.520  1000  2130  2417 I wm_activity_launch_time: [0,13684954,com.android.yadayada/.DisclaimerActivity,81]
12-20 00:13:02.520 10231  3356  3652 V ShellTaskOrganizer: Task appeared taskId=6 listener=FullscreenTaskListener
12-20 00:13:02.520 10231  3356  3652 V ShellTaskOrganizer: Fullscreen Task Appeared: #6
12-20 00:13:02.520 10231  3356  3652 E SingleInstanceRemoteListener: Failed remote call on null listener
12-20 00:13:02.520  1000  2130  2417 V WindowManager: Sent Transition (#3) createdAt=12-20 00:13:02.439 via request=TransitionRequestInfo { type = OPEN, triggerTask = TaskInfo{userId=0 taskId=6 effectiveUid=10483 displayId=0 isRunning=true baseIntent=Intent { flg=0x10800000 cmp=com.android.yadayada/.DisclaimerActivity } baseActivity=ComponentInfo{com.android.yadayada/com.android.yadayada.DisclaimerActivity} topActivity=ComponentInfo{com.android.yadayada/com.android.yadayada.DisclaimerActivity} origActivity=null realActivity=ComponentInfo{com.android.yadayada/com.android.yadayada.DisclaimerActivity} numActivities=1 lastActiveTime=20448 supportsMultiWindow=true resizeMode=1 isResizeable=true minWidth=-1 minHeight=-1 defaultMinSize=220 token=WCT{RemoteToken{a3762db Task{b27890b #6 type=standard A=10483:com.android.yadayada}}} topActivityType=1 pictureInPictureParams=null shouldDockBigOverlays=false launchIntoPipHostTaskId=-1 lastParentTaskIdBeforePip=-1 displayCutoutSafeInsets=Rect(0, 128 - 0, 0) topActivityInfo=ActivityInfo{a160178 com.android.yadayada.DisclaimerActivity} launchCookies=[] positionInParent=Point(0, 0) parentTaskId=-1 isFocused=true isVisible=false isVisibleRequested=false isTopActivityNoDisplay=false isSleeping=true locusId=null displayAreaFeatureId=1 isTopActivityTransparent=true isActivityStackTransparent=true lastNonFullscreenBounds=Rect(276, 692 - 804, 1772) leafTaskBoundsFromOptions= false capturedLink=null capturedLinkTimestamp=0 requestedVisibleTypes=503 topActivityRequestOpenInBrowserEducationTimestamp=0 appCompatTaskInfo=AppCompatTaskInfo { topActivityInSizeCompat=false isLeafTask= true eligibleForLetterboxEducation= false isLetterboxEducationEnabled= false isLetterboxDoubleTapEnabled= false eligibleForUserAspectRatioButton= false topActivityBoundsLetterboxed= false isFromLetterboxDoubleTap= false topActivityLetterboxVerticalPosition= -1 topActivityLetterboxHorizontalPosition= -1 topActivityLetterboxWidth=-1 topActivityLetterboxHeight=-1 topActivityAppBounds=Rect(0, 128 - 1080, 2337) isUserFullscreenOverrideEnabled=false isSystemFullscreenOverrideEnabled=false hasMinAspectRatioOverride=false topActivityLetterboxBounds=null cameraCompatTaskInfo=CameraCompatTaskInfo { cameraCompatMode=undefinedundefined} topNonResizableActivityAspectRatio=-1.0} topActivityMainWindowFrame=null isAppBubble=false}, pipChange = null, remoteTransitionInfo = null, displayChange = null, requestedLocation = null, userChange = null, windowingLayerChange = null, fullscreenRequestChange = null, flags = 0, debugId = 3 }
12-20 00:13:02.520  1000  2130  2417 V WindowManager:     startWCT=WindowContainerTransaction { changes= {} hops= [] flags= 0 errorCallbackToken=null taskFragmentOrganizer=null }
12-20 00:13:02.521  1000  2130  2417 V WindowManager:     info={id=3 t=OPEN f=0x1040 trk=0 r=[0@Point(0, 0)] c=[
12-20 00:13:02.521  1000  2130  2417 V WindowManager:         {WCT{RemoteToken{a3762db Task{b27890b #6 type=standard A=10483:com.android.yadayada}}} m=OPEN f=TRANSLUCENT p=WCT{RemoteToken{aa16051 DefaultTaskDisplayArea@137613954}} leash=Surface(name=Task=6#88)/@0xd3ce88c sb=Rect(0, 0 - 1080, 2400) eb=Rect(0, 0 - 1080, 2400) epz=Point(1080, 2400) d=0 taskParent=-1 winMode=1 userId=0},
12-20 00:13:02.521  1000  2130  2417 V WindowManager:         {WCT{RemoteToken{aa16051 DefaultTaskDisplayArea@137613954}} m=TO_FRONT f=FLAG_IS_TASK_DISPLAY_AREA leash=Surface(name=DefaultTaskDisplayArea#10)/@0xdc463fe sb=Rect(0, 0 - 1080, 2400) eb=Rect(0, 0 - 1080, 2400) epz=Point(1080, 2400) d=0}
12-20 00:13:02.521  1000  2130  2417 V WindowManager:     ]}
12-20 00:13:02.522  1000  2130  2421 I wm_dim_created: [Task=6,94]
12-20 00:13:02.522  1000  2130  2421 I wm_dim_cancel_anim: [94,new target values]
12-20 00:13:02.523  1000  2130  2421 I wm_dim_animate: [94,0.600000,0.000000]
12-20 00:13:02.523 10231  3356  4564 V WindowManagerShell: onTransitionReady(transaction=9148280340887)
12-20 00:13:02.523 10231  3356  3652 V WindowManagerShell: onTransitionReady (#3) android.os.BinderProxy@6cc27ca: {id=3 t=OPEN f=0x1040 trk=0 r=[0@Point(0, 0)] c=[
12-20 00:13:02.523 10231  3356  3652 V WindowManagerShell:         {m=OPEN f=TRANSLUCENT p=WCT{android.os.BinderProxy@bbce21d} leash=Surface(name=Task=6#88)/@0xa3dd864 sb=Rect(0, 0 - 1080, 2400) eb=Rect(0, 0 - 1080, 2400) epz=Point(1080, 2400) d=0 taskParent=-1 winMode=1 userId=0},
12-20 00:13:02.523 10231  3356  3652 V WindowManagerShell:         {m=TO_FRONT f=FLAG_IS_TASK_DISPLAY_AREA leash=Surface(name=DefaultTaskDisplayArea#10)/@0xb9d0f2e sb=Rect(0, 0 - 1080, 2400) eb=Rect(0, 0 - 1080, 2400) epz=Point(1080, 2400) d=0}
12-20 00:13:02.523 10231  3356  3652 V WindowManagerShell:     ]}
12-20 00:13:02.524 10231  3356  3652 E SingleInstanceRemoteListener: Failed remote call on null listener
12-20 00:13:02.524 10231  3356  3652 V WindowManagerShell: Playing animation for (#3) android.os.BinderProxy@6cc27ca@0
12-20 00:13:02.524 10231  3356  3652 V WindowManagerShell: start keyguard occlude transition, info = {id=3 t=OPEN f=0x1040 trk=0 r=[0@Point(0, 0)] c=[{m=OPEN f=TRANSLUCENT p=WCT{android.os.BinderProxy@bbce21d} leash=Surface(name=Task=6#88)/@0xa3dd864 sb=Rect(0, 0 - 1080, 2400) eb=Rect(0, 0 - 1080, 2400) epz=Point(1080, 2400) d=0 taskParent=-1 winMode=1 userId=0},{m=TO_FRONT f=FLAG_IS_TASK_DISPLAY_AREA leash=Surface(name=DefaultTaskDisplayArea#10)/@0xb9d0f2e sb=Rect(0, 0 - 1080, 2400) eb=Rect(0, 0 - 1080, 2400) epz=Point(1080, 2400) d=0}]}
12-20 00:13:02.524 10231  3356  3652 D KeyguardService: Starts IRemoteAnimationRunner: info={id=3 t=OPEN f=0x1040 trk=0 r=[0@Point(0, 0)] c=[{m=OPEN f=TRANSLUCENT p=WCT{android.os.BinderProxy@bbce21d} leash=Surface(name=Task=6#88)/@0xa3dd864 sb=Rect(0, 0 - 1080, 2400) eb=Rect(0, 0 - 1080, 2400) epz=Point(1080, 2400) d=0 taskParent=-1 winMode=1 userId=0},{m=TO_FRONT f=FLAG_IS_TASK_DISPLAY_AREA leash=Surface(name=DefaultTaskDisplayArea#10)/@0xb9d0f2e sb=Rect(0, 0 - 1080, 2400) eb=Rect(0, 0 - 1080, 2400) epz=Point(1080, 2400) d=0}]}
12-20 00:13:02.525 10231  3356  3652 D KeyguardService: Unexpected transit type: 1
12-20 00:13:02.525 10231  3356  3720 I jank_cuj_events_begin_request: [64,1766185982525720000,20526708586,20526708667,OCCLUDE]
12-20 00:13:02.536 10231  3356  3652 V WindowManagerShell:  animated by com.android.wm.shell.keyguard.KeyguardTransitionHandler@5094613
12-20 00:13:02.536 10231  3356  3356 I sysui_keyguard: [1,0]
12-20 00:13:02.537 10231  3356  3356 I sysui_multi_action: [757,197,758,1,759,1]
12-20 00:13:02.537 10231  3356  3356 I sysui_status_bar_state: [1,1,1,1,1,0]
12-20 00:13:02.537 10231  3356  3720 I jank_cuj_events_cancel_request: [23,1766185982536988000,20537976734,20537976815]
12-20 00:13:02.538  1000  2130  2383 D CoreBackPreview: Window{b965ba8 u0 NotificationShade}: Setting back callback OnBackInvokedCallbackInfo{mCallback=android.window.IOnBackInvokedCallback$Stub$Proxy@96d5253, mPriority=0, mIsAnimationCallback=false, mOverrideBehavior=0}
12-20 00:13:02.538 10231  3356  3356 I sysui_multi_action: [757,196,758,1,759,1]
12-20 00:13:02.538 10231  3356  3356 I sysui_status_bar_state: [1,1,1,0,1,0]
12-20 00:13:02.541 10231  3356  3885 D Bubbles : handleKeyguardOrDreamChange isUnlockedShade=false keyguardShowing=true dreamingOrInPreview=false
12-20 00:13:02.541 10231  3356  3652 D Bubbles : BubbleController.onStatusBarStateChanged() isShade=false didChange=false mNotifEntryToExpandOnShadeUnlock=null
12-20 00:13:02.549  1000  2130  3271 W ActivityManager: Unable to start service Intent { act=android.service.quickaccesswallet.QuickAccessWalletService xflg=0x4 cmp=com.google.android.gms/.tapandpay.globalactions.WalletQuickAccessWalletService } U=0: not found
12-20 00:13:02.552  1000  2130  3332 I Telecom : TelecomServiceImpl$1: registerPhoneAccount: account=[[ ] PhoneAccount: ComponentInfo{com.android.phone/com.android.services.telephony.TelephonyConnectionService}, 2, UserHandle{0} Capabilities: CallProvider MultiUser PlaceEmerg SimSub  Audio Routes: BESW Schemes: tel voicemail  Extras: Bundle[{android.telecom.extra.SUPPORTS_VIDEO_CALLING_FALLBACK=true, android.telecom.extra.SORT_ORDER=0}] GroupId: *** SC Restrictions: [ ]]: TSI.rPA(cap)@ADQ
12-20 00:13:02.558  1000  2130  3332 I Telecom : PhoneAccountRegistrar: Modify account: [ComponentInfo{com.android.phone/com.android.services.telephony.TelephonyConnectionService}, 2, UserHandle{0}]: TSI.rPA(cap)@ADQ
12-20 00:13:02.569  1000  2130  3332 I Telecom : CallsManager: handlePhoneAccountChanged: phoneAccount=[[X] PhoneAccount: ComponentInfo{com.android.phone/com.android.services.telephony.TelephonyConnectionService}, 2, UserHandle{0} Capabilities: CallProvider MultiUser PlaceEmerg SimSub  Audio Routes: BESW Schemes: tel voicemail  Extras: Bundle[{android.telecom.extra.SUPPORTS_VIDEO_CALLING_FALLBACK=true, android.telecom.extra.SORT_ORDER=0}] GroupId: *** SC Restrictions: [ ]]: TSI.rPA(cap)@ADQ
12-20 00:13:02.576  1000  2130  3332 I Telecom : PhoneAccountRegistrar: getSimCallManager: SimCallManager for subId 2 queried, returning: null: TSI.rPA(cap)@ADQ
12-20 00:13:02.576  1000  2130  3332 I Telecom : PhoneAccountRegistrar: Notifying telephony of voice service override change for 1 SIMs, hasService = false: TSI.rPA(cap)@ADQ
12-20 00:13:02.588 10231  3356  3652 E SingleInstanceRemoteListener: Failed remote call on null listener
12-20 00:13:02.597  1000  2130  2421 I wm_dim_finish_anim: 94
